Archive member included because of file (symbol)

C:\Program Files (x86)\VEX Robotics\VEXcode V5 Text\sdk/vexv5\libv5rt.a(v5_startup.c.obj)
                              (vexStartup)
C:\Program Files (x86)\VEX Robotics\VEXcode V5 Text\sdk/vexv5\libv5rt.a(v5_util.c.obj)
                              C:\Program Files (x86)\VEX Robotics\VEXcode V5 Text\sdk/vexv5\libv5rt.a(v5_startup.c.obj) (vexStdlibVersionLinked)
C:\Program Files (x86)\VEX Robotics\VEXcode V5 Text\sdk/vexv5\libv5rt.a(v5_apijump.c.obj)
                              C:\Program Files (x86)\VEX Robotics\VEXcode V5 Text\sdk/vexv5\libv5rt.a(v5_startup.c.obj) (vexPrivateApiEnable)
C:\Program Files (x86)\VEX Robotics\VEXcode V5 Text\sdk/vexv5\libv5rt.a(v5_apiversions.c.obj)
                              C:\Program Files (x86)\VEX Robotics\VEXcode V5 Text\sdk/vexv5\libv5rt.a(v5_apijump.c.obj) (vexSystemVersion)
C:\Program Files (x86)\VEX Robotics\VEXcode V5 Text\sdk/vexv5\libv5rt.a(vex_global.cpp.obj)
                              build/src/functions.o (vex::transparent)
C:\Program Files (x86)\VEX Robotics\VEXcode V5 Text\sdk/vexv5\libv5rt.a(vex_motor.cpp.obj)
                              build/src/config.o (vex::motor::~motor())
C:\Program Files (x86)\VEX Robotics\VEXcode V5 Text\sdk/vexv5\libv5rt.a(vex_vision.cpp.obj)
                              build/src/config.o (vex::vision::~vision())
C:\Program Files (x86)\VEX Robotics\VEXcode V5 Text\sdk/vexv5\libv5rt.a(vex_controller.cpp.obj)
                              build/src/config.o (vex::controller::~controller())
C:\Program Files (x86)\VEX Robotics\VEXcode V5 Text\sdk/vexv5\libv5rt.a(vex_task.cpp.obj)
                              build/src/functions.o (vex::task::sleep(unsigned long))
C:\Program Files (x86)\VEX Robotics\VEXcode V5 Text\sdk/vexv5\libv5rt.a(vex_thread.cpp.obj)
                              C:\Program Files (x86)\VEX Robotics\VEXcode V5 Text\sdk/vexv5\libv5rt.a(vex_global.cpp.obj) (vex::this_thread::sleep_for(unsigned long))
C:\Program Files (x86)\VEX Robotics\VEXcode V5 Text\sdk/vexv5\libv5rt.a(vex_event.cpp.obj)
                              C:\Program Files (x86)\VEX Robotics\VEXcode V5 Text\sdk/vexv5\libv5rt.a(vex_controller.cpp.obj) (vex::event::init(unsigned long, unsigned long, void (*)()))
C:\Program Files (x86)\VEX Robotics\VEXcode V5 Text\sdk/vexv5\libv5rt.a(vex_mevent.cpp.obj)
                              C:\Program Files (x86)\VEX Robotics\VEXcode V5 Text\sdk/vexv5\libv5rt.a(vex_controller.cpp.obj) (vex::mevent::mevent(unsigned long, unsigned long))
C:\Program Files (x86)\VEX Robotics\VEXcode V5 Text\sdk/vexv5\libv5rt.a(vex_brain.cpp.obj)
                              build/src/config.o (vex::brain::~brain())
C:\Program Files (x86)\VEX Robotics\VEXcode V5 Text\sdk/vexv5\libv5rt.a(vex_competition.cpp.obj)
                              build/src/config.o (vex::competition::competition())
C:\Program Files (x86)\VEX Robotics\VEXcode V5 Text\sdk/vexv5\libv5rt.a(vex_triport.cpp.obj)
                              C:\Program Files (x86)\VEX Robotics\VEXcode V5 Text\sdk/vexv5\libv5rt.a(vex_brain.cpp.obj) (vex::triport::~triport())
C:\Program Files (x86)\VEX Robotics\VEXcode V5 Text\sdk/vexv5\libv5rt.a(vex_color.cpp.obj)
                              C:\Program Files (x86)\VEX Robotics\VEXcode V5 Text\sdk/vexv5\libv5rt.a(vex_brain.cpp.obj) (vex::color::operator unsigned long() const)
C:\Program Files (x86)\VEX Robotics\VEXcode V5 Text\sdk/vexv5\libv5rt.a(vex_timer.cpp.obj)
                              C:\Program Files (x86)\VEX Robotics\VEXcode V5 Text\sdk/vexv5\libv5rt.a(vex_brain.cpp.obj) (vex::timer::~timer())
C:\Program Files (x86)\VEX Robotics\VEXcode V5 Text\sdk/vexv5\libv5rt.a(v5_apiuser.c.obj)
                              C:\Program Files (x86)\VEX Robotics\VEXcode V5 Text\sdk/vexv5\libv5rt.a(vex_triport.cpp.obj) (vexAdiPortConfigSet)
C:\Program Files (x86)\VEX Robotics\VEXcode V5 Text\sdk/vexv5\libv5rt.a(vex_device.cpp.obj)
                              C:\Program Files (x86)\VEX Robotics\VEXcode V5 Text\sdk/vexv5\libv5rt.a(vex_triport.cpp.obj) (vex::device::value())
C:\Program Files (x86)\VEX Robotics\VEXcode V5 Text\sdk/vexv5/gcc/libs\libc.a(lib_a-fini.o)
                              C:\Program Files (x86)\VEX Robotics\VEXcode V5 Text\sdk/vexv5\libv5rt.a(v5_startup.c.obj) (__libc_fini_array)
C:\Program Files (x86)\VEX Robotics\VEXcode V5 Text\sdk/vexv5/gcc/libs\libc.a(lib_a-impure.o)
                              C:\Program Files (x86)\VEX Robotics\VEXcode V5 Text\sdk/vexv5\libv5rt.a(v5_startup.c.obj) (_impure_ptr)
C:\Program Files (x86)\VEX Robotics\VEXcode V5 Text\sdk/vexv5/gcc/libs\libc.a(lib_a-init.o)
                              C:\Program Files (x86)\VEX Robotics\VEXcode V5 Text\sdk/vexv5\libv5rt.a(v5_startup.c.obj) (__libc_init_array)
C:\Program Files (x86)\VEX Robotics\VEXcode V5 Text\sdk/vexv5/gcc/libs\libc.a(lib_a-tolower.o)
                              C:\Program Files (x86)\VEX Robotics\VEXcode V5 Text\sdk/vexv5\libv5rt.a(vex_brain.cpp.obj) (tolower)
[...]
Memory Configuration

Name             Origin             Length             Attributes
ps7_ddr_0_S_AXI_BASEADDR 0x03800000         0x04800000
*default*        0x00000000         0xffffffff

Linker script and memory map

                0x00002000                _STACK_SIZE = DEFINED (_STACK_SIZE)?_STACK_SIZE:0x2000
                0x00100000                _HEAP_SIZE = DEFINED (_HEAP_SIZE)?_HEAP_SIZE:0x100000
                0x00000400                _ABORT_STACK_SIZE = DEFINED (_ABORT_STACK_SIZE)?_ABORT_STACK_SIZE:0x400
                0x00000800                _SUPERVISOR_STACK_SIZE = DEFINED (_SUPERVISOR_STACK_SIZE)?_SUPERVISOR_STACK_SIZE:0x800
                0x00000400                _IRQ_STACK_SIZE = DEFINED (_IRQ_STACK_SIZE)?_IRQ_STACK_SIZE:0x400
                0x00000400                _FIQ_STACK_SIZE = DEFINED (_FIQ_STACK_SIZE)?_FIQ_STACK_SIZE:0x400
                0x00000400                _UNDEF_STACK_SIZE = DEFINED (_UNDEF_STACK_SIZE)?_UNDEF_STACK_SIZE:0x400

.text           0x03800000     0x7ea0
 *(.vectors)
 *(.boot_data)
 .boot_data     0x03800000       0x20 C:\Program Files (x86)\VEX Robotics\VEXcode V5 Text\sdk/vexv5\libv5rt.a(v5_startup.c.obj)
                0x03800000                vexCodeSig
                0x00000020                . = 0x20
 *(.boot)
 .boot          0x03800020       0xbc C:\Program Files (x86)\VEX Robotics\VEXcode V5 Text\sdk/vexv5\libv5rt.a(v5_startup.c.obj)
                0x03800020                vexStartup
                0x03800100                . = ALIGN (0x40)
 *fill*         0x038000dc       0x24 
 *(.freertos_vectors)
 *(.text)
 *(.text.*)
 .text._Z9robotInitb
                0x03800100       0x80 build/src/functions.o
                0x03800100                robotInit(bool)
 .text._Z11calibrationv
                0x03800180       0x50 build/src/functions.o
                0x03800180                calibration()
 .text._Z13AutonSelectori
                0x038001d0      0x258 build/src/functions.o
                0x038001d0                AutonSelector(int)
 .text._Z10MainScreenv
                0x03800428      0x338 build/src/functions.o
                0x03800428                MainScreen()
 .text._Z5Brakev
                0x03800760       0x2c build/src/functions.o
                0x03800760                Brake()
 *fill*         0x0380078c        0x4 
 .text._Z11IntakesMoved
                0x03800790       0x80 build/src/functions.o
                0x03800790                IntakesMove(double)
 .text._Z11IntakesStopv
                0x03800810       0x2c build/src/functions.o
                0x03800810                IntakesStop()
 *fill*         0x0380083c        0x4 
 .text._Z9SwingDownv
                0x03800840       0x50 build/src/functions.o
                0x03800840                SwingDown()
 .text._Z7SwingUpv
                0x03800890       0x50 build/src/functions.o
                0x03800890                SwingUp()
 .text._Z15SwingToLocationi
                0x038008e0      0x1c0 build/src/functions.o
                0x038008e0                SwingToLocation(int)
 .text._Z5R4BUpv
                0x03800aa0       0x74 build/src/functions.o
                0x03800aa0                R4BUp()
 .text._Z7R4BDownv
                0x03800b14       0x74 build/src/functions.o
                0x03800b14                R4BDown()
 .text._Z13R4BToLocationi
                0x03800b88       0xb8 build/src/functions.o
                0x03800b88                R4BToLocation(int)
 .text._Z9DropStackv
                0x03800c40       0x48 build/src/functions.o
                0x03800c40                DropStack()
 .text._Z5Sleepd
                0x03800c88       0x10 build/src/functions.o
                0x03800c88                Sleep(double)
 .text._Z8DistMovedi
                0x03800c98      0x1e8 build/src/functions.o
                0x03800c98                DistMove(double, int)
 .text._Z7DegTurndi
                0x03800e80       0x94 build/src/functions.o
                0x03800e80                DegTurn(double, int)
 .text._Z23AutonSelectorScreenInitv
                0x03800f14      0x2e0 build/src/functions.o
                0x03800f14                AutonSelectorScreenInit()
 .text._Z7AllStopv
                0x038011f4       0x68 build/src/functions.o
                0x038011f4                AllStop()
 *fill*         0x0380125c        0x4 
 .text._Z10VisionGoToiii
                0x03801260      0x1a8 build/src/functions.o
                0x03801260                VisionGoTo(int, int, int)
 .text._Z11GyroCurrentv
                0x03801408       0x68 build/src/functions.o
                0x03801408                GyroCurrent()
 .text._Z12AccelCurrentv
                0x03801470       0x54 build/src/functions.o
                0x03801470                AccelCurrent()
 .text._Z8autoLoopv
                0x038014c4      0x210 build/src/main.o
                0x038014c4                autoLoop()
 .text._Z14ControllerLoopv
                0x038016d4       0x28 build/src/main.o
                0x038016d4                ControllerLoop()
 *fill*         0x038016fc        0x4 
 .text.main     0x03801700       0x58 build/src/main.o
                0x03801700                main
 .text._ZN3vex6visionC2IJNS0_9signatureES2_S2_S2_S2_S2_S2_EEElhDpRT_
                0x03801758       0x64 build/src/config.o
                0x03801758                vex::vision::vision<vex::vision::signature, vex::vision::signature, vex::vision::signature, vex::vision::signature, vex::vision::signature, vex::vision::signature, vex::vision::signature>(long, unsigned char, vex::vision::signature&, vex::vision::signature&, vex::vision::signature&, vex::vision::signature&, vex::vision::signature&, vex::vision::signature&, vex::vision::signature&)
 .text._ZN3vex6vision7_setsigINS0_9signatureEJS2_S2_S2_S2_EEEvRT_DpRT0_
                0x038017bc       0x4c build/src/config.o
                0x038017bc                void vex::vision::_setsig<vex::vision::signature, vex::vision::signature, vex::vision::signature, vex::vision::signature, vex::vision::signature>(vex::vision::signature&, vex::vision::signature&, vex::vision::signature&, vex::vision::signature&, vex::vision::signature&)
 .text._GLOBAL__sub_I_config.cpp
                0x03801808      0x57c build/src/config.o
 .text._Z13FieldTemplatev
                0x03801d84      0xae0 build/src/VirtualField.o
                0x03801d84                FieldTemplate()
 *fill*         0x03802864        0x4 
 .text._Z13RobotTemplateddd
                0x03802868      0x3f8 build/src/VirtualField.o
                0x03802868                RobotTemplate(double, double, double)
 .text._Z17StartVirtualFieldiii
                0x03802c60       0x80 build/src/FieldVirtualization.o
                0x03802c60                StartVirtualField(int, int, int)
 .text._Z12VirtualFieldv
                0x03802ce0      0x4f8 build/src/FieldVirtualization.o
                0x03802ce0                VirtualField()
 .text._Z3BF3v  0x038031d8      0x1d0 build/src/Auton/BF3.o
                0x038031d8                BF3()
 .text._Z6Skillsv
                0x038033a8      0x328 build/src/Auton/Skills.o
                0x038033a8                Skills()
 .text._Z3RF3v  0x038036d0      0x1d0 build/src/Auton/RF3.o
                0x038036d0                RF3()
 .text._Z3RB5v  0x038038a0      0x198 build/src/Auton/RB5.o
                0x038038a0                RB5()
 .text._Z3RB1v  0x03803a38       0xb0 build/src/Auton/RB1.o
                0x03803a38                RB1()
 .text._Z9TestAutonv
                0x03803ae8       0x94 build/src/Auton/TestAuton.o
                0x03803ae8                TestAuton()
 *fill*         0x03803b7c        0x4 
 .text._Z3BB5v  0x03803b80      0x198 build/src/Auton/BB5.o
                0x03803b80                BB5()
 .text._Z3RF1v  0x03803d18       0xb0 build/src/Auton/RF1.o
                0x03803d18                RF1()
 .text._Z3BB1v  0x03803dc8       0xb0 build/src/Auton/BB1.o
                0x03803dc8                BB1()
 .text._Z16CarterControllerv
                0x03803e78      0x3c4 build/src/Controller_Profiles/CarterController.o
                0x03803e78                CarterController()
 .text._Z15OtherControllerv
                0x0380423c      0x3c0 build/src/Controller_Profiles/OtherController.o
                0x0380423c                OtherController()
 .text.vexMain  0x038045fc       0xb0 C:\Program Files (x86)\VEX Robotics\VEXcode V5 Text\sdk/vexv5\libv5rt.a(v5_startup.c.obj)
                0x038045fc                vexMain
 .text.__vex_function_prolog
                0x038046ac       0x18 C:\Program Files (x86)\VEX Robotics\VEXcode V5 Text\sdk/vexv5\libv5rt.a(v5_startup.c.obj)
                0x038046ac                __vex_function_prolog
 .text._init    0x038046c4        0x4 C:\Program Files (x86)\VEX Robotics\VEXcode V5 Text\sdk/vexv5\libv5rt.a(v5_startup.c.obj)
                0x038046c4                _init
 .text._fini    0x038046c8        0x4 C:\Program Files (x86)\VEX Robotics\VEXcode V5 Text\sdk/vexv5\libv5rt.a(v5_startup.c.obj)
                0x038046c8                _fini
 .text.vexStdlibVersionLinked
                0x038046cc        0xc C:\Program Files (x86)\VEX Robotics\VEXcode V5 Text\sdk/vexv5\libv5rt.a(v5_util.c.obj)
                0x038046cc                vexStdlibVersionLinked
 .text.vexStdlibVersionVerify
                0x038046d8       0x30 C:\Program Files (x86)\VEX Robotics\VEXcode V5 Text\sdk/vexv5\libv5rt.a(v5_util.c.obj)
                0x038046d8                vexStdlibVersionVerify
 .text.vexPrivateApiEnable
                0x03804708       0x10 C:\Program Files (x86)\VEX Robotics\VEXcode V5 Text\sdk/vexv5\libv5rt.a(v5_apijump.c.obj)
                0x03804708                vexPrivateApiEnable
 .text.vexStdlibMismatchError
                0x03804718       0x3c C:\Program Files (x86)\VEX Robotics\VEXcode V5 Text\sdk/vexv5\libv5rt.a(v5_apijump.c.obj)
                0x03804718                vexStdlibMismatchError
 .text.vexTaskAdd
                0x03804754       0x10 C:\Program Files (x86)\VEX Robotics\VEXcode V5 Text\sdk/vexv5\libv5rt.a(v5_apijump.c.obj)
                0x03804754                vexTaskAdd
 .text.vexTaskStop
                0x03804764       0x10 C:\Program Files (x86)\VEX Robotics\VEXcode V5 Text\sdk/vexv5\libv5rt.a(v5_apijump.c.obj)
                0x03804764                vexTaskStop
 .text.vexTasksRun
                0x03804774       0x10 C:\Program Files (x86)\VEX Robotics\VEXcode V5 Text\sdk/vexv5\libv5rt.a(v5_apijump.c.obj)
                0x03804774                vexTasksRun
 .text.vexTaskYield
                0x03804784       0x10 C:\Program Files (x86)\VEX Robotics\VEXcode V5 Text\sdk/vexv5\libv5rt.a(v5_apijump.c.obj)
                0x03804784                vexTaskYield
 .text.vexTaskCheckTimeslice
                0x03804794       0x10 C:\Program Files (x86)\VEX Robotics\VEXcode V5 Text\sdk/vexv5\libv5rt.a(v5_apijump.c.obj)
                0x03804794                vexTaskCheckTimeslice
 .text.vexTaskSleep
                0x038047a4       0x10 C:\Program Files (x86)\VEX Robotics\VEXcode V5 Text\sdk/vexv5\libv5rt.a(v5_apijump.c.obj)
                0x038047a4                vexTaskSleep
 .text.vexTasksDump
                0x038047b4       0x1c C:\Program Files (x86)\VEX Robotics\VEXcode V5 Text\sdk/vexv5\libv5rt.a(v5_apijump.c.obj)
                0x038047b4                vexTasksDump
 .text.vexTaskGetTaskIndex
                0x038047d0       0x10 C:\Program Files (x86)\VEX Robotics\VEXcode V5 Text\sdk/vexv5\libv5rt.a(v5_apijump.c.obj)
                0x038047d0                vexTaskGetTaskIndex
 .text.vexTaskStopAll
                0x038047e0       0x10 C:\Program Files (x86)\VEX Robotics\VEXcode V5 Text\sdk/vexv5\libv5rt.a(v5_apijump.c.obj)
                0x038047e0                vexTaskStopAll
 .text.vexTaskRemoveAllUser
                0x038047f0       0x34 C:\Program Files (x86)\VEX Robotics\VEXcode V5 Text\sdk/vexv5\libv5rt.a(v5_apijump.c.obj)
                0x038047f0                vexTaskRemoveAllUser
 .text.vexTaskCompletionIdSet
                0x03804824       0x10 C:\Program Files (x86)\VEX Robotics\VEXcode V5 Text\sdk/vexv5\libv5rt.a(v5_apijump.c.obj)
                0x03804824                vexTaskCompletionIdSet
 .text.vexCriticalSection
                0x03804834       0x2c C:\Program Files (x86)\VEX Robotics\VEXcode V5 Text\sdk/vexv5\libv5rt.a(v5_apijump.c.obj)
                0x03804834                vexCriticalSection
 .text.vexEventAdd
                0x03804860       0x34 C:\Program Files (x86)\VEX Robotics\VEXcode V5 Text\sdk/vexv5\libv5rt.a(v5_apijump.c.obj)
                0x03804860                vexEventAdd
 .text.vexEventUserIndexGet
                0x03804894       0x1c C:\Program Files (x86)\VEX Robotics\VEXcode V5 Text\sdk/vexv5\libv5rt.a(v5_apijump.c.obj)
                0x03804894                vexEventUserIndexGet
 .text.vexEventAddWithArg
                0x038048b0       0x3c C:\Program Files (x86)\VEX Robotics\VEXcode V5 Text\sdk/vexv5\libv5rt.a(v5_apijump.c.obj)
                0x038048b0                vexEventAddWithArg
 .text.vexEventsCleanup
                0x038048ec       0x2c C:\Program Files (x86)\VEX Robotics\VEXcode V5 Text\sdk/vexv5\libv5rt.a(v5_apijump.c.obj)
                0x038048ec                vexEventsCleanup
 .text.vexDebug
                0x03804918       0x38 C:\Program Files (x86)\VEX Robotics\VEXcode V5 Text\sdk/vexv5\libv5rt.a(v5_apijump.c.obj)
                0x03804918                vexDebug
 .text.vex_sprintf
                0x03804950       0x40 C:\Program Files (x86)\VEX Robotics\VEXcode V5 Text\sdk/vexv5\libv5rt.a(v5_apijump.c.obj)
                0x03804950                vex_sprintf
 .text.vex_vsnprintf
                0x03804990       0x3c C:\Program Files (x86)\VEX Robotics\VEXcode V5 Text\sdk/vexv5\libv5rt.a(v5_apijump.c.obj)
                0x03804990                vex_vsnprintf
 .text.vexSystemTimeGet
                0x038049cc       0x1c C:\Program Files (x86)\VEX Robotics\VEXcode V5 Text\sdk/vexv5\libv5rt.a(v5_apijump.c.obj)
                0x038049cc                vexSystemTimeGet
 .text.vexSystemExitRequest
                0x038049e8       0x1c C:\Program Files (x86)\VEX Robotics\VEXcode V5 Text\sdk/vexv5\libv5rt.a(v5_apijump.c.obj)
                0x038049e8                vexSystemExitRequest
 .text.vexDeviceGetByIndex
                0x03804a04       0x24 C:\Program Files (x86)\VEX Robotics\VEXcode V5 Text\sdk/vexv5\libv5rt.a(v5_apijump.c.obj)
                0x03804a04                vexDeviceGetByIndex
 .text.vexControllerGet
                0x03804a28       0x2c C:\Program Files (x86)\VEX Robotics\VEXcode V5 Text\sdk/vexv5\libv5rt.a(v5_apijump.c.obj)
                0x03804a28                vexControllerGet
 .text.vexControllerTextSet
                0x03804a54       0x74 C:\Program Files (x86)\VEX Robotics\VEXcode V5 Text\sdk/vexv5\libv5rt.a(v5_apijump.c.obj)
                0x03804a54                vexControllerTextSet
 .text.vexDeviceAdiPortConfigSet
                0x03804ac8       0x34 C:\Program Files (x86)\VEX Robotics\VEXcode V5 Text\sdk/vexv5\libv5rt.a(v5_apijump.c.obj)
                0x03804ac8                vexDeviceAdiPortConfigSet
 .text.vexDeviceAdiPortConfigGet
                0x03804afc       0x2c C:\Program Files (x86)\VEX Robotics\VEXcode V5 Text\sdk/vexv5\libv5rt.a(v5_apijump.c.obj)
                0x03804afc                vexDeviceAdiPortConfigGet
 .text.vexDeviceAdiValueSet
                0x03804b28       0x34 C:\Program Files (x86)\VEX Robotics\VEXcode V5 Text\sdk/vexv5\libv5rt.a(v5_apijump.c.obj)
                0x03804b28                vexDeviceAdiValueSet
 .text.vexDeviceAdiValueGet
                0x03804b5c       0x2c C:\Program Files (x86)\VEX Robotics\VEXcode V5 Text\sdk/vexv5\libv5rt.a(v5_apijump.c.obj)
                0x03804b5c                vexDeviceAdiValueGet
 .text.vexDeviceMotorVelocitySet
                0x03804b88       0x2c C:\Program Files (x86)\VEX Robotics\VEXcode V5 Text\sdk/vexv5\libv5rt.a(v5_apijump.c.obj)
                0x03804b88                vexDeviceMotorVelocitySet
 .text.vexDeviceMotorActualVelocityGet
                0x03804bb4       0x24 C:\Program Files (x86)\VEX Robotics\VEXcode V5 Text\sdk/vexv5\libv5rt.a(v5_apijump.c.obj)
                0x03804bb4                vexDeviceMotorActualVelocityGet
 .text.vexDeviceMotorTemperatureGet
                0x03804bd8       0x24 C:\Program Files (x86)\VEX Robotics\VEXcode V5 Text\sdk/vexv5\libv5rt.a(v5_apijump.c.obj)
                0x03804bd8                vexDeviceMotorTemperatureGet
 .text.vexDeviceMotorZeroPositionFlagGet
                0x03804bfc       0x24 C:\Program Files (x86)\VEX Robotics\VEXcode V5 Text\sdk/vexv5\libv5rt.a(v5_apijump.c.obj)
                0x03804bfc                vexDeviceMotorZeroPositionFlagGet
 .text.vexDeviceMotorReverseFlagSet
                0x03804c20       0x2c C:\Program Files (x86)\VEX Robotics\VEXcode V5 Text\sdk/vexv5\libv5rt.a(v5_apijump.c.obj)
                0x03804c20                vexDeviceMotorReverseFlagSet
 .text.vexDeviceMotorEncoderUnitsSet
                0x03804c4c       0x2c C:\Program Files (x86)\VEX Robotics\VEXcode V5 Text\sdk/vexv5\libv5rt.a(v5_apijump.c.obj)
                0x03804c4c                vexDeviceMotorEncoderUnitsSet
 .text.vexDeviceMotorBrakeModeSet
                0x03804c78       0x2c C:\Program Files (x86)\VEX Robotics\VEXcode V5 Text\sdk/vexv5\libv5rt.a(v5_apijump.c.obj)
                0x03804c78                vexDeviceMotorBrakeModeSet
 .text.vexDeviceMotorPositionSet
                0x03804ca4       0x34 C:\Program Files (x86)\VEX Robotics\VEXcode V5 Text\sdk/vexv5\libv5rt.a(v5_apijump.c.obj)
                0x03804ca4                vexDeviceMotorPositionSet
 .text.vexDeviceMotorPositionGet
                0x03804cd8       0x24 C:\Program Files (x86)\VEX Robotics\VEXcode V5 Text\sdk/vexv5\libv5rt.a(v5_apijump.c.obj)
                0x03804cd8                vexDeviceMotorPositionGet
 .text.vexDeviceMotorAbsoluteTargetSet
                0x03804cfc       0x3c C:\Program Files (x86)\VEX Robotics\VEXcode V5 Text\sdk/vexv5\libv5rt.a(v5_apijump.c.obj)
                0x03804cfc                vexDeviceMotorAbsoluteTargetSet
 .text.vexDeviceMotorRelativeTargetSet
                0x03804d38       0x3c C:\Program Files (x86)\VEX Robotics\VEXcode V5 Text\sdk/vexv5\libv5rt.a(v5_apijump.c.obj)
                0x03804d38                vexDeviceMotorRelativeTargetSet
 .text.vexDeviceMotorGearingSet
                0x03804d74       0x2c C:\Program Files (x86)\VEX Robotics\VEXcode V5 Text\sdk/vexv5\libv5rt.a(v5_apijump.c.obj)
                0x03804d74                vexDeviceMotorGearingSet
 .text.vexDeviceMotorGearingGet
                0x03804da0       0x24 C:\Program Files (x86)\VEX Robotics\VEXcode V5 Text\sdk/vexv5\libv5rt.a(v5_apijump.c.obj)
                0x03804da0                vexDeviceMotorGearingGet
 .text.vexDeviceVisionModeSet
                0x03804dc4       0x2c C:\Program Files (x86)\VEX Robotics\VEXcode V5 Text\sdk/vexv5\libv5rt.a(v5_apijump.c.obj)
                0x03804dc4                vexDeviceVisionModeSet
 .text.vexDeviceVisionObjectCountGet
                0x03804df0       0x24 C:\Program Files (x86)\VEX Robotics\VEXcode V5 Text\sdk/vexv5\libv5rt.a(v5_apijump.c.obj)
                0x03804df0                vexDeviceVisionObjectCountGet
 .text.vexDeviceVisionObjectGet
                0x03804e14       0x34 C:\Program Files (x86)\VEX Robotics\VEXcode V5 Text\sdk/vexv5\libv5rt.a(v5_apijump.c.obj)
                0x03804e14                vexDeviceVisionObjectGet
 .text.vexDeviceVisionSignatureSet
                0x03804e48       0x2c C:\Program Files (x86)\VEX Robotics\VEXcode V5 Text\sdk/vexv5\libv5rt.a(v5_apijump.c.obj)
                0x03804e48                vexDeviceVisionSignatureSet
 .text.vexDeviceVisionBrightnessSet
                0x03804e74       0x2c C:\Program Files (x86)\VEX Robotics\VEXcode V5 Text\sdk/vexv5\libv5rt.a(v5_apijump.c.obj)
                0x03804e74                vexDeviceVisionBrightnessSet
 .text.vexDeviceVisionLedModeSet
                0x03804ea0       0x2c C:\Program Files (x86)\VEX Robotics\VEXcode V5 Text\sdk/vexv5\libv5rt.a(v5_apijump.c.obj)
                0x03804ea0                vexDeviceVisionLedModeSet
 .text.vexDeviceVisionLedColorSet
                0x03804ecc       0x30 C:\Program Files (x86)\VEX Robotics\VEXcode V5 Text\sdk/vexv5\libv5rt.a(v5_apijump.c.obj)
                0x03804ecc                vexDeviceVisionLedColorSet
 .text.vexDeviceVisionWifiModeSet
                0x03804efc       0x2c C:\Program Files (x86)\VEX Robotics\VEXcode V5 Text\sdk/vexv5\libv5rt.a(v5_apijump.c.obj)
                0x03804efc                vexDeviceVisionWifiModeSet
 .text.vexDisplayForegroundColor
                0x03804f28       0x24 C:\Program Files (x86)\VEX Robotics\VEXcode V5 Text\sdk/vexv5\libv5rt.a(v5_apijump.c.obj)
                0x03804f28                vexDisplayForegroundColor
 .text.vexDisplayBackgroundColor
                0x03804f4c       0x24 C:\Program Files (x86)\VEX Robotics\VEXcode V5 Text\sdk/vexv5\libv5rt.a(v5_apijump.c.obj)
                0x03804f4c                vexDisplayBackgroundColor
 .text.vexDisplayBackgroundColorGet
                0x03804f70       0x1c C:\Program Files (x86)\VEX Robotics\VEXcode V5 Text\sdk/vexv5\libv5rt.a(v5_apijump.c.obj)
                0x03804f70                vexDisplayBackgroundColorGet
 .text.vexDisplayPixelSet
                0x03804f8c       0x38 C:\Program Files (x86)\VEX Robotics\VEXcode V5 Text\sdk/vexv5\libv5rt.a(v5_apijump.c.obj)
                0x03804f8c                vexDisplayPixelSet
 .text.vexDisplayLineDraw
                0x03804fc4       0x4c C:\Program Files (x86)\VEX Robotics\VEXcode V5 Text\sdk/vexv5\libv5rt.a(v5_apijump.c.obj)
                0x03804fc4                vexDisplayLineDraw
 .text.vexDisplayRectDraw
                0x03805010       0x4c C:\Program Files (x86)\VEX Robotics\VEXcode V5 Text\sdk/vexv5\libv5rt.a(v5_apijump.c.obj)
                0x03805010                vexDisplayRectDraw
 .text.vexDisplayRectClear
                0x0380505c       0x4c C:\Program Files (x86)\VEX Robotics\VEXcode V5 Text\sdk/vexv5\libv5rt.a(v5_apijump.c.obj)
                0x0380505c                vexDisplayRectClear
 .text.vexDisplayCircleDraw
                0x038050a8       0x40 C:\Program Files (x86)\VEX Robotics\VEXcode V5 Text\sdk/vexv5\libv5rt.a(v5_apijump.c.obj)
                0x038050a8                vexDisplayCircleDraw
 .text.vexDisplayCircleClear
                0x038050e8       0x40 C:\Program Files (x86)\VEX Robotics\VEXcode V5 Text\sdk/vexv5\libv5rt.a(v5_apijump.c.obj)
                0x038050e8                vexDisplayCircleClear
 .text.vexDisplayPrintf
                0x03805128       0x68 C:\Program Files (x86)\VEX Robotics\VEXcode V5 Text\sdk/vexv5\libv5rt.a(v5_apijump.c.obj)
                0x03805128                vexDisplayPrintf
 .text.vexDisplayTextReference
                0x03805190       0x24 C:\Program Files (x86)\VEX Robotics\VEXcode V5 Text\sdk/vexv5\libv5rt.a(v5_apijump.c.obj)
                0x03805190                vexDisplayTextReference
 .text.vexDisplayTextSize
                0x038051b4       0x2c C:\Program Files (x86)\VEX Robotics\VEXcode V5 Text\sdk/vexv5\libv5rt.a(v5_apijump.c.obj)
                0x038051b4                vexDisplayTextSize
 .text.vexDisplayFontNamedSet
                0x038051e0       0x24 C:\Program Files (x86)\VEX Robotics\VEXcode V5 Text\sdk/vexv5\libv5rt.a(v5_apijump.c.obj)
                0x038051e0                vexDisplayFontNamedSet
 .text.vexDisplayPenSizeSet
                0x03805204       0x24 C:\Program Files (x86)\VEX Robotics\VEXcode V5 Text\sdk/vexv5\libv5rt.a(v5_apijump.c.obj)
                0x03805204                vexDisplayPenSizeSet
 .text.vexDisplayPenSizeGet
                0x03805228       0x1c C:\Program Files (x86)\VEX Robotics\VEXcode V5 Text\sdk/vexv5\libv5rt.a(v5_apijump.c.obj)
                0x03805228                vexDisplayPenSizeGet
 .text.vexSystemStdlibImpureDataAddr
                0x03805244       0x28 C:\Program Files (x86)\VEX Robotics\VEXcode V5 Text\sdk/vexv5\libv5rt.a(v5_apijump.c.obj)
                0x03805244                vexSystemStdlibImpureDataAddr
 .text.vexSystemStdlibImpureDataSize
                0x0380526c       0x28 C:\Program Files (x86)\VEX Robotics\VEXcode V5 Text\sdk/vexv5\libv5rt.a(v5_apijump.c.obj)
                0x0380526c                vexSystemStdlibImpureDataSize
 .text.vexSystemSaveUserData
                0x03805294       0x3c C:\Program Files (x86)\VEX Robotics\VEXcode V5 Text\sdk/vexv5\libv5rt.a(v5_apijump.c.obj)
                0x03805294                vexSystemSaveUserData
 .text.vexTouchDataGet
                0x038052d0       0x10 C:\Program Files (x86)\VEX Robotics\VEXcode V5 Text\sdk/vexv5\libv5rt.a(v5_apijump.c.obj)
                0x038052d0                vexTouchDataGet
 .text.vexDisplayThemeIdGet
                0x038052e0       0x38 C:\Program Files (x86)\VEX Robotics\VEXcode V5 Text\sdk/vexv5\libv5rt.a(v5_apijump.c.obj)
                0x038052e0                vexDisplayThemeIdGet
 .text.vexCompetitionStatus
                0x03805318       0x1c C:\Program Files (x86)\VEX Robotics\VEXcode V5 Text\sdk/vexv5\libv5rt.a(v5_apijump.c.obj)
                0x03805318                vexCompetitionStatus
 .text.vexBatteryCapacityGet
                0x03805334       0x1c C:\Program Files (x86)\VEX Robotics\VEXcode V5 Text\sdk/vexv5\libv5rt.a(v5_apijump.c.obj)
                0x03805334                vexBatteryCapacityGet
 .text.vexDeviceEventMaskSet
                0x03805350       0x48 C:\Program Files (x86)\VEX Robotics\VEXcode V5 Text\sdk/vexv5\libv5rt.a(v5_apijump.c.obj)
                0x03805350                vexDeviceEventMaskSet
 .text.vexDeviceEventMaskGet
                0x03805398       0x3c C:\Program Files (x86)\VEX Robotics\VEXcode V5 Text\sdk/vexv5\libv5rt.a(v5_apijump.c.obj)
                0x03805398                vexDeviceEventMaskGet
 .text.vexSystemVersion
                0x038053d4       0x10 C:\Program Files (x86)\VEX Robotics\VEXcode V5 Text\sdk/vexv5\libv5rt.a(v5_apiversions.c.obj)
                0x038053d4                vexSystemVersion
 .text.vexStdlibVersion
                0x038053e4       0x10 C:\Program Files (x86)\VEX Robotics\VEXcode V5 Text\sdk/vexv5\libv5rt.a(v5_apiversions.c.obj)
                0x038053e4                vexStdlibVersion
 .text._ZN3vex5motor9installedEv
                0x038053f4       0x18 C:\Program Files (x86)\VEX Robotics\VEXcode V5 Text\sdk/vexv5\libv5rt.a(vex_motor.cpp.obj)
                0x038053f4                vex::motor::installed()
 .text._ZN3vex5motorD2Ev
                0x0380540c       0x20 C:\Program Files (x86)\VEX Robotics\VEXcode V5 Text\sdk/vexv5\libv5rt.a(vex_motor.cpp.obj)
                0x0380540c                vex::motor::~motor()
                0x0380540c                vex::motor::~motor()
 .text._ZN3vex5motor15defaultStoppingENS_9brakeTypeE
                0x0380542c       0x30 C:\Program Files (x86)\VEX Robotics\VEXcode V5 Text\sdk/vexv5\libv5rt.a(vex_motor.cpp.obj)
                0x0380542c                vex::motor::defaultStopping(vex::brakeType)
 .text._ZN3vex5motorC2El
                0x0380545c       0x78 C:\Program Files (x86)\VEX Robotics\VEXcode V5 Text\sdk/vexv5\libv5rt.a(vex_motor.cpp.obj)
                0x0380545c                vex::motor::motor(long)
                0x0380545c                vex::motor::motor(long)
 .text._ZN3vex5motorC2ElNS_11gearSettingEb
                0x038054d4       0x34 C:\Program Files (x86)\VEX Robotics\VEXcode V5 Text\sdk/vexv5\libv5rt.a(vex_motor.cpp.obj)
                0x038054d4                vex::motor::motor(long, vex::gearSetting, bool)
                0x038054d4                vex::motor::motor(long, vex::gearSetting, bool)
 .text._ZN3vex5motorC2ElNS_11gearSettingE
                0x03805508       0x24 C:\Program Files (x86)\VEX Robotics\VEXcode V5 Text\sdk/vexv5\libv5rt.a(vex_motor.cpp.obj)
                0x03805508                vex::motor::motor(long, vex::gearSetting)
                0x03805508                vex::motor::motor(long, vex::gearSetting)
 .text._ZN3vex5motor4stopENS_9brakeTypeE
                0x0380552c       0x30 C:\Program Files (x86)\VEX Robotics\VEXcode V5 Text\sdk/vexv5\libv5rt.a(vex_motor.cpp.obj)
                0x0380552c                vex::motor::stop(vex::brakeType)
 .text._ZN3vex5motor4stopEv
                0x0380555c        0x8 C:\Program Files (x86)\VEX Robotics\VEXcode V5 Text\sdk/vexv5\libv5rt.a(vex_motor.cpp.obj)
                0x0380555c                vex::motor::stop()
 *fill*         0x03805564        0x4 
 .text._ZN3vex5motor11temperatureENS_12percentUnitsE
                0x03805568       0x68 C:\Program Files (x86)\VEX Robotics\VEXcode V5 Text\sdk/vexv5\libv5rt.a(vex_motor.cpp.obj)
                0x03805568                vex::motor::temperature(vex::percentUnits)
 .text._ZN3vex5motor16velocityToScaledEdNS_13velocityUnitsE
                0x038055d0       0x5c C:\Program Files (x86)\VEX Robotics\VEXcode V5 Text\sdk/vexv5\libv5rt.a(vex_motor.cpp.obj)
                0x038055d0                vex::motor::velocityToScaled(double, vex::velocityUnits)
 .text._ZN3vex5motor8velocityENS_13velocityUnitsE
                0x0380562c       0x30 C:\Program Files (x86)\VEX Robotics\VEXcode V5 Text\sdk/vexv5\libv5rt.a(vex_motor.cpp.obj)
                0x0380562c                vex::motor::velocity(vex::velocityUnits)
 .text._ZN3vex5motor5valueEv
                0x0380565c       0x1c C:\Program Files (x86)\VEX Robotics\VEXcode V5 Text\sdk/vexv5\libv5rt.a(vex_motor.cpp.obj)
                0x0380565c                vex::motor::value()
 .text._ZN3vex5motor16scaledToVelocityEdNS_13velocityUnitsE
                0x03805678       0xa4 C:\Program Files (x86)\VEX Robotics\VEXcode V5 Text\sdk/vexv5\libv5rt.a(vex_motor.cpp.obj)
                0x03805678                vex::motor::scaledToVelocity(double, vex::velocityUnits)
 .text._ZN3vex5motor4spinENS_13directionTypeEdNS_13velocityUnitsE
                0x0380571c       0x5c C:\Program Files (x86)\VEX Robotics\VEXcode V5 Text\sdk/vexv5\libv5rt.a(vex_motor.cpp.obj)
                0x0380571c                vex::motor::spin(vex::directionType, double, vex::velocityUnits)
 .text._ZN3vex5motor16setRotationUnitsENS_13rotationUnitsE
                0x03805778       0x1c C:\Program Files (x86)\VEX Robotics\VEXcode V5 Text\sdk/vexv5\libv5rt.a(vex_motor.cpp.obj)
                0x03805778                vex::motor::setRotationUnits(vex::rotationUnits)
 .text._ZN3vex5motor11setRotationEdNS_13rotationUnitsE
                0x03805794       0x44 C:\Program Files (x86)\VEX Robotics\VEXcode V5 Text\sdk/vexv5\libv5rt.a(vex_motor.cpp.obj)
                0x03805794                vex::motor::setRotation(double, vex::rotationUnits)
 .text._ZN3vex5motor13resetRotationEv
                0x038057d8       0x20 C:\Program Files (x86)\VEX Robotics\VEXcode V5 Text\sdk/vexv5\libv5rt.a(vex_motor.cpp.obj)
                0x038057d8                vex::motor::resetRotation()
 .text._ZN3vex5motor8rotateToEdNS_13rotationUnitsEdNS_13velocityUnitsEb
                0x038057f8       0xc4 C:\Program Files (x86)\VEX Robotics\VEXcode V5 Text\sdk/vexv5\libv5rt.a(vex_motor.cpp.obj)
                0x038057f8                vex::motor::rotateTo(double, vex::rotationUnits, double, vex::velocityUnits, bool)
 .text._ZN3vex5motor13startRotateToEdNS_13rotationUnitsEdNS_13velocityUnitsE
                0x038058bc       0x34 C:\Program Files (x86)\VEX Robotics\VEXcode V5 Text\sdk/vexv5\libv5rt.a(vex_motor.cpp.obj)
                0x038058bc                vex::motor::startRotateTo(double, vex::rotationUnits, double, vex::velocityUnits)
 .text._ZN3vex5motor9rotateForEdNS_13rotationUnitsEdNS_13velocityUnitsEb
                0x038058f0       0xe0 C:\Program Files (x86)\VEX Robotics\VEXcode V5 Text\sdk/vexv5\libv5rt.a(vex_motor.cpp.obj)
                0x038058f0                vex::motor::rotateFor(double, vex::rotationUnits, double, vex::velocityUnits, bool)
 .text._ZN3vex5motor14startRotateForEdNS_13rotationUnitsEdNS_13velocityUnitsE
                0x038059d0       0x34 C:\Program Files (x86)\VEX Robotics\VEXcode V5 Text\sdk/vexv5\libv5rt.a(vex_motor.cpp.obj)
                0x038059d0                vex::motor::startRotateFor(double, vex::rotationUnits, double, vex::velocityUnits)
 .text._ZN3vex5motor8rotationENS_13rotationUnitsE
                0x03805a04       0x44 C:\Program Files (x86)\VEX Robotics\VEXcode V5 Text\sdk/vexv5\libv5rt.a(vex_motor.cpp.obj)
                0x03805a04                vex::motor::rotation(vex::rotationUnits)
 .text._ZN3vex6vision9installedEv
                0x03805a48       0x18 C:\Program Files (x86)\VEX Robotics\VEXcode V5 Text\sdk/vexv5\libv5rt.a(vex_vision.cpp.obj)
                0x03805a48                vex::vision::installed()
 .text._ZN3vex6visionD2Ev
                0x03805a60       0x38 C:\Program Files (x86)\VEX Robotics\VEXcode V5 Text\sdk/vexv5\libv5rt.a(vex_vision.cpp.obj)
                0x03805a60                vex::vision::~vision()
                0x03805a60                vex::vision::~vision()
 .text._ZN3vex6vision12setSignatureERNS0_9signatureE
                0x03805a98       0x70 C:\Program Files (x86)\VEX Robotics\VEXcode V5 Text\sdk/vexv5\libv5rt.a(vex_vision.cpp.obj)
                0x03805a98                vex::vision::setSignature(vex::vision::signature&)
 .text._ZN3vex6vision7setModeENS0_13detectionModeE
                0x03805b08       0x18 C:\Program Files (x86)\VEX Robotics\VEXcode V5 Text\sdk/vexv5\libv5rt.a(vex_vision.cpp.obj)
                0x03805b08                vex::vision::setMode(vex::vision::detectionMode)
 .text._ZN3vex6vision13setBrightnessEh
                0x03805b20       0x30 C:\Program Files (x86)\VEX Robotics\VEXcode V5 Text\sdk/vexv5\libv5rt.a(vex_vision.cpp.obj)
                0x03805b20                vex::vision::setBrightness(unsigned char)
 .text._ZN3vex6vision10setLedModeENS0_7ledModeE
                0x03805b50       0x18 C:\Program Files (x86)\VEX Robotics\VEXcode V5 Text\sdk/vexv5\libv5rt.a(vex_vision.cpp.obj)
                0x03805b50                vex::vision::setLedMode(vex::vision::ledMode)
 .text._ZN3vex6vision11setLedColorEhhh
                0x03805b68       0x30 C:\Program Files (x86)\VEX Robotics\VEXcode V5 Text\sdk/vexv5\libv5rt.a(vex_vision.cpp.obj)
                0x03805b68                vex::vision::setLedColor(unsigned char, unsigned char, unsigned char)
 .text._ZN3vex6vision11setWifiModeENS0_8wifiModeE
                0x03805b98       0x18 C:\Program Files (x86)\VEX Robotics\VEXcode V5 Text\sdk/vexv5\libv5rt.a(vex_vision.cpp.obj)
                0x03805b98                vex::vision::setWifiMode(vex::vision::wifiMode)
 .text._ZN3vex6vision9signatureD2Ev
                0x03805bb0        0x4 C:\Program Files (x86)\VEX Robotics\VEXcode V5 Text\sdk/vexv5\libv5rt.a(vex_vision.cpp.obj)
                0x03805bb0                vex::vision::signature::~signature()
                0x03805bb0                vex::vision::signature::~signature()
 .text._ZN3vex6vision9signature5clearEv
                0x03805bb4       0x38 C:\Program Files (x86)\VEX Robotics\VEXcode V5 Text\sdk/vexv5\libv5rt.a(vex_vision.cpp.obj)
                0x03805bb4                vex::vision::signature::clear()
 .text._ZN3vex6vision9signatureC2Ev
                0x03805bec       0x60 C:\Program Files (x86)\VEX Robotics\VEXcode V5 Text\sdk/vexv5\libv5rt.a(vex_vision.cpp.obj)
                0x03805bec                vex::vision::signature::signature()
                0x03805bec                vex::vision::signature::signature()
 .text._ZN3vex6vision9signatureC2Elllllllfl
                0x03805c4c       0x5c C:\Program Files (x86)\VEX Robotics\VEXcode V5 Text\sdk/vexv5\libv5rt.a(vex_vision.cpp.obj)
                0x03805c4c                vex::vision::signature::signature(long, long, long, long, long, long, long, float, long)
                0x03805c4c                vex::vision::signature::signature(long, long, long, long, long, long, long, float, long)
 .text._ZN3vex6vision6object3setE22_V5_DeviceVisionObject
                0x03805ca8       0x78 C:\Program Files (x86)\VEX Robotics\VEXcode V5 Text\sdk/vexv5\libv5rt.a(vex_vision.cpp.obj)
                0x03805ca8                vex::vision::object::set(_V5_DeviceVisionObject)
 .text._ZN3vex6vision6object5clearEv
                0x03805d20       0x38 C:\Program Files (x86)\VEX Robotics\VEXcode V5 Text\sdk/vexv5\libv5rt.a(vex_vision.cpp.obj)
                0x03805d20                vex::vision::object::clear()
 .text._ZN3vex6vision6objectC2Ev
                0x03805d58       0x58 C:\Program Files (x86)\VEX Robotics\VEXcode V5 Text\sdk/vexv5\libv5rt.a(vex_vision.cpp.obj)
                0x03805d58                vex::vision::object::object()
                0x03805d58                vex::vision::object::object()
 .text._ZN3vex6vision13_clearObjectsEv
                0x03805db0       0x40 C:\Program Files (x86)\VEX Robotics\VEXcode V5 Text\sdk/vexv5\libv5rt.a(vex_vision.cpp.obj)
                0x03805db0                vex::vision::_clearObjects()
 .text._ZN3vex6vision6objectaSERKS1_
                0x03805df0       0x74 C:\Program Files (x86)\VEX Robotics\VEXcode V5 Text\sdk/vexv5\libv5rt.a(vex_vision.cpp.obj)
                0x03805df0                vex::vision::object::operator=(vex::vision::object const&)
 .text._ZN3vex6vision12takeSnapshotEmm
                0x03805e64       0xf4 C:\Program Files (x86)\VEX Robotics\VEXcode V5 Text\sdk/vexv5\libv5rt.a(vex_vision.cpp.obj)
                0x03805e64                vex::vision::takeSnapshot(unsigned long, unsigned long)
 .text._ZN3vex6vision12takeSnapshotEm
                0x03805f58        0x8 C:\Program Files (x86)\VEX Robotics\VEXcode V5 Text\sdk/vexv5\libv5rt.a(vex_vision.cpp.obj)
                0x03805f58                vex::vision::takeSnapshot(unsigned long)
 .text._ZN3vex6vision5valueEv
                0x03805f60        0x8 C:\Program Files (x86)\VEX Robotics\VEXcode V5 Text\sdk/vexv5\libv5rt.a(vex_vision.cpp.obj)
                0x03805f60                vex::vision::value()
 .text._ZN3vex6vision12takeSnapshotERNS0_9signatureE
                0x03805f68       0x10 C:\Program Files (x86)\VEX Robotics\VEXcode V5 Text\sdk/vexv5\libv5rt.a(vex_vision.cpp.obj)
                0x03805f68                vex::vision::takeSnapshot(vex::vision::signature&)
 .text._ZN3vex6vision6objectaSEl
                0x03805f78       0x38 C:\Program Files (x86)\VEX Robotics\VEXcode V5 Text\sdk/vexv5\libv5rt.a(vex_vision.cpp.obj)
                0x03805f78                vex::vision::object::operator=(long)
 .text._ZN3vex6visionC2El
                0x03805fb0       0xa4 C:\Program Files (x86)\VEX Robotics\VEXcode V5 Text\sdk/vexv5\libv5rt.a(vex_vision.cpp.obj)
                0x03805fb0                vex::vision::vision(long)
                0x03805fb0                vex::vision::vision(long)
 .text._ZN3vex10controllerD2Ev
                0x03806054        0x4 C:\Program Files (x86)\VEX Robotics\VEXcode V5 Text\sdk/vexv5\libv5rt.a(vex_controller.cpp.obj)
                0x03806054                vex::controller::~controller()
                0x03806054                vex::controller::~controller()
 .text._ZN3vex10controller5valueE19_V5_ControllerIndex
                0x03806058        0x8 C:\Program Files (x86)\VEX Robotics\VEXcode V5 Text\sdk/vexv5\libv5rt.a(vex_controller.cpp.obj)
                0x03806058                vex::controller::value(_V5_ControllerIndex)
 .text._ZN3vex10controller6rumbleEPKc
                0x03806060       0x4c C:\Program Files (x86)\VEX Robotics\VEXcode V5 Text\sdk/vexv5\libv5rt.a(vex_controller.cpp.obj)
                0x03806060                vex::controller::rumble(char const*)
 .text._ZN3vex10controller6button8pressingEv
                0x038060ac       0xc8 C:\Program Files (x86)\VEX Robotics\VEXcode V5 Text\sdk/vexv5\libv5rt.a(vex_controller.cpp.obj)
                0x038060ac                vex::controller::button::pressing()
 .text._ZN3vex10controller6button21_buttonToPressedEventEv
                0x03806174       0x20 C:\Program Files (x86)\VEX Robotics\VEXcode V5 Text\sdk/vexv5\libv5rt.a(vex_controller.cpp.obj)
                0x03806174                vex::controller::button::_buttonToPressedEvent()
 .text._ZN3vex10controller6button22_buttonToReleasedEventEv
                0x03806194       0x20 C:\Program Files (x86)\VEX Robotics\VEXcode V5 Text\sdk/vexv5\libv5rt.a(vex_controller.cpp.obj)
                0x03806194                vex::controller::button::_buttonToReleasedEvent()
 .text._ZN3vex10controller6buttonC2ENS0_11tButtonTypeEPS0_
                0x038061b4       0x48 C:\Program Files (x86)\VEX Robotics\VEXcode V5 Text\sdk/vexv5\libv5rt.a(vex_controller.cpp.obj)
                0x038061b4                vex::controller::button::button(vex::controller::tButtonType, vex::controller*)
                0x038061b4                vex::controller::button::button(vex::controller::tButtonType, vex::controller*)
 .text._ZN3vex10controller4axis5valueEv
                0x038061fc       0x58 C:\Program Files (x86)\VEX Robotics\VEXcode V5 Text\sdk/vexv5\libv5rt.a(vex_controller.cpp.obj)
                0x038061fc                vex::controller::axis::value()
 .text._ZN3vex10controller4axis8positionENS_12percentUnitsE
                0x03806254       0x1c C:\Program Files (x86)\VEX Robotics\VEXcode V5 Text\sdk/vexv5\libv5rt.a(vex_controller.cpp.obj)
                0x03806254                vex::controller::axis::position(vex::percentUnits)
 .text._ZN3vex10controller4axis23_joystickToChangedEventEv
                0x03806270       0x20 C:\Program Files (x86)\VEX Robotics\VEXcode V5 Text\sdk/vexv5\libv5rt.a(vex_controller.cpp.obj)
                0x03806270                vex::controller::axis::_joystickToChangedEvent()
 .text._ZN3vex10controller4axisC2ENS0_9tAxisTypeEPS0_
                0x03806290       0x2c C:\Program Files (x86)\VEX Robotics\VEXcode V5 Text\sdk/vexv5\libv5rt.a(vex_controller.cpp.obj)
                0x03806290                vex::controller::axis::axis(vex::controller::tAxisType, vex::controller*)
                0x03806290                vex::controller::axis::axis(vex::controller::tAxisType, vex::controller*)
 .text._ZN3vex10controllerC2ENS_14controllerTypeE
                0x038062bc      0x204 C:\Program Files (x86)\VEX Robotics\VEXcode V5 Text\sdk/vexv5\libv5rt.a(vex_controller.cpp.obj)
                0x038062bc                vex::controller::controller(vex::controllerType)
                0x038062bc                vex::controller::controller(vex::controllerType)
 .text._ZN3vex4taskC2EPFivE
                0x038064c0       0x54 C:\Program Files (x86)\VEX Robotics\VEXcode V5 Text\sdk/vexv5\libv5rt.a(vex_task.cpp.obj)
                0x038064c0                vex::task::task(int (*)())
                0x038064c0                vex::task::task(int (*)())
 .text._ZN3vex4taskD2Ev
                0x03806514        0x4 C:\Program Files (x86)\VEX Robotics\VEXcode V5 Text\sdk/vexv5\libv5rt.a(vex_task.cpp.obj)
                0x03806514                vex::task::~task()
                0x03806514                vex::task::~task()
 .text._ZN3vex4task4stopEPFivE
                0x03806518        0xc C:\Program Files (x86)\VEX Robotics\VEXcode V5 Text\sdk/vexv5\libv5rt.a(vex_task.cpp.obj)
                0x03806518                vex::task::stop(int (*)())
 .text._ZN3vex4task5sleepEm
                0x03806524        0x4 C:\Program Files (x86)\VEX Robotics\VEXcode V5 Text\sdk/vexv5\libv5rt.a(vex_task.cpp.obj)
                0x03806524                vex::task::sleep(unsigned long)
 .text._ZN3vex4task6_indexEPFivE
                0x03806528       0x14 C:\Program Files (x86)\VEX Robotics\VEXcode V5 Text\sdk/vexv5\libv5rt.a(vex_task.cpp.obj)
                0x03806528                vex::task::_index(int (*)())
 .text._ZN3vex4task8_stopAllEv
                0x0380653c       0x3c C:\Program Files (x86)\VEX Robotics\VEXcode V5 Text\sdk/vexv5\libv5rt.a(vex_task.cpp.obj)
                0x0380653c                vex::task::_stopAll()
 .text._ZN3vex5event4initEmmPFvvE
                0x03806578        0x4 C:\Program Files (x86)\VEX Robotics\VEXcode V5 Text\sdk/vexv5\libv5rt.a(vex_event.cpp.obj)
                0x03806578                vex::event::init(unsigned long, unsigned long, void (*)())
 .text._ZN3vex5event4initEmmPFvPvES1_
                0x0380657c        0x4 C:\Program Files (x86)\VEX Robotics\VEXcode V5 Text\sdk/vexv5\libv5rt.a(vex_event.cpp.obj)
                0x0380657c                vex::event::init(unsigned long, unsigned long, void (*)(void*), void*)
 .text._ZN3vex5event9userindexEv
                0x03806580        0x4 C:\Program Files (x86)\VEX Robotics\VEXcode V5 Text\sdk/vexv5\libv5rt.a(vex_event.cpp.obj)
                0x03806580                vex::event::userindex()
 .text._ZZN3vex6meventC4EmmENUlvE_4_FUNEv
                0x03806584        0x4 C:\Program Files (x86)\VEX Robotics\VEXcode V5 Text\sdk/vexv5\libv5rt.a(vex_mevent.cpp.obj)
 .text._ZN3vex6meventC2Emm
                0x03806588       0x70 C:\Program Files (x86)\VEX Robotics\VEXcode V5 Text\sdk/vexv5\libv5rt.a(vex_mevent.cpp.obj)
                0x03806588                vex::mevent::mevent(unsigned long, unsigned long)
                0x03806588                vex::mevent::mevent(unsigned long, unsigned long)
 .text._ZN3vex5brainD2Ev
                0x038065f8       0x20 C:\Program Files (x86)\VEX Robotics\VEXcode V5 Text\sdk/vexv5\libv5rt.a(vex_brain.cpp.obj)
                0x038065f8                vex::brain::~brain()
                0x038065f8                vex::brain::~brain()
 .text._ZN3vex5brain9_getIndexEv
                0x03806618       0x10 C:\Program Files (x86)\VEX Robotics\VEXcode V5 Text\sdk/vexv5\libv5rt.a(vex_brain.cpp.obj)
                0x03806618                vex::brain::_getIndex()
 .text._ZN3vex5brain5timerENS_9timeUnitsE
                0x03806628        0x4 C:\Program Files (x86)\VEX Robotics\VEXcode V5 Text\sdk/vexv5\libv5rt.a(vex_brain.cpp.obj)
                0x03806628                vex::brain::timer(vex::timeUnits)
 .text._ZN3vex5brain10resetTimerEv
                0x0380662c        0x4 C:\Program Files (x86)\VEX Robotics\VEXcode V5 Text\sdk/vexv5\libv5rt.a(vex_brain.cpp.obj)
                0x0380662c                vex::brain::resetTimer()
 .text._ZN3vex5brain3lcd9setCursorEll
                0x03806630       0x44 C:\Program Files (x86)\VEX Robotics\VEXcode V5 Text\sdk/vexv5\libv5rt.a(vex_brain.cpp.obj)
                0x03806630                vex::brain::lcd::setCursor(long, long)
 .text._ZN3vex5brain3lcd7setFontENS_8fontTypeE
                0x03806674      0x23c C:\Program Files (x86)\VEX Robotics\VEXcode V5 Text\sdk/vexv5\libv5rt.a(vex_brain.cpp.obj)
                0x03806674                vex::brain::lcd::setFont(vex::fontType)
 .text._ZN3vex5brain3lcdC2Ev
                0x038068b0       0x94 C:\Program Files (x86)\VEX Robotics\VEXcode V5 Text\sdk/vexv5\libv5rt.a(vex_brain.cpp.obj)
                0x038068b0                vex::brain::lcd::lcd()
                0x038068b0                vex::brain::lcd::lcd()
 .text._ZN3vex5brainC2Ev
                0x03806944       0x38 C:\Program Files (x86)\VEX Robotics\VEXcode V5 Text\sdk/vexv5\libv5rt.a(vex_brain.cpp.obj)
                0x03806944                vex::brain::brain()
                0x03806944                vex::brain::brain()
 .text._ZN3vex5brain3lcd11setPenWidthEm
                0x0380697c       0x24 C:\Program Files (x86)\VEX Robotics\VEXcode V5 Text\sdk/vexv5\libv5rt.a(vex_brain.cpp.obj)
                0x0380697c                vex::brain::lcd::setPenWidth(unsigned long)
 .text._ZN3vex5brain3lcd11setPenColorERKNS_5colorE
                0x038069a0       0x14 C:\Program Files (x86)\VEX Robotics\VEXcode V5 Text\sdk/vexv5\libv5rt.a(vex_brain.cpp.obj)
                0x038069a0                vex::brain::lcd::setPenColor(vex::color const&)
 .text._ZN3vex5brain3lcd12setFillColorERKNS_5colorE
                0x038069b4       0x38 C:\Program Files (x86)\VEX Robotics\VEXcode V5 Text\sdk/vexv5\libv5rt.a(vex_brain.cpp.obj)
                0x038069b4                vex::brain::lcd::setFillColor(vex::color const&)
 .text._ZN3vex5brain3lcd7printAtEllPKcz
                0x038069ec       0x6c C:\Program Files (x86)\VEX Robotics\VEXcode V5 Text\sdk/vexv5\libv5rt.a(vex_brain.cpp.obj)
                0x038069ec                vex::brain::lcd::printAt(long, long, char const*, ...)
 .text._ZN3vex5brain3lcd12_clearScreenEm
                0x03806a58       0x38 C:\Program Files (x86)\VEX Robotics\VEXcode V5 Text\sdk/vexv5\libv5rt.a(vex_brain.cpp.obj)
                0x03806a58                vex::brain::lcd::_clearScreen(unsigned long)
 .text._ZN3vex5brain3lcd11clearScreenERKNS_5colorE
                0x03806a90       0x20 C:\Program Files (x86)\VEX Robotics\VEXcode V5 Text\sdk/vexv5\libv5rt.a(vex_brain.cpp.obj)
                0x03806a90                vex::brain::lcd::clearScreen(vex::color const&)
 .text._ZN3vex5brain3lcd11clearScreenEv
                0x03806ab0       0x2c C:\Program Files (x86)\VEX Robotics\VEXcode V5 Text\sdk/vexv5\libv5rt.a(vex_brain.cpp.obj)
                0x03806ab0                vex::brain::lcd::clearScreen()
 .text._ZN3vex5brain3lcd9drawPixelEii
                0x03806adc       0x14 C:\Program Files (x86)\VEX Robotics\VEXcode V5 Text\sdk/vexv5\libv5rt.a(vex_brain.cpp.obj)
                0x03806adc                vex::brain::lcd::drawPixel(int, int)
 .text._ZN3vex5brain3lcd8drawLineEiiii
                0x03806af0      0x2c4 C:\Program Files (x86)\VEX Robotics\VEXcode V5 Text\sdk/vexv5\libv5rt.a(vex_brain.cpp.obj)
                0x03806af0                vex::brain::lcd::drawLine(int, int, int, int)
 .text._ZN3vex5brain3lcd13drawRectangleEiiii
                0x03806db4       0xdc C:\Program Files (x86)\VEX Robotics\VEXcode V5 Text\sdk/vexv5\libv5rt.a(vex_brain.cpp.obj)
                0x03806db4                vex::brain::lcd::drawRectangle(int, int, int, int)
 .text._ZN3vex5brain3lcd10drawCircleEiii
                0x03806e90       0xa4 C:\Program Files (x86)\VEX Robotics\VEXcode V5 Text\sdk/vexv5\libv5rt.a(vex_brain.cpp.obj)
                0x03806e90                vex::brain::lcd::drawCircle(int, int, int)
 .text._ZN3vex5brain3lcd9xPositionEv
                0x03806f34       0x24 C:\Program Files (x86)\VEX Robotics\VEXcode V5 Text\sdk/vexv5\libv5rt.a(vex_brain.cpp.obj)
                0x03806f34                vex::brain::lcd::xPosition()
 .text._ZN3vex5brain3lcd9yPositionEv
                0x03806f58       0x24 C:\Program Files (x86)\VEX Robotics\VEXcode V5 Text\sdk/vexv5\libv5rt.a(vex_brain.cpp.obj)
                0x03806f58                vex::brain::lcd::yPosition()
 .text._ZN3vex5brain3lcd8pressingEv
                0x03806f7c       0x20 C:\Program Files (x86)\VEX Robotics\VEXcode V5 Text\sdk/vexv5\libv5rt.a(vex_brain.cpp.obj)
                0x03806f7c                vex::brain::lcd::pressing()
 .text._ZN3vex5brain7battery8capacityENS_12percentUnitsE
                0x03806f9c       0x18 C:\Program Files (x86)\VEX Robotics\VEXcode V5 Text\sdk/vexv5\libv5rt.a(vex_brain.cpp.obj)
                0x03806f9c                vex::brain::battery::capacity(vex::percentUnits)
 .text._ZN3vex11competition8_disableEPv
                0x03806fb4       0x9c C:\Program Files (x86)\VEX Robotics\VEXcode V5 Text\sdk/vexv5\libv5rt.a(vex_competition.cpp.obj)
                0x03806fb4                vex::competition::_disable(void*)
 .text._ZN3vex11competition11_autonomousEv
                0x03807050       0x7c C:\Program Files (x86)\VEX Robotics\VEXcode V5 Text\sdk/vexv5\libv5rt.a(vex_competition.cpp.obj)
                0x03807050                vex::competition::_autonomous()
 .text._ZN3vex11competition14_drivercontrolEv
                0x038070cc       0x7c C:\Program Files (x86)\VEX Robotics\VEXcode V5 Text\sdk/vexv5\libv5rt.a(vex_competition.cpp.obj)
                0x038070cc                vex::competition::_drivercontrol()
 .text._ZN3vex11competitionC2Ev
                0x03807148      0x13c C:\Program Files (x86)\VEX Robotics\VEXcode V5 Text\sdk/vexv5\libv5rt.a(vex_competition.cpp.obj)
                0x03807148                vex::competition::competition()
                0x03807148                vex::competition::competition()
 .text._ZN3vex11competitionD2Ev
                0x03807284        0x4 C:\Program Files (x86)\VEX Robotics\VEXcode V5 Text\sdk/vexv5\libv5rt.a(vex_competition.cpp.obj)
                0x03807284                vex::competition::~competition()
                0x03807284                vex::competition::~competition()
 .text._ZN3vex11competition10autonomousEPFvvE
                0x03807288       0x44 C:\Program Files (x86)\VEX Robotics\VEXcode V5 Text\sdk/vexv5\libv5rt.a(vex_competition.cpp.obj)
                0x03807288                vex::competition::autonomous(void (*)())
 .text._ZN3vex11competition13drivercontrolEPFvvE
                0x038072cc       0x44 C:\Program Files (x86)\VEX Robotics\VEXcode V5 Text\sdk/vexv5\libv5rt.a(vex_competition.cpp.obj)
                0x038072cc                vex::competition::drivercontrol(void (*)())
 .text._ZN3vex11competition9isEnabledEv
                0x03807310       0x14 C:\Program Files (x86)\VEX Robotics\VEXcode V5 Text\sdk/vexv5\libv5rt.a(vex_competition.cpp.obj)
                0x03807310                vex::competition::isEnabled()
 .text._ZN3vex11competition15isDriverControlEv
                0x03807324       0x14 C:\Program Files (x86)\VEX Robotics\VEXcode V5 Text\sdk/vexv5\libv5rt.a(vex_competition.cpp.obj)
                0x03807324                vex::competition::isDriverControl()
 .text._ZN3vex11competition12isAutonomousEv
                0x03807338       0x14 C:\Program Files (x86)\VEX Robotics\VEXcode V5 Text\sdk/vexv5\libv5rt.a(vex_competition.cpp.obj)
                0x03807338                vex::competition::isAutonomous()
 .text._ZN3vex7triport9installedEv
                0x0380734c       0x18 C:\Program Files (x86)\VEX Robotics\VEXcode V5 Text\sdk/vexv5\libv5rt.a(vex_triport.cpp.obj)
                0x0380734c                vex::triport::installed()
 .text._ZN3vex7triportD2Ev
                0x03807364       0x38 C:\Program Files (x86)\VEX Robotics\VEXcode V5 Text\sdk/vexv5\libv5rt.a(vex_triport.cpp.obj)
                0x03807364                vex::triport::~triport()
                0x03807364                vex::triport::~triport()
 .text._ZN3vex7triport4portC2ElPS0_
                0x0380739c       0x90 C:\Program Files (x86)\VEX Robotics\VEXcode V5 Text\sdk/vexv5\libv5rt.a(vex_triport.cpp.obj)
                0x0380739c                vex::triport::port::port(long, vex::triport*)
                0x0380739c                vex::triport::port::port(long, vex::triport*)
 .text._ZN3vex7triportC2El
                0x0380742c       0xf0 C:\Program Files (x86)\VEX Robotics\VEXcode V5 Text\sdk/vexv5\libv5rt.a(vex_triport.cpp.obj)
                0x0380742c                vex::triport::triport(long)
                0x0380742c                vex::triport::triport(long)
 .text._ZN3vex7triport4port4typeENS_11triportTypeE
                0x0380751c       0x34 C:\Program Files (x86)\VEX Robotics\VEXcode V5 Text\sdk/vexv5\libv5rt.a(vex_triport.cpp.obj)
                0x0380751c                vex::triport::port::type(vex::triportType)
 .text._ZN3vex7triport4port4typeEv
                0x03807550       0x38 C:\Program Files (x86)\VEX Robotics\VEXcode V5 Text\sdk/vexv5\libv5rt.a(vex_triport.cpp.obj)
                0x03807550                vex::triport::port::type()
 .text._ZN3vex7triport4port5valueEv
                0x03807588       0x14 C:\Program Files (x86)\VEX Robotics\VEXcode V5 Text\sdk/vexv5\libv5rt.a(vex_triport.cpp.obj)
                0x03807588                vex::triport::port::value()
 .text._ZN3vex7triport4port5valueEl
                0x0380759c       0x18 C:\Program Files (x86)\VEX Robotics\VEXcode V5 Text\sdk/vexv5\libv5rt.a(vex_triport.cpp.obj)
                0x0380759c                vex::triport::port::value(long)
 .text._ZN3vex7triport4port14_convertAnalogENS_11analogUnitsE
                0x038075b4       0x58 C:\Program Files (x86)\VEX Robotics\VEXcode V5 Text\sdk/vexv5\libv5rt.a(vex_triport.cpp.obj)
                0x038075b4                vex::triport::port::_convertAnalog(vex::analogUnits)
 .text._ZN3vex11__trideviceC2ERNS_7triport4portENS_11triportTypeE
                0x0380760c       0x5c C:\Program Files (x86)\VEX Robotics\VEXcode V5 Text\sdk/vexv5\libv5rt.a(vex_triport.cpp.obj)
                0x0380760c                vex::__tridevice::__tridevice(vex::triport::port&, vex::triportType)
                0x0380760c                vex::__tridevice::__tridevice(vex::triport::port&, vex::triportType)
 .text._ZN3vex11__tridevice14_convertAnalogENS_11analogUnitsE
                0x03807668        0x8 C:\Program Files (x86)\VEX Robotics\VEXcode V5 Text\sdk/vexv5\libv5rt.a(vex_triport.cpp.obj)
                0x03807668                vex::__tridevice::_convertAnalog(vex::analogUnits)
 .text._ZN3vex5limitC2ERNS_7triport4portE
                0x03807670       0x28 C:\Program Files (x86)\VEX Robotics\VEXcode V5 Text\sdk/vexv5\libv5rt.a(vex_triport.cpp.obj)
                0x03807670                vex::limit::limit(vex::triport::port&)
                0x03807670                vex::limit::limit(vex::triport::port&)
 .text._ZN3vex5limitD2Ev
                0x03807698        0x4 C:\Program Files (x86)\VEX Robotics\VEXcode V5 Text\sdk/vexv5\libv5rt.a(vex_triport.cpp.obj)
                0x03807698                vex::limit::~limit()
                0x03807698                vex::limit::~limit()
 .text._ZN3vex5limit5valueEv
                0x0380769c        0x8 C:\Program Files (x86)\VEX Robotics\VEXcode V5 Text\sdk/vexv5\libv5rt.a(vex_triport.cpp.obj)
                0x0380769c                vex::limit::value()
 .text._ZN3vex4gyroC2ERNS_7triport4portE
                0x038076a4       0x34 C:\Program Files (x86)\VEX Robotics\VEXcode V5 Text\sdk/vexv5\libv5rt.a(vex_triport.cpp.obj)
                0x038076a4                vex::gyro::gyro(vex::triport::port&)
                0x038076a4                vex::gyro::gyro(vex::triport::port&)
 .text._ZN3vex4gyroD2Ev
                0x038076d8        0x4 C:\Program Files (x86)\VEX Robotics\VEXcode V5 Text\sdk/vexv5\libv5rt.a(vex_triport.cpp.obj)
                0x038076d8                vex::gyro::~gyro()
                0x038076d8                vex::gyro::~gyro()
 *fill*         0x038076dc        0x4 
 .text._ZN3vex4gyro5valueENS_13rotationUnitsE
                0x038076e0       0x50 C:\Program Files (x86)\VEX Robotics\VEXcode V5 Text\sdk/vexv5\libv5rt.a(vex_triport.cpp.obj)
                0x038076e0                vex::gyro::value(vex::rotationUnits)
 .text._ZN3vex4gyro16startCalibrationEl
                0x03807730       0x20 C:\Program Files (x86)\VEX Robotics\VEXcode V5 Text\sdk/vexv5\libv5rt.a(vex_triport.cpp.obj)
                0x03807730                vex::gyro::startCalibration(long)
 .text._ZN3vex4gyro13isCalibratingEv
                0x03807750       0x38 C:\Program Files (x86)\VEX Robotics\VEXcode V5 Text\sdk/vexv5\libv5rt.a(vex_triport.cpp.obj)
                0x03807750                vex::gyro::isCalibrating()
 .text._ZN3vex13accelerometerC2ERNS_7triport4portEb
                0x03807788       0x28 C:\Program Files (x86)\VEX Robotics\VEXcode V5 Text\sdk/vexv5\libv5rt.a(vex_triport.cpp.obj)
                0x03807788                vex::accelerometer::accelerometer(vex::triport::port&, bool)
                0x03807788                vex::accelerometer::accelerometer(vex::triport::port&, bool)
 .text._ZN3vex13accelerometerD2Ev
                0x038077b0        0x4 C:\Program Files (x86)\VEX Robotics\VEXcode V5 Text\sdk/vexv5\libv5rt.a(vex_triport.cpp.obj)
                0x038077b0                vex::accelerometer::~accelerometer()
                0x038077b0                vex::accelerometer::~accelerometer()
 .text._ZN3vex13accelerometer5valueENS_11analogUnitsE
                0x038077b4        0x4 C:\Program Files (x86)\VEX Robotics\VEXcode V5 Text\sdk/vexv5\libv5rt.a(vex_triport.cpp.obj)
                0x038077b4                vex::accelerometer::value(vex::analogUnits)
 .text.startup._GLOBAL__sub_I__ZN3vex7triportC2El
                0x038077b8       0x30 C:\Program Files (x86)\VEX Robotics\VEXcode V5 Text\sdk/vexv5\libv5rt.a(vex_triport.cpp.obj)
 .text._ZN3vex5colorD2Ev
                0x038077e8        0x4 C:\Program Files (x86)\VEX Robotics\VEXcode V5 Text\sdk/vexv5\libv5rt.a(vex_color.cpp.obj)
                0x038077e8                vex::color::~color()
                0x038077e8                vex::color::~color()
 .text._ZNK3vex5colorcvmEv
                0x038077ec        0x8 C:\Program Files (x86)\VEX Robotics\VEXcode V5 Text\sdk/vexv5\libv5rt.a(vex_color.cpp.obj)
                0x038077ec                vex::color::operator unsigned long() const
 .text._ZNK3vex5color13isTransparentEv
                0x038077f4        0x8 C:\Program Files (x86)\VEX Robotics\VEXcode V5 Text\sdk/vexv5\libv5rt.a(vex_color.cpp.obj)
                0x038077f4                vex::color::isTransparent() const
 .text.startup._GLOBAL__sub_I__ZN3vex5color5blackE
                0x038077fc      0x164 C:\Program Files (x86)\VEX Robotics\VEXcode V5 Text\sdk/vexv5\libv5rt.a(vex_color.cpp.obj)
 .text._ZN3vex5timerD2Ev
                0x03807960        0x4 C:\Program Files (x86)\VEX Robotics\VEXcode V5 Text\sdk/vexv5\libv5rt.a(vex_timer.cpp.obj)
                0x03807960                vex::timer::~timer()
                0x03807960                vex::timer::~timer()
 .text._ZN3vex5timer5clearEv
                0x03807964       0x1c C:\Program Files (x86)\VEX Robotics\VEXcode V5 Text\sdk/vexv5\libv5rt.a(vex_timer.cpp.obj)
                0x03807964                vex::timer::clear()
 .text._ZN3vex5timerC2Ev
                0x03807980       0x14 C:\Program Files (x86)\VEX Robotics\VEXcode V5 Text\sdk/vexv5\libv5rt.a(vex_timer.cpp.obj)
                0x03807980                vex::timer::timer()
                0x03807980                vex::timer::timer()
 *fill*         0x03807994        0x4 
 .text._ZNK3vex5timer4timeENS_9timeUnitsE
                0x03807998       0x40 C:\Program Files (x86)\VEX Robotics\VEXcode V5 Text\sdk/vexv5\libv5rt.a(vex_timer.cpp.obj)
                0x03807998                vex::timer::time(vex::timeUnits) const
 .text.vexAdiPortConfigSet
                0x038079d8       0x28 C:\Program Files (x86)\VEX Robotics\VEXcode V5 Text\sdk/vexv5\libv5rt.a(v5_apiuser.c.obj)
                0x038079d8                vexAdiPortConfigSet
 .text.vexAdiPortConfigGet
                0x03807a00       0x28 C:\Program Files (x86)\VEX Robotics\VEXcode V5 Text\sdk/vexv5\libv5rt.a(v5_apiuser.c.obj)
                0x03807a00                vexAdiPortConfigGet
 .text.vexAdiValueSet
                0x03807a28       0x28 C:\Program Files (x86)\VEX Robotics\VEXcode V5 Text\sdk/vexv5\libv5rt.a(v5_apiuser.c.obj)
                0x03807a28                vexAdiValueSet
 .text.vexAdiValueGet
                0x03807a50       0x20 C:\Program Files (x86)\VEX Robotics\VEXcode V5 Text\sdk/vexv5\libv5rt.a(v5_apiuser.c.obj)
                0x03807a50                vexAdiValueGet
 .text.vexMotorVelocitySet
                0x03807a70       0x20 C:\Program Files (x86)\VEX Robotics\VEXcode V5 Text\sdk/vexv5\libv5rt.a(v5_apiuser.c.obj)
                0x03807a70                vexMotorVelocitySet
 .text.vexMotorActualVelocityGet
                0x03807a90       0x24 C:\Program Files (x86)\VEX Robotics\VEXcode V5 Text\sdk/vexv5\libv5rt.a(v5_apiuser.c.obj)
                0x03807a90                vexMotorActualVelocityGet
 .text.vexMotorTemperatureGet
                0x03807ab4       0x24 C:\Program Files (x86)\VEX Robotics\VEXcode V5 Text\sdk/vexv5\libv5rt.a(v5_apiuser.c.obj)
                0x03807ab4                vexMotorTemperatureGet
 .text.vexMotorZeroPositionFlagGet
                0x03807ad8       0x18 C:\Program Files (x86)\VEX Robotics\VEXcode V5 Text\sdk/vexv5\libv5rt.a(v5_apiuser.c.obj)
                0x03807ad8                vexMotorZeroPositionFlagGet
 .text.vexMotorReverseFlagSet
                0x03807af0       0x20 C:\Program Files (x86)\VEX Robotics\VEXcode V5 Text\sdk/vexv5\libv5rt.a(v5_apiuser.c.obj)
                0x03807af0                vexMotorReverseFlagSet
 .text.vexMotorEncoderUnitsSet
                0x03807b10       0x20 C:\Program Files (x86)\VEX Robotics\VEXcode V5 Text\sdk/vexv5\libv5rt.a(v5_apiuser.c.obj)
                0x03807b10                vexMotorEncoderUnitsSet
 .text.vexMotorBrakeModeSet
                0x03807b30       0x20 C:\Program Files (x86)\VEX Robotics\VEXcode V5 Text\sdk/vexv5\libv5rt.a(v5_apiuser.c.obj)
                0x03807b30                vexMotorBrakeModeSet
 .text.vexMotorPositionSet
                0x03807b50       0x28 C:\Program Files (x86)\VEX Robotics\VEXcode V5 Text\sdk/vexv5\libv5rt.a(v5_apiuser.c.obj)
                0x03807b50                vexMotorPositionSet
 .text.vexMotorPositionGet
                0x03807b78       0x24 C:\Program Files (x86)\VEX Robotics\VEXcode V5 Text\sdk/vexv5\libv5rt.a(v5_apiuser.c.obj)
                0x03807b78                vexMotorPositionGet
 .text.vexMotorAbsoluteTargetSet
                0x03807b9c       0x30 C:\Program Files (x86)\VEX Robotics\VEXcode V5 Text\sdk/vexv5\libv5rt.a(v5_apiuser.c.obj)
                0x03807b9c                vexMotorAbsoluteTargetSet
 .text.vexMotorRelativeTargetSet
                0x03807bcc       0x30 C:\Program Files (x86)\VEX Robotics\VEXcode V5 Text\sdk/vexv5\libv5rt.a(v5_apiuser.c.obj)
                0x03807bcc                vexMotorRelativeTargetSet
 .text.vexMotorGearingSet
                0x03807bfc       0x20 C:\Program Files (x86)\VEX Robotics\VEXcode V5 Text\sdk/vexv5\libv5rt.a(v5_apiuser.c.obj)
                0x03807bfc                vexMotorGearingSet
 .text.vexMotorGearingGet
                0x03807c1c       0x18 C:\Program Files (x86)\VEX Robotics\VEXcode V5 Text\sdk/vexv5\libv5rt.a(v5_apiuser.c.obj)
                0x03807c1c                vexMotorGearingGet
 .text.vexVisionModeSet
                0x03807c34       0x20 C:\Program Files (x86)\VEX Robotics\VEXcode V5 Text\sdk/vexv5\libv5rt.a(v5_apiuser.c.obj)
                0x03807c34                vexVisionModeSet
 .text.vexVisionObjectCountGet
                0x03807c54       0x18 C:\Program Files (x86)\VEX Robotics\VEXcode V5 Text\sdk/vexv5\libv5rt.a(v5_apiuser.c.obj)
                0x03807c54                vexVisionObjectCountGet
 .text.vexVisionObjectGet
                0x03807c6c       0x28 C:\Program Files (x86)\VEX Robotics\VEXcode V5 Text\sdk/vexv5\libv5rt.a(v5_apiuser.c.obj)
                0x03807c6c                vexVisionObjectGet
 .text.vexVisionSignatureSet
                0x03807c94       0x20 C:\Program Files (x86)\VEX Robotics\VEXcode V5 Text\sdk/vexv5\libv5rt.a(v5_apiuser.c.obj)
                0x03807c94                vexVisionSignatureSet
 .text.vexVisionBrightnessSet
                0x03807cb4       0x20 C:\Program Files (x86)\VEX Robotics\VEXcode V5 Text\sdk/vexv5\libv5rt.a(v5_apiuser.c.obj)
                0x03807cb4                vexVisionBrightnessSet
 .text.vexVisionLedModeSet
                0x03807cd4       0x20 C:\Program Files (x86)\VEX Robotics\VEXcode V5 Text\sdk/vexv5\libv5rt.a(v5_apiuser.c.obj)
                0x03807cd4                vexVisionLedModeSet
 .text.vexVisionLedColorSet
                0x03807cf4       0x2c C:\Program Files (x86)\VEX Robotics\VEXcode V5 Text\sdk/vexv5\libv5rt.a(v5_apiuser.c.obj)
                0x03807cf4                vexVisionLedColorSet
 .text.vexVisionWifiModeSet
                0x03807d20       0x20 C:\Program Files (x86)\VEX Robotics\VEXcode V5 Text\sdk/vexv5\libv5rt.a(v5_apiuser.c.obj)
                0x03807d20                vexVisionWifiModeSet
 .text.vexEventMaskSet
                0x03807d40       0x28 C:\Program Files (x86)\VEX Robotics\VEXcode V5 Text\sdk/vexv5\libv5rt.a(v5_apiuser.c.obj)
                0x03807d40                vexEventMaskSet
 .text.vexEventMaskGet
                0x03807d68       0x18 C:\Program Files (x86)\VEX Robotics\VEXcode V5 Text\sdk/vexv5\libv5rt.a(v5_apiuser.c.obj)
                0x03807d68                vexEventMaskGet
 .text._ZN3vex6device5valueEv
                0x03807d80        0x8 C:\Program Files (x86)\VEX Robotics\VEXcode V5 Text\sdk/vexv5\libv5rt.a(vex_device.cpp.obj)
                0x03807d80                vex::device::value()
 .text._ZN3vex6deviceD2Ev
                0x03807d88        0x4 C:\Program Files (x86)\VEX Robotics\VEXcode V5 Text\sdk/vexv5\libv5rt.a(vex_device.cpp.obj)
                0x03807d88                vex::device::~device()
                0x03807d88                vex::device::~device()
 .text._ZN3vex6device4initEl
                0x03807d8c       0x30 C:\Program Files (x86)\VEX Robotics\VEXcode V5 Text\sdk/vexv5\libv5rt.a(vex_device.cpp.obj)
                0x03807d8c                vex::device::init(long)
 .text._ZN3vex6deviceC2El
                0x03807dbc       0x20 C:\Program Files (x86)\VEX Robotics\VEXcode V5 Text\sdk/vexv5\libv5rt.a(vex_device.cpp.obj)
                0x03807dbc                vex::device::device(long)
                0x03807dbc                vex::device::device(long)
 .text._ZN3vex6device4typeEv
                0x03807ddc       0x10 C:\Program Files (x86)\VEX Robotics\VEXcode V5 Text\sdk/vexv5\libv5rt.a(vex_device.cpp.obj)
                0x03807ddc                vex::device::type()
 .text._ZN3vex6device9installedEv
                0x03807dec       0x14 C:\Program Files (x86)\VEX Robotics\VEXcode V5 Text\sdk/vexv5\libv5rt.a(vex_device.cpp.obj)
                0x03807dec                vex::device::installed()
 .text.__libc_fini_array
                0x03807e00       0x30 C:\Program Files (x86)\VEX Robotics\VEXcode V5 Text\sdk/vexv5/gcc/libs\libc.a(lib_a-fini.o)
                0x03807e00                __libc_fini_array
 .text.__libc_init_array
                0x03807e30       0x58 C:\Program Files (x86)\VEX Robotics\VEXcode V5 Text\sdk/vexv5/gcc/libs\libc.a(lib_a-init.o)
                0x03807e30                __libc_init_array
 .text.__libc_init_array.__stub
                0x03807e88       0x18 linker stubs
 *(.gnu.linkonce.t.*)
 *(.plt)
 *(.gnu_warning)
 *(.gcc_except_table)
 *(.glue_7)
 .glue_7        0x00000000        0x0 linker stubs
 *(.glue_7t)
 .glue_7t       0x00000000        0x0 linker stubs
 *(.vfp11_veneer)
 .vfp11_veneer  0x00000000        0x0 linker stubs
 *(.ARM.extab)
 *(.gnu.linkonce.armextab.*)

.v4_bx          0x03807ea0        0x0
 .v4_bx         0x00000000        0x0 linker stubs

.iplt           0x03807ea0        0x0
 .iplt          0x00000000        0x0 build/src/functions.o

.init
 *(.init)

.fini
 *(.fini)

.rodata         0x03807ea0      0x4e4
                0x03807ea0                __rodata_start = .
 *(.rodata)
 *(.rodata.*)
 .rodata.str1.1
                0x03807ea0      0x2c5 build/src/functions.o
                                0x2cc (size before relaxing)
 .rodata.str1.1
                0x03808165        0x9 build/src/FieldVirtualization.o
                                 0x1b (size before relaxing)
 .rodata.str1.1
                0x0380816e       0x25 build/src/Auton/BF3.o
 .rodata.str1.1
                0x03808193        0xe build/src/Auton/Skills.o
                                 0x1f (size before relaxing)
 .rodata.str1.1
                0x038081a1       0x13 build/src/Auton/RF3.o
                                 0x24 (size before relaxing)
 .rodata.str1.1
                0x038081b4       0x12 build/src/Auton/RB5.o
                                 0x23 (size before relaxing)
 .rodata.str1.1
                0x038081c6       0x23 build/src/Auton/RB1.o
 .rodata.str1.1
                0x038081e9       0x1e build/src/Auton/TestAuton.o
 .rodata.str1.1
                0x03808207       0x13 build/src/Auton/BB5.o
                                 0x24 (size before relaxing)
 .rodata.str1.1
                0x0380821a       0x13 build/src/Auton/RF1.o
                                 0x24 (size before relaxing)
 .rodata.str1.1
                0x0380822d       0x13 build/src/Auton/BB1.o
                                 0x24 (size before relaxing)
 .rodata.str1.1
                0x03808240        0x9 build/src/Controller_Profiles/CarterController.o
 .rodata.str1.1
                0x00000000        0x9 build/src/Controller_Profiles/OtherController.o
 *fill*         0x03808249        0x3 
 .rodata..Lswitch.table._Z15OtherControllerv
                0x0380824c        0xc build/src/Controller_Profiles/OtherController.o
 .rodata.str1.1
                0x03808258       0x2e C:\Program Files (x86)\VEX Robotics\VEXcode V5 Text\sdk/vexv5\libv5rt.a(v5_startup.c.obj)
 *fill*         0x03808286        0x2 
 .rodata._ZN3vex6purpleE
                0x03808288        0x4 C:\Program Files (x86)\VEX Robotics\VEXcode V5 Text\sdk/vexv5\libv5rt.a(vex_global.cpp.obj)
                0x03808288                vex::purple
 .rodata._ZN3vex3redE
                0x0380828c        0x4 C:\Program Files (x86)\VEX Robotics\VEXcode V5 Text\sdk/vexv5\libv5rt.a(vex_global.cpp.obj)
                0x0380828c                vex::red
 .rodata._ZN3vex5PORT3E
                0x03808290        0x4 C:\Program Files (x86)\VEX Robotics\VEXcode V5 Text\sdk/vexv5\libv5rt.a(vex_global.cpp.obj)
                0x03808290                vex::PORT3
 .rodata._ZN3vex5PORT1E
                0x03808294        0x4 C:\Program Files (x86)\VEX Robotics\VEXcode V5 Text\sdk/vexv5\libv5rt.a(vex_global.cpp.obj)
                0x03808294                vex::PORT1
 .rodata._ZN3vex5PORT5E
                0x03808298        0x4 C:\Program Files (x86)\VEX Robotics\VEXcode V5 Text\sdk/vexv5\libv5rt.a(vex_global.cpp.obj)
                0x03808298                vex::PORT5
 .rodata._ZN3vex11transparentE
                0x0380829c        0x4 C:\Program Files (x86)\VEX Robotics\VEXcode V5 Text\sdk/vexv5\libv5rt.a(vex_global.cpp.obj)
                0x0380829c                vex::transparent
 .rodata._ZN3vex5PORT7E
                0x038082a0        0x4 C:\Program Files (x86)\VEX Robotics\VEXcode V5 Text\sdk/vexv5\libv5rt.a(vex_global.cpp.obj)
                0x038082a0                vex::PORT7
 .rodata._ZN3vex5whiteE
                0x038082a4        0x4 C:\Program Files (x86)\VEX Robotics\VEXcode V5 Text\sdk/vexv5\libv5rt.a(vex_global.cpp.obj)
                0x038082a4                vex::white
 .rodata._ZN3vex5blackE
                0x038082a8        0x4 C:\Program Files (x86)\VEX Robotics\VEXcode V5 Text\sdk/vexv5\libv5rt.a(vex_global.cpp.obj)
                0x038082a8                vex::black
 .rodata._ZN3vex4blueE
                0x038082ac        0x4 C:\Program Files (x86)\VEX Robotics\VEXcode V5 Text\sdk/vexv5\libv5rt.a(vex_global.cpp.obj)
                0x038082ac                vex::blue
 .rodata._ZN3vex5PORT6E
                0x038082b0        0x4 C:\Program Files (x86)\VEX Robotics\VEXcode V5 Text\sdk/vexv5\libv5rt.a(vex_global.cpp.obj)
                0x038082b0                vex::PORT6
 .rodata._ZN3vex5greenE
                0x038082b4        0x4 C:\Program Files (x86)\VEX Robotics\VEXcode V5 Text\sdk/vexv5\libv5rt.a(vex_global.cpp.obj)
                0x038082b4                vex::green
 .rodata._ZN3vex5PORT2E
                0x038082b8        0x4 C:\Program Files (x86)\VEX Robotics\VEXcode V5 Text\sdk/vexv5\libv5rt.a(vex_global.cpp.obj)
                0x038082b8                vex::PORT2
 .rodata._ZN3vex6PORT22E
                0x038082bc        0x4 C:\Program Files (x86)\VEX Robotics\VEXcode V5 Text\sdk/vexv5\libv5rt.a(vex_global.cpp.obj)
                0x038082bc                vex::PORT22
 .rodata._ZN3vex5PORT4E
                0x038082c0        0x4 C:\Program Files (x86)\VEX Robotics\VEXcode V5 Text\sdk/vexv5\libv5rt.a(vex_global.cpp.obj)
                0x038082c0                vex::PORT4
 .rodata._ZN3vex6orangeE
                0x038082c4        0x4 C:\Program Files (x86)\VEX Robotics\VEXcode V5 Text\sdk/vexv5\libv5rt.a(vex_global.cpp.obj)
                0x038082c4                vex::orange
 .rodata._ZN3vex5PORT8E
                0x038082c8        0x4 C:\Program Files (x86)\VEX Robotics\VEXcode V5 Text\sdk/vexv5\libv5rt.a(vex_global.cpp.obj)
                0x038082c8                vex::PORT8
 *fill*         0x038082cc        0x4 
 .rodata._ZTVN3vex5motorE
                0x038082d0       0x10 C:\Program Files (x86)\VEX Robotics\VEXcode V5 Text\sdk/vexv5\libv5rt.a(vex_motor.cpp.obj)
                0x038082d0                vtable for vex::motor
 .rodata._ZTVN3vex6visionE
                0x038082e0       0x10 C:\Program Files (x86)\VEX Robotics\VEXcode V5 Text\sdk/vexv5\libv5rt.a(vex_vision.cpp.obj)
                0x038082e0                vtable for vex::vision
 .rodata.CSWTCH.15
                0x038082f0        0xb C:\Program Files (x86)\VEX Robotics\VEXcode V5 Text\sdk/vexv5\libv5rt.a(vex_controller.cpp.obj)
 .rodata.CSWTCH.17
                0x038082fb        0xb C:\Program Files (x86)\VEX Robotics\VEXcode V5 Text\sdk/vexv5\libv5rt.a(vex_controller.cpp.obj)
 .rodata.CSWTCH.23
                0x03808306        0x3 C:\Program Files (x86)\VEX Robotics\VEXcode V5 Text\sdk/vexv5\libv5rt.a(vex_controller.cpp.obj)
 .rodata.str1.1
                0x03808309        0xa C:\Program Files (x86)\VEX Robotics\VEXcode V5 Text\sdk/vexv5\libv5rt.a(vex_task.cpp.obj)
 .rodata.str1.1
                0x03808313       0x2b C:\Program Files (x86)\VEX Robotics\VEXcode V5 Text\sdk/vexv5\libv5rt.a(vex_brain.cpp.obj)
 *fill*         0x0380833e        0x2 
 .rodata._ZTVN3vex7triportE
                0x03808340       0x10 C:\Program Files (x86)\VEX Robotics\VEXcode V5 Text\sdk/vexv5\libv5rt.a(vex_triport.cpp.obj)
                0x03808340                vtable for vex::triport
 .rodata.CSWTCH.26
                0x03808350        0xe C:\Program Files (x86)\VEX Robotics\VEXcode V5 Text\sdk/vexv5\libv5rt.a(vex_triport.cpp.obj)
 .rodata.CSWTCH.31
                0x0380835e       0x10 C:\Program Files (x86)\VEX Robotics\VEXcode V5 Text\sdk/vexv5\libv5rt.a(vex_triport.cpp.obj)
 *fill*         0x0380836e        0x2 
 .rodata._ZTVN3vex6deviceE
                0x03808370       0x10 C:\Program Files (x86)\VEX Robotics\VEXcode V5 Text\sdk/vexv5\libv5rt.a(vex_device.cpp.obj)
                0x03808370                vtable for vex::device
 .rodata.str1.4
                0x03808380        0x4 C:\Program Files (x86)\VEX Robotics\VEXcode V5 Text\sdk/vexv5/gcc/libs\libc.a(lib_a-impure.o)
                                  0x2 (size before relaxing)
 *(.gnu.linkonce.r.*)
                0x03808384                __rodata_end = .

.rodata1        0x03808384        0x0
                0x03808384                __rodata1_start = .
 *(.rodata1)
 *(.rodata1.*)
                0x03808384                __rodata1_end = .

.sdata2         0x03808384        0x0
                0x03808384                __sdata2_start = .
 *(.sdata2)
 *(.sdata2.*)
 *(.gnu.linkonce.s2.*)
                0x03808384                __sdata2_end = .

.sbss2          0x03808384        0x0
                0x03808384                __sbss2_start = .
 *(.sbss2)
 *(.sbss2.*)
 *(.gnu.linkonce.sb2.*)
                0x03808384                __sbss2_end = .

.data           0x03808388      0x474
                0x03808388                __data_start = .
 *(.data)
 *(.data.*)
 .data.threashold
                0x03808388        0x4 build/src/globalVars.o
                0x03808388                threashold
 .data.PI       0x0380838c        0x4 build/src/globalVars.o
                0x0380838c                PI
 .data.degConst
                0x03808390        0x8 build/src/globalVars.o
                0x03808390                degConst
 .data.traySpeed
                0x03808398        0x8 build/src/globalVars.o
                0x03808398                traySpeed
 .data.slowTraySpeed
                0x038083a0        0x8 build/src/globalVars.o
                0x038083a0                slowTraySpeed
 .data.intakeSpeed
                0x038083a8        0x8 build/src/globalVars.o
                0x038083a8                intakeSpeed
 .data.r4bSpeed
                0x038083b0        0x4 build/src/globalVars.o
                0x038083b0                r4bSpeed
 .data.deadZone
                0x038083b4        0x4 build/src/globalVars.o
                0x038083b4                deadZone
 .data.speedToggle
                0x038083b8        0x4 build/src/Controller_Profiles/OtherController.o
                0x038083b8                speedToggle
 .data.appRunning
                0x038083bc        0x4 C:\Program Files (x86)\VEX Robotics\VEXcode V5 Text\sdk/vexv5\libv5rt.a(v5_startup.c.obj)
                0x038083bc                appRunning
 .data.__yoff   0x038083c0        0x4 C:\Program Files (x86)\VEX Robotics\VEXcode V5 Text\sdk/vexv5\libv5rt.a(v5_apijump.c.obj)
 .data._ZN3vex9ratio18_1E
                0x038083c4        0x4 C:\Program Files (x86)\VEX Robotics\VEXcode V5 Text\sdk/vexv5\libv5rt.a(vex_global.cpp.obj)
                0x038083c4                vex::ratio18_1
 .data._ZN3vex24__default_motor_velocityE
                0x038083c8        0x4 C:\Program Files (x86)\VEX Robotics\VEXcode V5 Text\sdk/vexv5\libv5rt.a(vex_motor.cpp.obj)
                0x038083c8                vex::__default_motor_velocity
 *fill*         0x038083cc        0x4 
 .data.impure_data
                0x038083d0      0x428 C:\Program Files (x86)\VEX Robotics\VEXcode V5 Text\sdk/vexv5/gcc/libs\libc.a(lib_a-impure.o)
 .data._impure_ptr
                0x038087f8        0x4 C:\Program Files (x86)\VEX Robotics\VEXcode V5 Text\sdk/vexv5/gcc/libs\libc.a(lib_a-impure.o)
                0x038087f8                _impure_ptr
 *(.gnu.linkonce.d.*)
 *(.jcr)
 *(.got)
 *(.got.plt)
                0x038087fc                __data_end = .

.igot.plt       0x038087fc        0x0
 .igot.plt      0x00000000        0x0 build/src/functions.o

.data1          0x038087fc        0x0
                0x038087fc                __data1_start = .
 *(.data1)
 *(.data1.*)
                0x038087fc                __data1_end = .

.got
 *(.got)

.ctors          0x038087fc        0x0
                0x038087fc                __CTOR_LIST__ = .
                0x038087fc                ___CTORS_LIST___ = .
 *crtbegin.o(.ctors)
 *(EXCLUDE_FILE(*crtend.o) .ctors)
 *(SORT(.ctors.*))
 *(.ctors)
                0x038087fc                __CTOR_END__ = .
                0x038087fc                ___CTORS_END___ = .

.dtors          0x038087fc        0x0
                0x038087fc                __DTOR_LIST__ = .
                0x038087fc                ___DTORS_LIST___ = .
 *crtbegin.o(.dtors)
 *(EXCLUDE_FILE(*crtend.o) .dtors)
 *(SORT(.dtors.*))
 *(.dtors)
                0x038087fc                __DTOR_END__ = .
                0x038087fc                ___DTORS_END___ = .

.fixup          0x038087fc        0x0
                0x038087fc                __fixup_start = .
 *(.fixup)
                0x038087fc                __fixup_end = .

.eh_frame
 *(.eh_frame)

.eh_framehdr    0x038087fc        0x0
                0x038087fc                __eh_framehdr_start = .
 *(.eh_framehdr)
                0x038087fc                __eh_framehdr_end = .

.gcc_except_table
 *(.gcc_except_table)

.mmu_tbl        0x0380c000        0x0
                0x0380c000                __mmu_tbl_start = .
 *(.mmu_tbl)
                0x0380c000                __mmu_tbl_end = .

.ARM.exidx      0x038087fc        0x8
                0x038087fc                __exidx_start = .
 *(.ARM.exidx*)
 .ARM.exidx.text._Z9robotInitb
                0x038087fc        0x8 build/src/functions.o
 .ARM.exidx.text._Z11calibrationv
                0x03808804        0x0 build/src/functions.o
                                  0x8 (size before relaxing)
 .ARM.exidx.text._Z13AutonSelectori
                0x03808804        0x0 build/src/functions.o
                                  0x8 (size before relaxing)
 .ARM.exidx.text._Z10MainScreenv
                0x03808804        0x0 build/src/functions.o
                                  0x8 (size before relaxing)
 .ARM.exidx.text._Z5Brakev
                0x03808804        0x0 build/src/functions.o
                                  0x8 (size before relaxing)
 .ARM.exidx.text._Z11IntakesMoved
                0x03808804        0x0 build/src/functions.o
                                  0x8 (size before relaxing)
 .ARM.exidx.text._Z11IntakesStopv
                0x03808804        0x0 build/src/functions.o
                                  0x8 (size before relaxing)
 .ARM.exidx.text._Z9SwingDownv
                0x03808804        0x0 build/src/functions.o
                                  0x8 (size before relaxing)
 .ARM.exidx.text._Z7SwingUpv
                0x03808804        0x0 build/src/functions.o
                                  0x8 (size before relaxing)
 .ARM.exidx.text._Z15SwingToLocationi
                0x03808804        0x0 build/src/functions.o
                                  0x8 (size before relaxing)
 .ARM.exidx.text._Z5R4BUpv
                0x03808804        0x0 build/src/functions.o
                                  0x8 (size before relaxing)
 .ARM.exidx.text._Z7R4BDownv
                0x03808804        0x0 build/src/functions.o
                                  0x8 (size before relaxing)
 .ARM.exidx.text._Z13R4BToLocationi
                0x03808804        0x0 build/src/functions.o
                                  0x8 (size before relaxing)
 .ARM.exidx.text._Z9DropStackv
                0x03808804        0x0 build/src/functions.o
                                  0x8 (size before relaxing)
 .ARM.exidx.text._Z5Sleepd
                0x03808804        0x0 build/src/functions.o
                                  0x8 (size before relaxing)
 .ARM.exidx.text._Z8DistMovedi
                0x03808804        0x0 build/src/functions.o
                                  0x8 (size before relaxing)
 .ARM.exidx.text._Z7DegTurndi
                0x03808804        0x0 build/src/functions.o
                                  0x8 (size before relaxing)
 .ARM.exidx.text._Z23AutonSelectorScreenInitv
                0x03808804        0x0 build/src/functions.o
                                  0x8 (size before relaxing)
 .ARM.exidx.text._Z7AllStopv
                0x03808804        0x0 build/src/functions.o
                                  0x8 (size before relaxing)
 .ARM.exidx.text._Z10VisionGoToiii
                0x03808804        0x0 build/src/functions.o
                                  0x8 (size before relaxing)
 .ARM.exidx.text._Z11GyroCurrentv
                0x03808804        0x0 build/src/functions.o
                                  0x8 (size before relaxing)
 .ARM.exidx.text._Z12AccelCurrentv
                0x03808804        0x0 build/src/functions.o
                                  0x8 (size before relaxing)
 .ARM.exidx.text._Z8autoLoopv
                0x03808804        0x0 build/src/main.o
                                  0x8 (size before relaxing)
 .ARM.exidx.text._Z14ControllerLoopv
                0x03808804        0x0 build/src/main.o
                                  0x8 (size before relaxing)
 .ARM.exidx.text.main
                0x03808804        0x0 build/src/main.o
                                  0x8 (size before relaxing)
 .ARM.exidx.text._ZN3vex6visionC2IJNS0_9signatureES2_S2_S2_S2_S2_S2_EEElhDpRT_
                0x03808804        0x0 build/src/config.o
                                  0x8 (size before relaxing)
 .ARM.exidx.text._ZN3vex6vision7_setsigINS0_9signatureEJS2_S2_S2_S2_EEEvRT_DpRT0_
                0x03808804        0x0 build/src/config.o
                                  0x8 (size before relaxing)
 .ARM.exidx.text._GLOBAL__sub_I_config.cpp
                0x03808804        0x0 build/src/config.o
                                  0x8 (size before relaxing)
 .ARM.exidx.text._Z13FieldTemplatev
                0x03808804        0x0 build/src/VirtualField.o
                                  0x8 (size before relaxing)
 .ARM.exidx.text._Z13RobotTemplateddd
                0x03808804        0x0 build/src/VirtualField.o
                                  0x8 (size before relaxing)
 .ARM.exidx.text._Z17StartVirtualFieldiii
                0x03808804        0x0 build/src/FieldVirtualization.o
                                  0x8 (size before relaxing)
 .ARM.exidx.text._Z12VirtualFieldv
                0x03808804        0x0 build/src/FieldVirtualization.o
                                  0x8 (size before relaxing)
 .ARM.exidx.text._Z3BF3v
                0x03808804        0x0 build/src/Auton/BF3.o
                                  0x8 (size before relaxing)
 .ARM.exidx.text._Z6Skillsv
                0x03808804        0x0 build/src/Auton/Skills.o
                                  0x8 (size before relaxing)
 .ARM.exidx.text._Z3RF3v
                0x03808804        0x0 build/src/Auton/RF3.o
                                  0x8 (size before relaxing)
 .ARM.exidx.text._Z3RB5v
                0x03808804        0x0 build/src/Auton/RB5.o
                                  0x8 (size before relaxing)
 .ARM.exidx.text._Z3RB1v
                0x03808804        0x0 build/src/Auton/RB1.o
                                  0x8 (size before relaxing)
 .ARM.exidx.text._Z9TestAutonv
                0x03808804        0x0 build/src/Auton/TestAuton.o
                                  0x8 (size before relaxing)
 .ARM.exidx.text._Z3BB5v
                0x03808804        0x0 build/src/Auton/BB5.o
                                  0x8 (size before relaxing)
 .ARM.exidx.text._Z3RF1v
                0x03808804        0x0 build/src/Auton/RF1.o
                                  0x8 (size before relaxing)
 .ARM.exidx.text._Z3BB1v
                0x03808804        0x0 build/src/Auton/BB1.o
                                  0x8 (size before relaxing)
 .ARM.exidx.text._Z16CarterControllerv
                0x03808804        0x0 build/src/Controller_Profiles/CarterController.o
                                  0x8 (size before relaxing)
 .ARM.exidx.text._Z15OtherControllerv
                0x03808804        0x0 build/src/Controller_Profiles/OtherController.o
                                  0x8 (size before relaxing)
 *(.gnu.linkonce.armexidix.*.*)
                0x03808804                __exidx_end = .

.rel.dyn        0x03808804        0x0
 .rel.iplt      0x00000000        0x0 build/src/functions.o

.preinit_array  0x03808804        0x0
                0x03808804                __preinit_array_start = .
 *(SORT(.preinit_array.*))
 *(.preinit_array)
                0x03808804                __preinit_array_end = .

.init_array     0x03808804        0xc
                0x03808804                __init_array_start = .
 *(SORT(.init_array.*))
 *(.init_array)
 .init_array    0x03808804        0x4 build/src/config.o
 .init_array    0x03808808        0x4 C:\Program Files (x86)\VEX Robotics\VEXcode V5 Text\sdk/vexv5\libv5rt.a(vex_triport.cpp.obj)
 .init_array    0x0380880c        0x4 C:\Program Files (x86)\VEX Robotics\VEXcode V5 Text\sdk/vexv5\libv5rt.a(vex_color.cpp.obj)
                0x03808810                __init_array_end = .

.fini_array     0x03808810        0x0
                0x03808810                __fini_array_start = .
 *(SORT(.fini_array.*))
 *(.fini_array)
                0x03808810                __fini_array_end = .

.ARM.attributes
                0x03808810       0x3c
                0x03808810                __ARM.attributes_start = .
 *(.ARM.attributes)
 .ARM.attributes
                0x03808810       0x3a build/src/functions.o
 .ARM.attributes
                0x0380884a       0x3a build/src/main.o
 .ARM.attributes
                0x03808884       0x3a build/src/globalVars.o
 .ARM.attributes
                0x038088be       0x3a build/src/config.o
 .ARM.attributes
                0x038088f8       0x3a build/src/VirtualField.o
 .ARM.attributes
                0x03808932       0x3a build/src/FieldVirtualization.o
 .ARM.attributes
                0x0380896c       0x3a build/src/Auton/BF3.o
 .ARM.attributes
                0x038089a6       0x3a build/src/Auton/Skills.o
 .ARM.attributes
                0x038089e0       0x3a build/src/Auton/RF3.o
 .ARM.attributes
                0x03808a1a       0x3a build/src/Auton/RB5.o
 .ARM.attributes
                0x03808a54       0x3a build/src/Auton/RB1.o
 .ARM.attributes
                0x03808a8e       0x3a build/src/Auton/TestAuton.o
 .ARM.attributes
                0x03808ac8       0x3a build/src/Auton/BB5.o
 .ARM.attributes
                0x03808b02       0x3a build/src/Auton/RF1.o
 .ARM.attributes
                0x03808b3c       0x3a build/src/Auton/BB1.o
 .ARM.attributes
                0x03808b76       0x3a build/src/Controller_Profiles/CarterController.o
 .ARM.attributes
                0x03808bb0       0x3a build/src/Controller_Profiles/OtherController.o
 .ARM.attributes
                0x03808bea       0x35 C:\Program Files (x86)\VEX Robotics\VEXcode V5 Text\sdk/vexv5\libv5rt.a(v5_startup.c.obj)
 .ARM.attributes
                0x03808c1f       0x35 C:\Program Files (x86)\VEX Robotics\VEXcode V5 Text\sdk/vexv5\libv5rt.a(v5_util.c.obj)
 .ARM.attributes
                0x03808c54       0x35 C:\Program Files (x86)\VEX Robotics\VEXcode V5 Text\sdk/vexv5\libv5rt.a(v5_apijump.c.obj)
 .ARM.attributes
                0x03808c89       0x35 C:\Program Files (x86)\VEX Robotics\VEXcode V5 Text\sdk/vexv5\libv5rt.a(v5_apiversions.c.obj)
 .ARM.attributes
                0x03808cbe       0x35 C:\Program Files (x86)\VEX Robotics\VEXcode V5 Text\sdk/vexv5\libv5rt.a(vex_global.cpp.obj)
 .ARM.attributes
                0x03808cf3       0x35 C:\Program Files (x86)\VEX Robotics\VEXcode V5 Text\sdk/vexv5\libv5rt.a(vex_motor.cpp.obj)
 .ARM.attributes
                0x03808d28       0x35 C:\Program Files (x86)\VEX Robotics\VEXcode V5 Text\sdk/vexv5\libv5rt.a(vex_vision.cpp.obj)
 .ARM.attributes
                0x03808d5d       0x35 C:\Program Files (x86)\VEX Robotics\VEXcode V5 Text\sdk/vexv5\libv5rt.a(vex_controller.cpp.obj)
 .ARM.attributes
                0x03808d92       0x35 C:\Program Files (x86)\VEX Robotics\VEXcode V5 Text\sdk/vexv5\libv5rt.a(vex_task.cpp.obj)
 .ARM.attributes
                0x03808dc7       0x35 C:\Program Files (x86)\VEX Robotics\VEXcode V5 Text\sdk/vexv5\libv5rt.a(vex_event.cpp.obj)
 .ARM.attributes