Archive member included because of file (symbol)

C:\Program Files (x86)\VEX Robotics\VEXcode V5 Text\sdk/vexv5\libv5rt.a(v5_startup.c.obj)
                              (vexStartup)
C:\Program Files (x86)\VEX Robotics\VEXcode V5 Text\sdk/vexv5\libv5rt.a(v5_util.c.obj)
                              C:\Program Files (x86)\VEX Robotics\VEXcode V5 Text\sdk/vexv5\libv5rt.a(v5_startup.c.obj) (vexStdlibVersionLinked)
C:\Program Files (x86)\VEX Robotics\VEXcode V5 Text\sdk/vexv5\libv5rt.a(v5_apijump.c.obj)
                              C:\Program Files (x86)\VEX Robotics\VEXcode V5 Text\sdk/vexv5\libv5rt.a(v5_startup.c.obj) (vexPrivateApiEnable)
C:\Program Files (x86)\VEX Robotics\VEXcode V5 Text\sdk/vexv5\libv5rt.a(v5_apiversions.c.obj)
                              C:\Program Files (x86)\VEX Robotics\VEXcode V5 Text\sdk/vexv5\libv5rt.a(v5_apijump.c.obj) (vexSystemVersion)
C:\Program Files (x86)\VEX Robotics\VEXcode V5 Text\sdk/vexv5\libv5rt.a(vex_global.cpp.obj)
                              build/src/functions.o (vex::transparent)
C:\Program Files (x86)\VEX Robotics\VEXcode V5 Text\sdk/vexv5\libv5rt.a(vex_motor.cpp.obj)
                              build/src/config.o (vex::motor::~motor())
C:\Program Files (x86)\VEX Robotics\VEXcode V5 Text\sdk/vexv5\libv5rt.a(vex_vision.cpp.obj)
                              build/src/config.o (vex::vision::~vision())
C:\Program Files (x86)\VEX Robotics\VEXcode V5 Text\sdk/vexv5\libv5rt.a(vex_controller.cpp.obj)
                              build/src/config.o (vex::controller::~controller())
C:\Program Files (x86)\VEX Robotics\VEXcode V5 Text\sdk/vexv5\libv5rt.a(vex_task.cpp.obj)
                              build/src/functions.o (vex::task::sleep(unsigned long))
C:\Program Files (x86)\VEX Robotics\VEXcode V5 Text\sdk/vexv5\libv5rt.a(vex_thread.cpp.obj)
                              C:\Program Files (x86)\VEX Robotics\VEXcode V5 Text\sdk/vexv5\libv5rt.a(vex_global.cpp.obj) (vex::this_thread::sleep_for(unsigned long))
C:\Program Files (x86)\VEX Robotics\VEXcode V5 Text\sdk/vexv5\libv5rt.a(vex_event.cpp.obj)
                              C:\Program Files (x86)\VEX Robotics\VEXcode V5 Text\sdk/vexv5\libv5rt.a(vex_controller.cpp.obj) (vex::event::init(unsigned long, unsigned long, void (*)()))
C:\Program Files (x86)\VEX Robotics\VEXcode V5 Text\sdk/vexv5\libv5rt.a(vex_mevent.cpp.obj)
                              C:\Program Files (x86)\VEX Robotics\VEXcode V5 Text\sdk/vexv5\libv5rt.a(vex_controller.cpp.obj) (vex::mevent::mevent(unsigned long, unsigned long))
C:\Program Files (x86)\VEX Robotics\VEXcode V5 Text\sdk/vexv5\libv5rt.a(vex_brain.cpp.obj)
                              build/src/config.o (vex::brain::~brain())
C:\Program Files (x86)\VEX Robotics\VEXcode V5 Text\sdk/vexv5\libv5rt.a(vex_competition.cpp.obj)
                              build/src/config.o (vex::competition::competition())
C:\Program Files (x86)\VEX Robotics\VEXcode V5 Text\sdk/vexv5\libv5rt.a(vex_triport.cpp.obj)
                              C:\Program Files (x86)\VEX Robotics\VEXcode V5 Text\sdk/vexv5\libv5rt.a(vex_brain.cpp.obj) (vex::triport::~triport())
C:\Program Files (x86)\VEX Robotics\VEXcode V5 Text\sdk/vexv5\libv5rt.a(vex_color.cpp.obj)
                              C:\Program Files (x86)\VEX Robotics\VEXcode V5 Text\sdk/vexv5\libv5rt.a(vex_brain.cpp.obj) (vex::color::operator unsigned long() const)
C:\Program Files (x86)\VEX Robotics\VEXcode V5 Text\sdk/vexv5\libv5rt.a(vex_timer.cpp.obj)
                              C:\Program Files (x86)\VEX Robotics\VEXcode V5 Text\sdk/vexv5\libv5rt.a(vex_brain.cpp.obj) (vex::timer::~timer())
C:\Program Files (x86)\VEX Robotics\VEXcode V5 Text\sdk/vexv5\libv5rt.a(v5_apiuser.c.obj)
                              C:\Program Files (x86)\VEX Robotics\VEXcode V5 Text\sdk/vexv5\libv5rt.a(vex_triport.cpp.obj) (vexAdiPortConfigSet)
C:\Program Files (x86)\VEX Robotics\VEXcode V5 Text\sdk/vexv5\libv5rt.a(vex_device.cpp.obj)
                              C:\Program Files (x86)\VEX Robotics\VEXcode V5 Text\sdk/vexv5\libv5rt.a(vex_triport.cpp.obj) (vex::device::value())
C:\Program Files (x86)\VEX Robotics\VEXcode V5 Text\sdk/vexv5/gcc/libs\libc.a(lib_a-fini.o)
                              C:\Program Files (x86)\VEX Robotics\VEXcode V5 Text\sdk/vexv5\libv5rt.a(v5_startup.c.obj) (__libc_fini_array)
C:\Program Files (x86)\VEX Robotics\VEXcode V5 Text\sdk/vexv5/gcc/libs\libc.a(lib_a-impure.o)
                              C:\Program Files (x86)\VEX Robotics\VEXcode V5 Text\sdk/vexv5\libv5rt.a(v5_startup.c.obj) (_impure_ptr)
C:\Program Files (x86)\VEX Robotics\VEXcode V5 Text\sdk/vexv5/gcc/libs\libc.a(lib_a-init.o)
                              C:\Program Files (x86)\VEX Robotics\VEXcode V5 Text\sdk/vexv5\libv5rt.a(v5_startup.c.obj) (__libc_init_array)
C:\Program Files (x86)\VEX Robotics\VEXcode V5 Text\sdk/vexv5/gcc/libs\libc.a(lib_a-tolower.o)
                              C:\Program Files (x86)\VEX Robotics\VEXcode V5 Text\sdk/vexv5\libv5rt.a(vex_brain.cpp.obj) (tolower)
[...]
Memory Configuration

Name             Origin             Length             Attributes
ps7_ddr_0_S_AXI_BASEADDR 0x03800000         0x04800000
*default*        0x00000000         0xffffffff

Linker script and memory map

                0x00002000                _STACK_SIZE = DEFINED (_STACK_SIZE)?_STACK_SIZE:0x2000
                0x00100000                _HEAP_SIZE = DEFINED (_HEAP_SIZE)?_HEAP_SIZE:0x100000
                0x00000400                _ABORT_STACK_SIZE = DEFINED (_ABORT_STACK_SIZE)?_ABORT_STACK_SIZE:0x400
                0x00000800                _SUPERVISOR_STACK_SIZE = DEFINED (_SUPERVISOR_STACK_SIZE)?_SUPERVISOR_STACK_SIZE:0x800
                0x00000400                _IRQ_STACK_SIZE = DEFINED (_IRQ_STACK_SIZE)?_IRQ_STACK_SIZE:0x400
                0x00000400                _FIQ_STACK_SIZE = DEFINED (_FIQ_STACK_SIZE)?_FIQ_STACK_SIZE:0x400
                0x00000400                _UNDEF_STACK_SIZE = DEFINED (_UNDEF_STACK_SIZE)?_UNDEF_STACK_SIZE:0x400

.text           0x03800000     0x7f28
 *(.vectors)
 *(.boot_data)
 .boot_data     0x03800000       0x20 C:\Program Files (x86)\VEX Robotics\VEXcode V5 Text\sdk/vexv5\libv5rt.a(v5_startup.c.obj)
                0x03800000                vexCodeSig
                0x00000020                . = 0x20
 *(.boot)
 .boot          0x03800020       0xbc C:\Program Files (x86)\VEX Robotics\VEXcode V5 Text\sdk/vexv5\libv5rt.a(v5_startup.c.obj)
                0x03800020                vexStartup
                0x03800100                . = ALIGN (0x40)
 *fill*         0x038000dc       0x24 
 *(.freertos_vectors)
 *(.text)
 *(.text.*)
 .text._Z9robotInitb
                0x03800100       0x88 build/src/functions.o
                0x03800100                robotInit(bool)
 .text._Z11calibrationv
                0x03800188       0x50 build/src/functions.o
                0x03800188                calibration()
 .text._Z13AutonSelectori
                0x038001d8      0x258 build/src/functions.o
                0x038001d8                AutonSelector(int)
 .text._Z10MainScreenv
                0x03800430      0x338 build/src/functions.o
                0x03800430                MainScreen()
 .text._Z5Brakev
                0x03800768       0x2c build/src/functions.o
                0x03800768                Brake()
 *fill*         0x03800794        0x4 
 .text._Z11IntakesMoved
                0x03800798       0x80 build/src/functions.o
                0x03800798                IntakesMove(double)
 .text._Z11IntakesStopv
                0x03800818       0x2c build/src/functions.o
                0x03800818                IntakesStop()
 *fill*         0x03800844        0x4 
 .text._Z9SwingDownv
                0x03800848       0x50 build/src/functions.o
                0x03800848                SwingDown()
 .text._Z7SwingUpv
                0x03800898       0x50 build/src/functions.o
                0x03800898                SwingUp()
 .text._Z15SwingToLocationi
                0x038008e8      0x1c0 build/src/functions.o
                0x038008e8                SwingToLocation(int)
 .text._Z5R4BUpv
                0x03800aa8       0x74 build/src/functions.o
                0x03800aa8                R4BUp()
 .text._Z7R4BDownv
                0x03800b1c       0x74 build/src/functions.o
                0x03800b1c                R4BDown()
 .text._Z13R4BToLocationi
                0x03800b90       0xb8 build/src/functions.o
                0x03800b90                R4BToLocation(int)
 .text._Z9DropStackv
                0x03800c48       0x48 build/src/functions.o
                0x03800c48                DropStack()
 .text._Z5Sleepd
                0x03800c90       0x10 build/src/functions.o
                0x03800c90                Sleep(double)
 .text._Z8DistMovedi
                0x03800ca0      0x1e8 build/src/functions.o
                0x03800ca0                DistMove(double, int)
 .text._Z7DegTurndi
                0x03800e88       0x94 build/src/functions.o
                0x03800e88                DegTurn(double, int)
 .text._Z23AutonSelectorScreenInitv
                0x03800f1c      0x2e0 build/src/functions.o
                0x03800f1c                AutonSelectorScreenInit()
 .text._Z7AllStopv
                0x038011fc       0x68 build/src/functions.o
                0x038011fc                AllStop()
 *fill*         0x03801264        0x4 
 .text._Z10VisionGoToiii
                0x03801268      0x1a8 build/src/functions.o
                0x03801268                VisionGoTo(int, int, int)
 .text._Z11GyroCurrentv
                0x03801410       0x68 build/src/functions.o
                0x03801410                GyroCurrent()
 .text._Z12AccelCurrentv
                0x03801478       0xd8 build/src/functions.o
                0x03801478                AccelCurrent()
 .text._Z8autoLoopv
                0x03801550      0x210 build/src/main.o
                0x03801550                autoLoop()
 .text._Z14ControllerLoopv
                0x03801760       0x28 build/src/main.o
                0x03801760                ControllerLoop()
 .text.main     0x03801788       0x58 build/src/main.o
                0x03801788                main
 .text._ZN3vex6visionC2IJNS0_9signatureES2_S2_S2_S2_S2_S2_EEElhDpRT_
                0x038017e0       0x64 build/src/config.o
                0x038017e0                vex::vision::vision<vex::vision::signature, vex::vision::signature, vex::vision::signature, vex::vision::signature, vex::vision::signature, vex::vision::signature, vex::vision::signature>(long, unsigned char, vex::vision::signature&, vex::vision::signature&, vex::vision::signature&, vex::vision::signature&, vex::vision::signature&, vex::vision::signature&, vex::vision::signature&)
 .text._ZN3vex6vision7_setsigINS0_9signatureEJS2_S2_S2_S2_EEEvRT_DpRT0_
                0x03801844       0x4c build/src/config.o
                0x03801844                void vex::vision::_setsig<vex::vision::signature, vex::vision::signature, vex::vision::signature, vex::vision::signature, vex::vision::signature>(vex::vision::signature&, vex::vision::signature&, vex::vision::signature&, vex::vision::signature&, vex::vision::signature&)
 .text._GLOBAL__sub_I_config.cpp
                0x03801890      0x57c build/src/config.o
 .text._Z13FieldTemplatev
                0x03801e0c      0xae0 build/src/VirtualField.o
                0x03801e0c                FieldTemplate()
 *fill*         0x038028ec        0x4 
 .text._Z13RobotTemplateddd
                0x038028f0      0x3f8 build/src/VirtualField.o
                0x038028f0                RobotTemplate(double, double, double)
 .text._Z17StartVirtualFieldiii
                0x03802ce8       0x80 build/src/FieldVirtualization.o
                0x03802ce8                StartVirtualField(int, int, int)
 .text._Z12VirtualFieldv
                0x03802d68      0x4f8 build/src/FieldVirtualization.o
                0x03802d68                VirtualField()
 .text._Z3BF3v  0x03803260      0x1d0 build/src/Auton/BF3.o
                0x03803260                BF3()
 .text._Z6Skillsv
                0x03803430      0x328 build/src/Auton/Skills.o
                0x03803430                Skills()
 .text._Z3RF3v  0x03803758      0x1d0 build/src/Auton/RF3.o
                0x03803758                RF3()
 .text._Z3RB5v  0x03803928      0x198 build/src/Auton/RB5.o
                0x03803928                RB5()
 .text._Z3RB1v  0x03803ac0       0xb0 build/src/Auton/RB1.o
                0x03803ac0                RB1()
 .text._Z9TestAutonv
                0x03803b70       0x94 build/src/Auton/TestAuton.o
                0x03803b70                TestAuton()
 *fill*         0x03803c04        0x4 
 .text._Z3BB5v  0x03803c08      0x198 build/src/Auton/BB5.o
                0x03803c08                BB5()
 .text._Z3RF1v  0x03803da0       0xb0 build/src/Auton/RF1.o
                0x03803da0                RF1()
 .text._Z3BB1v  0x03803e50       0xb0 build/src/Auton/BB1.o
                0x03803e50                BB1()
 .text._Z16CarterControllerv
                0x03803f00      0x3c4 build/src/Controller_Profiles/CarterController.o
                0x03803f00                CarterController()
 .text._Z15OtherControllerv
                0x038042c4      0x3c0 build/src/Controller_Profiles/OtherController.o
                0x038042c4                OtherController()
 .text.vexMain  0x03804684       0xb0 C:\Program Files (x86)\VEX Robotics\VEXcode V5 Text\sdk/vexv5\libv5rt.a(v5_startup.c.obj)
                0x03804684                vexMain
 .text.__vex_function_prolog
                0x03804734       0x18 C:\Program Files (x86)\VEX Robotics\VEXcode V5 Text\sdk/vexv5\libv5rt.a(v5_startup.c.obj)
                0x03804734                __vex_function_prolog
 .text._init    0x0380474c        0x4 C:\Program Files (x86)\VEX Robotics\VEXcode V5 Text\sdk/vexv5\libv5rt.a(v5_startup.c.obj)
                0x0380474c                _init
 .text._fini    0x03804750        0x4 C:\Program Files (x86)\VEX Robotics\VEXcode V5 Text\sdk/vexv5\libv5rt.a(v5_startup.c.obj)
                0x03804750                _fini
 .text.vexStdlibVersionLinked
                0x03804754        0xc C:\Program Files (x86)\VEX Robotics\VEXcode V5 Text\sdk/vexv5\libv5rt.a(v5_util.c.obj)
                0x03804754                vexStdlibVersionLinked
 .text.vexStdlibVersionVerify
                0x03804760       0x30 C:\Program Files (x86)\VEX Robotics\VEXcode V5 Text\sdk/vexv5\libv5rt.a(v5_util.c.obj)
                0x03804760                vexStdlibVersionVerify
 .text.vexPrivateApiEnable
                0x03804790       0x10 C:\Program Files (x86)\VEX Robotics\VEXcode V5 Text\sdk/vexv5\libv5rt.a(v5_apijump.c.obj)
                0x03804790                vexPrivateApiEnable
 .text.vexStdlibMismatchError
                0x038047a0       0x3c C:\Program Files (x86)\VEX Robotics\VEXcode V5 Text\sdk/vexv5\libv5rt.a(v5_apijump.c.obj)
                0x038047a0                vexStdlibMismatchError
 .text.vexTaskAdd
                0x038047dc       0x10 C:\Program Files (x86)\VEX Robotics\VEXcode V5 Text\sdk/vexv5\libv5rt.a(v5_apijump.c.obj)
                0x038047dc                vexTaskAdd
 .text.vexTaskStop
                0x038047ec       0x10 C:\Program Files (x86)\VEX Robotics\VEXcode V5 Text\sdk/vexv5\libv5rt.a(v5_apijump.c.obj)
                0x038047ec                vexTaskStop
 .text.vexTasksRun
                0x038047fc       0x10 C:\Program Files (x86)\VEX Robotics\VEXcode V5 Text\sdk/vexv5\libv5rt.a(v5_apijump.c.obj)
                0x038047fc                vexTasksRun
 .text.vexTaskYield
                0x0380480c       0x10 C:\Program Files (x86)\VEX Robotics\VEXcode V5 Text\sdk/vexv5\libv5rt.a(v5_apijump.c.obj)
                0x0380480c                vexTaskYield
 .text.vexTaskCheckTimeslice
                0x0380481c       0x10 C:\Program Files (x86)\VEX Robotics\VEXcode V5 Text\sdk/vexv5\libv5rt.a(v5_apijump.c.obj)
                0x0380481c                vexTaskCheckTimeslice
 .text.vexTaskSleep
                0x0380482c       0x10 C:\Program Files (x86)\VEX Robotics\VEXcode V5 Text\sdk/vexv5\libv5rt.a(v5_apijump.c.obj)
                0x0380482c                vexTaskSleep
 .text.vexTasksDump
                0x0380483c       0x1c C:\Program Files (x86)\VEX Robotics\VEXcode V5 Text\sdk/vexv5\libv5rt.a(v5_apijump.c.obj)
                0x0380483c                vexTasksDump
 .text.vexTaskGetTaskIndex
                0x03804858       0x10 C:\Program Files (x86)\VEX Robotics\VEXcode V5 Text\sdk/vexv5\libv5rt.a(v5_apijump.c.obj)
                0x03804858                vexTaskGetTaskIndex
 .text.vexTaskStopAll
                0x03804868       0x10 C:\Program Files (x86)\VEX Robotics\VEXcode V5 Text\sdk/vexv5\libv5rt.a(v5_apijump.c.obj)
                0x03804868                vexTaskStopAll
 .text.vexTaskRemoveAllUser
                0x03804878       0x34 C:\Program Files (x86)\VEX Robotics\VEXcode V5 Text\sdk/vexv5\libv5rt.a(v5_apijump.c.obj)
                0x03804878                vexTaskRemoveAllUser
 .text.vexTaskCompletionIdSet
                0x038048ac       0x10 C:\Program Files (x86)\VEX Robotics\VEXcode V5 Text\sdk/vexv5\libv5rt.a(v5_apijump.c.obj)
                0x038048ac                vexTaskCompletionIdSet
 .text.vexCriticalSection
                0x038048bc       0x2c C:\Program Files (x86)\VEX Robotics\VEXcode V5 Text\sdk/vexv5\libv5rt.a(v5_apijump.c.obj)
                0x038048bc                vexCriticalSection
 .text.vexEventAdd
                0x038048e8       0x34 C:\Program Files (x86)\VEX Robotics\VEXcode V5 Text\sdk/vexv5\libv5rt.a(v5_apijump.c.obj)
                0x038048e8                vexEventAdd
 .text.vexEventUserIndexGet
                0x0380491c       0x1c C:\Program Files (x86)\VEX Robotics\VEXcode V5 Text\sdk/vexv5\libv5rt.a(v5_apijump.c.obj)
                0x0380491c                vexEventUserIndexGet
 .text.vexEventAddWithArg
                0x03804938       0x3c C:\Program Files (x86)\VEX Robotics\VEXcode V5 Text\sdk/vexv5\libv5rt.a(v5_apijump.c.obj)
                0x03804938                vexEventAddWithArg
 .text.vexEventsCleanup
                0x03804974       0x2c C:\Program Files (x86)\VEX Robotics\VEXcode V5 Text\sdk/vexv5\libv5rt.a(v5_apijump.c.obj)
                0x03804974                vexEventsCleanup
 .text.vexDebug
                0x038049a0       0x38 C:\Program Files (x86)\VEX Robotics\VEXcode V5 Text\sdk/vexv5\libv5rt.a(v5_apijump.c.obj)
                0x038049a0                vexDebug
 .text.vex_sprintf
                0x038049d8       0x40 C:\Program Files (x86)\VEX Robotics\VEXcode V5 Text\sdk/vexv5\libv5rt.a(v5_apijump.c.obj)
                0x038049d8                vex_sprintf
 .text.vex_vsnprintf
                0x03804a18       0x3c C:\Program Files (x86)\VEX Robotics\VEXcode V5 Text\sdk/vexv5\libv5rt.a(v5_apijump.c.obj)
                0x03804a18                vex_vsnprintf
 .text.vexSystemTimeGet
                0x03804a54       0x1c C:\Program Files (x86)\VEX Robotics\VEXcode V5 Text\sdk/vexv5\libv5rt.a(v5_apijump.c.obj)
                0x03804a54                vexSystemTimeGet
 .text.vexSystemExitRequest
                0x03804a70       0x1c C:\Program Files (x86)\VEX Robotics\VEXcode V5 Text\sdk/vexv5\libv5rt.a(v5_apijump.c.obj)
                0x03804a70                vexSystemExitRequest
 .text.vexDeviceGetByIndex
                0x03804a8c       0x24 C:\Program Files (x86)\VEX Robotics\VEXcode V5 Text\sdk/vexv5\libv5rt.a(v5_apijump.c.obj)
                0x03804a8c                vexDeviceGetByIndex
 .text.vexControllerGet
                0x03804ab0       0x2c C:\Program Files (x86)\VEX Robotics\VEXcode V5 Text\sdk/vexv5\libv5rt.a(v5_apijump.c.obj)
                0x03804ab0                vexControllerGet
 .text.vexControllerTextSet
                0x03804adc       0x74 C:\Program Files (x86)\VEX Robotics\VEXcode V5 Text\sdk/vexv5\libv5rt.a(v5_apijump.c.obj)
                0x03804adc                vexControllerTextSet
 .text.vexDeviceAdiPortConfigSet
                0x03804b50       0x34 C:\Program Files (x86)\VEX Robotics\VEXcode V5 Text\sdk/vexv5\libv5rt.a(v5_apijump.c.obj)
                0x03804b50                vexDeviceAdiPortConfigSet
 .text.vexDeviceAdiPortConfigGet
                0x03804b84       0x2c C:\Program Files (x86)\VEX Robotics\VEXcode V5 Text\sdk/vexv5\libv5rt.a(v5_apijump.c.obj)
                0x03804b84                vexDeviceAdiPortConfigGet
 .text.vexDeviceAdiValueSet
                0x03804bb0       0x34 C:\Program Files (x86)\VEX Robotics\VEXcode V5 Text\sdk/vexv5\libv5rt.a(v5_apijump.c.obj)
                0x03804bb0                vexDeviceAdiValueSet
 .text.vexDeviceAdiValueGet
                0x03804be4       0x2c C:\Program Files (x86)\VEX Robotics\VEXcode V5 Text\sdk/vexv5\libv5rt.a(v5_apijump.c.obj)
                0x03804be4                vexDeviceAdiValueGet
 .text.vexDeviceMotorVelocitySet
                0x03804c10       0x2c C:\Program Files (x86)\VEX Robotics\VEXcode V5 Text\sdk/vexv5\libv5rt.a(v5_apijump.c.obj)
                0x03804c10                vexDeviceMotorVelocitySet
 .text.vexDeviceMotorActualVelocityGet
                0x03804c3c       0x24 C:\Program Files (x86)\VEX Robotics\VEXcode V5 Text\sdk/vexv5\libv5rt.a(v5_apijump.c.obj)
                0x03804c3c                vexDeviceMotorActualVelocityGet
 .text.vexDeviceMotorTemperatureGet
                0x03804c60       0x24 C:\Program Files (x86)\VEX Robotics\VEXcode V5 Text\sdk/vexv5\libv5rt.a(v5_apijump.c.obj)
                0x03804c60                vexDeviceMotorTemperatureGet
 .text.vexDeviceMotorZeroPositionFlagGet
                0x03804c84       0x24 C:\Program Files (x86)\VEX Robotics\VEXcode V5 Text\sdk/vexv5\libv5rt.a(v5_apijump.c.obj)
                0x03804c84                vexDeviceMotorZeroPositionFlagGet
 .text.vexDeviceMotorReverseFlagSet
                0x03804ca8       0x2c C:\Program Files (x86)\VEX Robotics\VEXcode V5 Text\sdk/vexv5\libv5rt.a(v5_apijump.c.obj)
                0x03804ca8                vexDeviceMotorReverseFlagSet
 .text.vexDeviceMotorEncoderUnitsSet
                0x03804cd4       0x2c C:\Program Files (x86)\VEX Robotics\VEXcode V5 Text\sdk/vexv5\libv5rt.a(v5_apijump.c.obj)
                0x03804cd4                vexDeviceMotorEncoderUnitsSet
 .text.vexDeviceMotorBrakeModeSet
                0x03804d00       0x2c C:\Program Files (x86)\VEX Robotics\VEXcode V5 Text\sdk/vexv5\libv5rt.a(v5_apijump.c.obj)
                0x03804d00                vexDeviceMotorBrakeModeSet
 .text.vexDeviceMotorPositionSet
                0x03804d2c       0x34 C:\Program Files (x86)\VEX Robotics\VEXcode V5 Text\sdk/vexv5\libv5rt.a(v5_apijump.c.obj)
                0x03804d2c                vexDeviceMotorPositionSet
 .text.vexDeviceMotorPositionGet
                0x03804d60       0x24 C:\Program Files (x86)\VEX Robotics\VEXcode V5 Text\sdk/vexv5\libv5rt.a(v5_apijump.c.obj)
                0x03804d60                vexDeviceMotorPositionGet
 .text.vexDeviceMotorAbsoluteTargetSet
                0x03804d84       0x3c C:\Program Files (x86)\VEX Robotics\VEXcode V5 Text\sdk/vexv5\libv5rt.a(v5_apijump.c.obj)
                0x03804d84                vexDeviceMotorAbsoluteTargetSet
 .text.vexDeviceMotorRelativeTargetSet
                0x03804dc0       0x3c C:\Program Files (x86)\VEX Robotics\VEXcode V5 Text\sdk/vexv5\libv5rt.a(v5_apijump.c.obj)
                0x03804dc0                vexDeviceMotorRelativeTargetSet
 .text.vexDeviceMotorGearingSet
                0x03804dfc       0x2c C:\Program Files (x86)\VEX Robotics\VEXcode V5 Text\sdk/vexv5\libv5rt.a(v5_apijump.c.obj)
                0x03804dfc                vexDeviceMotorGearingSet
 .text.vexDeviceMotorGearingGet
                0x03804e28       0x24 C:\Program Files (x86)\VEX Robotics\VEXcode V5 Text\sdk/vexv5\libv5rt.a(v5_apijump.c.obj)
                0x03804e28                vexDeviceMotorGearingGet
 .text.vexDeviceVisionModeSet
                0x03804e4c       0x2c C:\Program Files (x86)\VEX Robotics\VEXcode V5 Text\sdk/vexv5\libv5rt.a(v5_apijump.c.obj)
                0x03804e4c                vexDeviceVisionModeSet
 .text.vexDeviceVisionObjectCountGet
                0x03804e78       0x24 C:\Program Files (x86)\VEX Robotics\VEXcode V5 Text\sdk/vexv5\libv5rt.a(v5_apijump.c.obj)
                0x03804e78                vexDeviceVisionObjectCountGet
 .text.vexDeviceVisionObjectGet
                0x03804e9c       0x34 C:\Program Files (x86)\VEX Robotics\VEXcode V5 Text\sdk/vexv5\libv5rt.a(v5_apijump.c.obj)
                0x03804e9c                vexDeviceVisionObjectGet
 .text.vexDeviceVisionSignatureSet
                0x03804ed0       0x2c C:\Program Files (x86)\VEX Robotics\VEXcode V5 Text\sdk/vexv5\libv5rt.a(v5_apijump.c.obj)
                0x03804ed0                vexDeviceVisionSignatureSet
 .text.vexDeviceVisionBrightnessSet
                0x03804efc       0x2c C:\Program Files (x86)\VEX Robotics\VEXcode V5 Text\sdk/vexv5\libv5rt.a(v5_apijump.c.obj)
                0x03804efc                vexDeviceVisionBrightnessSet
 .text.vexDeviceVisionLedModeSet
                0x03804f28       0x2c C:\Program Files (x86)\VEX Robotics\VEXcode V5 Text\sdk/vexv5\libv5rt.a(v5_apijump.c.obj)
                0x03804f28                vexDeviceVisionLedModeSet
 .text.vexDeviceVisionLedColorSet
                0x03804f54       0x30 C:\Program Files (x86)\VEX Robotics\VEXcode V5 Text\sdk/vexv5\libv5rt.a(v5_apijump.c.obj)
                0x03804f54                vexDeviceVisionLedColorSet
 .text.vexDeviceVisionWifiModeSet
                0x03804f84       0x2c C:\Program Files (x86)\VEX Robotics\VEXcode V5 Text\sdk/vexv5\libv5rt.a(v5_apijump.c.obj)
                0x03804f84                vexDeviceVisionWifiModeSet
 .text.vexDisplayForegroundColor
                0x03804fb0       0x24 C:\Program Files (x86)\VEX Robotics\VEXcode V5 Text\sdk/vexv5\libv5rt.a(v5_apijump.c.obj)
                0x03804fb0                vexDisplayForegroundColor
 .text.vexDisplayBackgroundColor
                0x03804fd4       0x24 C:\Program Files (x86)\VEX Robotics\VEXcode V5 Text\sdk/vexv5\libv5rt.a(v5_apijump.c.obj)
                0x03804fd4                vexDisplayBackgroundColor
 .text.vexDisplayBackgroundColorGet
                0x03804ff8       0x1c C:\Program Files (x86)\VEX Robotics\VEXcode V5 Text\sdk/vexv5\libv5rt.a(v5_apijump.c.obj)
                0x03804ff8                vexDisplayBackgroundColorGet
 .text.vexDisplayPixelSet
                0x03805014       0x38 C:\Program Files (x86)\VEX Robotics\VEXcode V5 Text\sdk/vexv5\libv5rt.a(v5_apijump.c.obj)
                0x03805014                vexDisplayPixelSet
 .text.vexDisplayLineDraw
                0x0380504c       0x4c C:\Program Files (x86)\VEX Robotics\VEXcode V5 Text\sdk/vexv5\libv5rt.a(v5_apijump.c.obj)
                0x0380504c                vexDisplayLineDraw
 .text.vexDisplayRectDraw
                0x03805098       0x4c C:\Program Files (x86)\VEX Robotics\VEXcode V5 Text\sdk/vexv5\libv5rt.a(v5_apijump.c.obj)
                0x03805098                vexDisplayRectDraw
 .text.vexDisplayRectClear
                0x038050e4       0x4c C:\Program Files (x86)\VEX Robotics\VEXcode V5 Text\sdk/vexv5\libv5rt.a(v5_apijump.c.obj)
                0x038050e4                vexDisplayRectClear
 .text.vexDisplayCircleDraw
                0x03805130       0x40 C:\Program Files (x86)\VEX Robotics\VEXcode V5 Text\sdk/vexv5\libv5rt.a(v5_apijump.c.obj)
                0x03805130                vexDisplayCircleDraw
 .text.vexDisplayCircleClear
                0x03805170       0x40 C:\Program Files (x86)\VEX Robotics\VEXcode V5 Text\sdk/vexv5\libv5rt.a(v5_apijump.c.obj)
                0x03805170                vexDisplayCircleClear
 .text.vexDisplayPrintf
                0x038051b0       0x68 C:\Program Files (x86)\VEX Robotics\VEXcode V5 Text\sdk/vexv5\libv5rt.a(v5_apijump.c.obj)
                0x038051b0                vexDisplayPrintf
 .text.vexDisplayTextReference
                0x03805218       0x24 C:\Program Files (x86)\VEX Robotics\VEXcode V5 Text\sdk/vexv5\libv5rt.a(v5_apijump.c.obj)
                0x03805218                vexDisplayTextReference
 .text.vexDisplayTextSize
                0x0380523c       0x2c C:\Program Files (x86)\VEX Robotics\VEXcode V5 Text\sdk/vexv5\libv5rt.a(v5_apijump.c.obj)
                0x0380523c                vexDisplayTextSize
 .text.vexDisplayFontNamedSet
                0x03805268       0x24 C:\Program Files (x86)\VEX Robotics\VEXcode V5 Text\sdk/vexv5\libv5rt.a(v5_apijump.c.obj)
                0x03805268                vexDisplayFontNamedSet
 .text.vexDisplayPenSizeSet
                0x0380528c       0x24 C:\Program Files (x86)\VEX Robotics\VEXcode V5 Text\sdk/vexv5\libv5rt.a(v5_apijump.c.obj)
                0x0380528c                vexDisplayPenSizeSet
 .text.vexDisplayPenSizeGet
                0x038052b0       0x1c C:\Program Files (x86)\VEX Robotics\VEXcode V5 Text\sdk/vexv5\libv5rt.a(v5_apijump.c.obj)
                0x038052b0                vexDisplayPenSizeGet
 .text.vexSystemStdlibImpureDataAddr
                0x038052cc       0x28 C:\Program Files (x86)\VEX Robotics\VEXcode V5 Text\sdk/vexv5\libv5rt.a(v5_apijump.c.obj)
                0x038052cc                vexSystemStdlibImpureDataAddr
 .text.vexSystemStdlibImpureDataSize
                0x038052f4       0x28 C:\Program Files (x86)\VEX Robotics\VEXcode V5 Text\sdk/vexv5\libv5rt.a(v5_apijump.c.obj)
                0x038052f4                vexSystemStdlibImpureDataSize
 .text.vexSystemSaveUserData
                0x0380531c       0x3c C:\Program Files (x86)\VEX Robotics\VEXcode V5 Text\sdk/vexv5\libv5rt.a(v5_apijump.c.obj)
                0x0380531c                vexSystemSaveUserData
 .text.vexTouchDataGet
                0x03805358       0x10 C:\Program Files (x86)\VEX Robotics\VEXcode V5 Text\sdk/vexv5\libv5rt.a(v5_apijump.c.obj)
                0x03805358                vexTouchDataGet
 .text.vexDisplayThemeIdGet
                0x03805368       0x38 C:\Program Files (x86)\VEX Robotics\VEXcode V5 Text\sdk/vexv5\libv5rt.a(v5_apijump.c.obj)
                0x03805368                vexDisplayThemeIdGet
 .text.vexCompetitionStatus
                0x038053a0       0x1c C:\Program Files (x86)\VEX Robotics\VEXcode V5 Text\sdk/vexv5\libv5rt.a(v5_apijump.c.obj)
                0x038053a0                vexCompetitionStatus
 .text.vexBatteryCapacityGet
                0x038053bc       0x1c C:\Program Files (x86)\VEX Robotics\VEXcode V5 Text\sdk/vexv5\libv5rt.a(v5_apijump.c.obj)
                0x038053bc                vexBatteryCapacityGet
 .text.vexDeviceEventMaskSet
                0x038053d8       0x48 C:\Program Files (x86)\VEX Robotics\VEXcode V5 Text\sdk/vexv5\libv5rt.a(v5_apijump.c.obj)
                0x038053d8                vexDeviceEventMaskSet
 .text.vexDeviceEventMaskGet
                0x03805420       0x3c C:\Program Files (x86)\VEX Robotics\VEXcode V5 Text\sdk/vexv5\libv5rt.a(v5_apijump.c.obj)
                0x03805420                vexDeviceEventMaskGet
 .text.vexSystemVersion
                0x0380545c       0x10 C:\Program Files (x86)\VEX Robotics\VEXcode V5 Text\sdk/vexv5\libv5rt.a(v5_apiversions.c.obj)
                0x0380545c                vexSystemVersion
 .text.vexStdlibVersion
                0x0380546c       0x10 C:\Program Files (x86)\VEX Robotics\VEXcode V5 Text\sdk/vexv5\libv5rt.a(v5_apiversions.c.obj)
                0x0380546c                vexStdlibVersion
 .text._ZN3vex5motor9installedEv
                0x0380547c       0x18 C:\Program Files (x86)\VEX Robotics\VEXcode V5 Text\sdk/vexv5\libv5rt.a(vex_motor.cpp.obj)
                0x0380547c                vex::motor::installed()
 .text._ZN3vex5motorD2Ev
                0x03805494       0x20 C:\Program Files (x86)\VEX Robotics\VEXcode V5 Text\sdk/vexv5\libv5rt.a(vex_motor.cpp.obj)
                0x03805494                vex::motor::~motor()
                0x03805494                vex::motor::~motor()
 .text._ZN3vex5motor15defaultStoppingENS_9brakeTypeE
                0x038054b4       0x30 C:\Program Files (x86)\VEX Robotics\VEXcode V5 Text\sdk/vexv5\libv5rt.a(vex_motor.cpp.obj)
                0x038054b4                vex::motor::defaultStopping(vex::brakeType)
 .text._ZN3vex5motorC2El
                0x038054e4       0x78 C:\Program Files (x86)\VEX Robotics\VEXcode V5 Text\sdk/vexv5\libv5rt.a(vex_motor.cpp.obj)
                0x038054e4                vex::motor::motor(long)
                0x038054e4                vex::motor::motor(long)
 .text._ZN3vex5motorC2ElNS_11gearSettingEb
                0x0380555c       0x34 C:\Program Files (x86)\VEX Robotics\VEXcode V5 Text\sdk/vexv5\libv5rt.a(vex_motor.cpp.obj)
                0x0380555c                vex::motor::motor(long, vex::gearSetting, bool)
                0x0380555c                vex::motor::motor(long, vex::gearSetting, bool)
 .text._ZN3vex5motorC2ElNS_11gearSettingE
                0x03805590       0x24 C:\Program Files (x86)\VEX Robotics\VEXcode V5 Text\sdk/vexv5\libv5rt.a(vex_motor.cpp.obj)
                0x03805590                vex::motor::motor(long, vex::gearSetting)
                0x03805590                vex::motor::motor(long, vex::gearSetting)
 .text._ZN3vex5motor4stopENS_9brakeTypeE
                0x038055b4       0x30 C:\Program Files (x86)\VEX Robotics\VEXcode V5 Text\sdk/vexv5\libv5rt.a(vex_motor.cpp.obj)
                0x038055b4                vex::motor::stop(vex::brakeType)
 .text._ZN3vex5motor4stopEv
                0x038055e4        0x8 C:\Program Files (x86)\VEX Robotics\VEXcode V5 Text\sdk/vexv5\libv5rt.a(vex_motor.cpp.obj)
                0x038055e4                vex::motor::stop()
 *fill*         0x038055ec        0x4 
 .text._ZN3vex5motor11temperatureENS_12percentUnitsE
                0x038055f0       0x68 C:\Program Files (x86)\VEX Robotics\VEXcode V5 Text\sdk/vexv5\libv5rt.a(vex_motor.cpp.obj)
                0x038055f0                vex::motor::temperature(vex::percentUnits)
 .text._ZN3vex5motor16velocityToScaledEdNS_13velocityUnitsE
                0x03805658       0x5c C:\Program Files (x86)\VEX Robotics\VEXcode V5 Text\sdk/vexv5\libv5rt.a(vex_motor.cpp.obj)
                0x03805658                vex::motor::velocityToScaled(double, vex::velocityUnits)
 .text._ZN3vex5motor8velocityENS_13velocityUnitsE
                0x038056b4       0x30 C:\Program Files (x86)\VEX Robotics\VEXcode V5 Text\sdk/vexv5\libv5rt.a(vex_motor.cpp.obj)
                0x038056b4                vex::motor::velocity(vex::velocityUnits)
 .text._ZN3vex5motor5valueEv
                0x038056e4       0x1c C:\Program Files (x86)\VEX Robotics\VEXcode V5 Text\sdk/vexv5\libv5rt.a(vex_motor.cpp.obj)
                0x038056e4                vex::motor::value()
 .text._ZN3vex5motor16scaledToVelocityEdNS_13velocityUnitsE
                0x03805700       0xa4 C:\Program Files (x86)\VEX Robotics\VEXcode V5 Text\sdk/vexv5\libv5rt.a(vex_motor.cpp.obj)
                0x03805700                vex::motor::scaledToVelocity(double, vex::velocityUnits)
 .text._ZN3vex5motor4spinENS_13directionTypeEdNS_13velocityUnitsE
                0x038057a4       0x5c C:\Program Files (x86)\VEX Robotics\VEXcode V5 Text\sdk/vexv5\libv5rt.a(vex_motor.cpp.obj)
                0x038057a4                vex::motor::spin(vex::directionType, double, vex::velocityUnits)
 .text._ZN3vex5motor16setRotationUnitsENS_13rotationUnitsE
                0x03805800       0x1c C:\Program Files (x86)\VEX Robotics\VEXcode V5 Text\sdk/vexv5\libv5rt.a(vex_motor.cpp.obj)
                0x03805800                vex::motor::setRotationUnits(vex::rotationUnits)
 .text._ZN3vex5motor11setRotationEdNS_13rotationUnitsE
                0x0380581c       0x44 C:\Program Files (x86)\VEX Robotics\VEXcode V5 Text\sdk/vexv5\libv5rt.a(vex_motor.cpp.obj)
                0x0380581c                vex::motor::setRotation(double, vex::rotationUnits)
 .text._ZN3vex5motor13resetRotationEv
                0x03805860       0x20 C:\Program Files (x86)\VEX Robotics\VEXcode V5 Text\sdk/vexv5\libv5rt.a(vex_motor.cpp.obj)
                0x03805860                vex::motor::resetRotation()
 .text._ZN3vex5motor8rotateToEdNS_13rotationUnitsEdNS_13velocityUnitsEb
                0x03805880       0xc4 C:\Program Files (x86)\VEX Robotics\VEXcode V5 Text\sdk/vexv5\libv5rt.a(vex_motor.cpp.obj)
                0x03805880                vex::motor::rotateTo(double, vex::rotationUnits, double, vex::velocityUnits, bool)
 .text._ZN3vex5motor13startRotateToEdNS_13rotationUnitsEdNS_13velocityUnitsE
                0x03805944       0x34 C:\Program Files (x86)\VEX Robotics\VEXcode V5 Text\sdk/vexv5\libv5rt.a(vex_motor.cpp.obj)
                0x03805944                vex::motor::startRotateTo(double, vex::rotationUnits, double, vex::velocityUnits)
 .text._ZN3vex5motor9rotateForEdNS_13rotationUnitsEdNS_13velocityUnitsEb
                0x03805978       0xe0 C:\Program Files (x86)\VEX Robotics\VEXcode V5 Text\sdk/vexv5\libv5rt.a(vex_motor.cpp.obj)
                0x03805978                vex::motor::rotateFor(double, vex::rotationUnits, double, vex::velocityUnits, bool)
 .text._ZN3vex5motor14startRotateForEdNS_13rotationUnitsEdNS_13velocityUnitsE
                0x03805a58       0x34 C:\Program Files (x86)\VEX Robotics\VEXcode V5 Text\sdk/vexv5\libv5rt.a(vex_motor.cpp.obj)
                0x03805a58                vex::motor::startRotateFor(double, vex::rotationUnits, double, vex::velocityUnits)
 .text._ZN3vex5motor8rotationENS_13rotationUnitsE
                0x03805a8c       0x44 C:\Program Files (x86)\VEX Robotics\VEXcode V5 Text\sdk/vexv5\libv5rt.a(vex_motor.cpp.obj)
                0x03805a8c                vex::motor::rotation(vex::rotationUnits)
 .text._ZN3vex6vision9installedEv
                0x03805ad0       0x18 C:\Program Files (x86)\VEX Robotics\VEXcode V5 Text\sdk/vexv5\libv5rt.a(vex_vision.cpp.obj)
                0x03805ad0                vex::vision::installed()
 .text._ZN3vex6visionD2Ev
                0x03805ae8       0x38 C:\Program Files (x86)\VEX Robotics\VEXcode V5 Text\sdk/vexv5\libv5rt.a(vex_vision.cpp.obj)
                0x03805ae8                vex::vision::~vision()
                0x03805ae8                vex::vision::~vision()
 .text._ZN3vex6vision12setSignatureERNS0_9signatureE
                0x03805b20       0x70 C:\Program Files (x86)\VEX Robotics\VEXcode V5 Text\sdk/vexv5\libv5rt.a(vex_vision.cpp.obj)
                0x03805b20                vex::vision::setSignature(vex::vision::signature&)
 .text._ZN3vex6vision7setModeENS0_13detectionModeE
                0x03805b90       0x18 C:\Program Files (x86)\VEX Robotics\VEXcode V5 Text\sdk/vexv5\libv5rt.a(vex_vision.cpp.obj)
                0x03805b90                vex::vision::setMode(vex::vision::detectionMode)
 .text._ZN3vex6vision13setBrightnessEh
                0x03805ba8       0x30 C:\Program Files (x86)\VEX Robotics\VEXcode V5 Text\sdk/vexv5\libv5rt.a(vex_vision.cpp.obj)
                0x03805ba8                vex::vision::setBrightness(unsigned char)
 .text._ZN3vex6vision10setLedModeENS0_7ledModeE
                0x03805bd8       0x18 C:\Program Files (x86)\VEX Robotics\VEXcode V5 Text\sdk/vexv5\libv5rt.a(vex_vision.cpp.obj)
                0x03805bd8                vex::vision::setLedMode(vex::vision::ledMode)
 .text._ZN3vex6vision11setLedColorEhhh
                0x03805bf0       0x30 C:\Program Files (x86)\VEX Robotics\VEXcode V5 Text\sdk/vexv5\libv5rt.a(vex_vision.cpp.obj)
                0x03805bf0                vex::vision::setLedColor(unsigned char, unsigned char, unsigned char)
 .text._ZN3vex6vision11setWifiModeENS0_8wifiModeE
                0x03805c20       0x18 C:\Program Files (x86)\VEX Robotics\VEXcode V5 Text\sdk/vexv5\libv5rt.a(vex_vision.cpp.obj)
                0x03805c20                vex::vision::setWifiMode(vex::vision::wifiMode)
 .text._ZN3vex6vision9signatureD2Ev
                0x03805c38        0x4 C:\Program Files (x86)\VEX Robotics\VEXcode V5 Text\sdk/vexv5\libv5rt.a(vex_vision.cpp.obj)
                0x03805c38                vex::vision::signature::~signature()
                0x03805c38                vex::vision::signature::~signature()
 .text._ZN3vex6vision9signature5clearEv
                0x03805c3c       0x38 C:\Program Files (x86)\VEX Robotics\VEXcode V5 Text\sdk/vexv5\libv5rt.a(vex_vision.cpp.obj)
                0x03805c3c                vex::vision::signature::clear()
 .text._ZN3vex6vision9signatureC2Ev
                0x03805c74       0x60 C:\Program Files (x86)\VEX Robotics\VEXcode V5 Text\sdk/vexv5\libv5rt.a(vex_vision.cpp.obj)
                0x03805c74                vex::vision::signature::signature()
                0x03805c74                vex::vision::signature::signature()
 .text._ZN3vex6vision9signatureC2Elllllllfl
                0x03805cd4       0x5c C:\Program Files (x86)\VEX Robotics\VEXcode V5 Text\sdk/vexv5\libv5rt.a(vex_vision.cpp.obj)
                0x03805cd4                vex::vision::signature::signature(long, long, long, long, long, long, long, float, long)
                0x03805cd4                vex::vision::signature::signature(long, long, long, long, long, long, long, float, long)
 .text._ZN3vex6vision6object3setE22_V5_DeviceVisionObject
                0x03805d30       0x78 C:\Program Files (x86)\VEX Robotics\VEXcode V5 Text\sdk/vexv5\libv5rt.a(vex_vision.cpp.obj)
                0x03805d30                vex::vision::object::set(_V5_DeviceVisionObject)
 .text._ZN3vex6vision6object5clearEv
                0x03805da8       0x38 C:\Program Files (x86)\VEX Robotics\VEXcode V5 Text\sdk/vexv5\libv5rt.a(vex_vision.cpp.obj)
                0x03805da8                vex::vision::object::clear()
 .text._ZN3vex6vision6objectC2Ev
                0x03805de0       0x58 C:\Program Files (x86)\VEX Robotics\VEXcode V5 Text\sdk/vexv5\libv5rt.a(vex_vision.cpp.obj)
                0x03805de0                vex::vision::object::object()
                0x03805de0                vex::vision::object::object()
 .text._ZN3vex6vision13_clearObjectsEv
                0x03805e38       0x40 C:\Program Files (x86)\VEX Robotics\VEXcode V5 Text\sdk/vexv5\libv5rt.a(vex_vision.cpp.obj)
                0x03805e38                vex::vision::_clearObjects()
 .text._ZN3vex6vision6objectaSERKS1_
                0x03805e78       0x74 C:\Program Files (x86)\VEX Robotics\VEXcode V5 Text\sdk/vexv5\libv5rt.a(vex_vision.cpp.obj)
                0x03805e78                vex::vision::object::operator=(vex::vision::object const&)
 .text._ZN3vex6vision12takeSnapshotEmm
                0x03805eec       0xf4 C:\Program Files (x86)\VEX Robotics\VEXcode V5 Text\sdk/vexv5\libv5rt.a(vex_vision.cpp.obj)
                0x03805eec                vex::vision::takeSnapshot(unsigned long, unsigned long)
 .text._ZN3vex6vision12takeSnapshotEm
                0x03805fe0        0x8 C:\Program Files (x86)\VEX Robotics\VEXcode V5 Text\sdk/vexv5\libv5rt.a(vex_vision.cpp.obj)
                0x03805fe0                vex::vision::takeSnapshot(unsigned long)
 .text._ZN3vex6vision5valueEv
                0x03805fe8        0x8 C:\Program Files (x86)\VEX Robotics\VEXcode V5 Text\sdk/vexv5\libv5rt.a(vex_vision.cpp.obj)
                0x03805fe8                vex::vision::value()
 .text._ZN3vex6vision12takeSnapshotERNS0_9signatureE
                0x03805ff0       0x10 C:\Program Files (x86)\VEX Robotics\VEXcode V5 Text\sdk/vexv5\libv5rt.a(vex_vision.cpp.obj)
                0x03805ff0                vex::vision::takeSnapshot(vex::vision::signature&)
 .text._ZN3vex6vision6objectaSEl
                0x03806000       0x38 C:\Program Files (x86)\VEX Robotics\VEXcode V5 Text\sdk/vexv5\libv5rt.a(vex_vision.cpp.obj)
                0x03806000                vex::vision::object::operator=(long)
 .text._ZN3vex6visionC2El
                0x03806038       0xa4 C:\Program Files (x86)\VEX Robotics\VEXcode V5 Text\sdk/vexv5\libv5rt.a(vex_vision.cpp.obj)
                0x03806038                vex::vision::vision(long)
                0x03806038                vex::vision::vision(long)
 .text._ZN3vex10controllerD2Ev
                0x038060dc        0x4 C:\Program Files (x86)\VEX Robotics\VEXcode V5 Text\sdk/vexv5\libv5rt.a(vex_controller.cpp.obj)
                0x038060dc                vex::controller::~controller()
                0x038060dc                vex::controller::~controller()
 .text._ZN3vex10controller5valueE19_V5_ControllerIndex
                0x038060e0        0x8 C:\Program Files (x86)\VEX Robotics\VEXcode V5 Text\sdk/vexv5\libv5rt.a(vex_controller.cpp.obj)
                0x038060e0                vex::controller::value(_V5_ControllerIndex)
 .text._ZN3vex10controller6rumbleEPKc
                0x038060e8       0x4c C:\Program Files (x86)\VEX Robotics\VEXcode V5 Text\sdk/vexv5\libv5rt.a(vex_controller.cpp.obj)
                0x038060e8                vex::controller::rumble(char const*)
 .text._ZN3vex10controller6button8pressingEv
                0x03806134       0xc8 C:\Program Files (x86)\VEX Robotics\VEXcode V5 Text\sdk/vexv5\libv5rt.a(vex_controller.cpp.obj)
                0x03806134                vex::controller::button::pressing()
 .text._ZN3vex10controller6button21_buttonToPressedEventEv
                0x038061fc       0x20 C:\Program Files (x86)\VEX Robotics\VEXcode V5 Text\sdk/vexv5\libv5rt.a(vex_controller.cpp.obj)
                0x038061fc                vex::controller::button::_buttonToPressedEvent()
 .text._ZN3vex10controller6button22_buttonToReleasedEventEv
                0x0380621c       0x20 C:\Program Files (x86)\VEX Robotics\VEXcode V5 Text\sdk/vexv5\libv5rt.a(vex_controller.cpp.obj)
                0x0380621c                vex::controller::button::_buttonToReleasedEvent()
 .text._ZN3vex10controller6buttonC2ENS0_11tButtonTypeEPS0_
                0x0380623c       0x48 C:\Program Files (x86)\VEX Robotics\VEXcode V5 Text\sdk/vexv5\libv5rt.a(vex_controller.cpp.obj)
                0x0380623c                vex::controller::button::button(vex::controller::tButtonType, vex::controller*)
                0x0380623c                vex::controller::button::button(vex::controller::tButtonType, vex::controller*)
 .text._ZN3vex10controller4axis5valueEv
                0x03806284       0x58 C:\Program Files (x86)\VEX Robotics\VEXcode V5 Text\sdk/vexv5\libv5rt.a(vex_controller.cpp.obj)
                0x03806284                vex::controller::axis::value()
 .text._ZN3vex10controller4axis8positionENS_12percentUnitsE
                0x038062dc       0x1c C:\Program Files (x86)\VEX Robotics\VEXcode V5 Text\sdk/vexv5\libv5rt.a(vex_controller.cpp.obj)
                0x038062dc                vex::controller::axis::position(vex::percentUnits)
 .text._ZN3vex10controller4axis23_joystickToChangedEventEv
                0x038062f8       0x20 C:\Program Files (x86)\VEX Robotics\VEXcode V5 Text\sdk/vexv5\libv5rt.a(vex_controller.cpp.obj)
                0x038062f8                vex::controller::axis::_joystickToChangedEvent()
 .text._ZN3vex10controller4axisC2ENS0_9tAxisTypeEPS0_
                0x03806318       0x2c C:\Program Files (x86)\VEX Robotics\VEXcode V5 Text\sdk/vexv5\libv5rt.a(vex_controller.cpp.obj)
                0x03806318                vex::controller::axis::axis(vex::controller::tAxisType, vex::controller*)
                0x03806318                vex::controller::axis::axis(vex::controller::tAxisType, vex::controller*)
 .text._ZN3vex10controllerC2ENS_14controllerTypeE
                0x03806344      0x204 C:\Program Files (x86)\VEX Robotics\VEXcode V5 Text\sdk/vexv5\libv5rt.a(vex_controller.cpp.obj)
                0x03806344                vex::controller::controller(vex::controllerType)
                0x03806344                vex::controller::controller(vex::controllerType)
 .text._ZN3vex4taskC2EPFivE
                0x03806548       0x54 C:\Program Files (x86)\VEX Robotics\VEXcode V5 Text\sdk/vexv5\libv5rt.a(vex_task.cpp.obj)
                0x03806548                vex::task::task(int (*)())
                0x03806548                vex::task::task(int (*)())
 .text._ZN3vex4taskD2Ev
                0x0380659c        0x4 C:\Program Files (x86)\VEX Robotics\VEXcode V5 Text\sdk/vexv5\libv5rt.a(vex_task.cpp.obj)
                0x0380659c                vex::task::~task()
                0x0380659c                vex::task::~task()
 .text._ZN3vex4task4stopEPFivE
                0x038065a0        0xc C:\Program Files (x86)\VEX Robotics\VEXcode V5 Text\sdk/vexv5\libv5rt.a(vex_task.cpp.obj)
                0x038065a0                vex::task::stop(int (*)())
 .text._ZN3vex4task5sleepEm
                0x038065ac        0x4 C:\Program Files (x86)\VEX Robotics\VEXcode V5 Text\sdk/vexv5\libv5rt.a(vex_task.cpp.obj)
                0x038065ac                vex::task::sleep(unsigned long)
 .text._ZN3vex4task6_indexEPFivE
                0x038065b0       0x14 C:\Program Files (x86)\VEX Robotics\VEXcode V5 Text\sdk/vexv5\libv5rt.a(vex_task.cpp.obj)
                0x038065b0                vex::task::_index(int (*)())
 .text._ZN3vex4task8_stopAllEv
                0x038065c4       0x3c C:\Program Files (x86)\VEX Robotics\VEXcode V5 Text\sdk/vexv5\libv5rt.a(vex_task.cpp.obj)
                0x038065c4                vex::task::_stopAll()
 .text._ZN3vex5event4initEmmPFvvE
                0x03806600        0x4 C:\Program Files (x86)\VEX Robotics\VEXcode V5 Text\sdk/vexv5\libv5rt.a(vex_event.cpp.obj)
                0x03806600                vex::event::init(unsigned long, unsigned long, void (*)())
 .text._ZN3vex5event4initEmmPFvPvES1_
                0x03806604        0x4 C:\Program Files (x86)\VEX Robotics\VEXcode V5 Text\sdk/vexv5\libv5rt.a(vex_event.cpp.obj)
                0x03806604                vex::event::init(unsigned long, unsigned long, void (*)(void*), void*)
 .text._ZN3vex5event9userindexEv
                0x03806608        0x4 C:\Program Files (x86)\VEX Robotics\VEXcode V5 Text\sdk/vexv5\libv5rt.a(vex_event.cpp.obj)
                0x03806608                vex::event::userindex()
 .text._ZZN3vex6meventC4EmmENUlvE_4_FUNEv
                0x0380660c        0x4 C:\Program Files (x86)\VEX Robotics\VEXcode V5 Text\sdk/vexv5\libv5rt.a(vex_mevent.cpp.obj)
 .text._ZN3vex6meventC2Emm
                0x03806610       0x70 C:\Program Files (x86)\VEX Robotics\VEXcode V5 Text\sdk/vexv5\libv5rt.a(vex_mevent.cpp.obj)
                0x03806610                vex::mevent::mevent(unsigned long, unsigned long)
                0x03806610                vex::mevent::mevent(unsigned long, unsigned long)
 .text._ZN3vex5brainD2Ev
                0x03806680       0x20 C:\Program Files (x86)\VEX Robotics\VEXcode V5 Text\sdk/vexv5\libv5rt.a(vex_brain.cpp.obj)
                0x03806680                vex::brain::~brain()
                0x03806680                vex::brain::~brain()
 .text._ZN3vex5brain9_getIndexEv
                0x038066a0       0x10 C:\Program Files (x86)\VEX Robotics\VEXcode V5 Text\sdk/vexv5\libv5rt.a(vex_brain.cpp.obj)
                0x038066a0                vex::brain::_getIndex()
 .text._ZN3vex5brain5timerENS_9timeUnitsE
                0x038066b0        0x4 C:\Program Files (x86)\VEX Robotics\VEXcode V5 Text\sdk/vexv5\libv5rt.a(vex_brain.cpp.obj)
                0x038066b0                vex::brain::timer(vex::timeUnits)
 .text._ZN3vex5brain10resetTimerEv
                0x038066b4        0x4 C:\Program Files (x86)\VEX Robotics\VEXcode V5 Text\sdk/vexv5\libv5rt.a(vex_brain.cpp.obj)
                0x038066b4                vex::brain::resetTimer()
 .text._ZN3vex5brain3lcd9setCursorEll
                0x038066b8       0x44 C:\Program Files (x86)\VEX Robotics\VEXcode V5 Text\sdk/vexv5\libv5rt.a(vex_brain.cpp.obj)
                0x038066b8                vex::brain::lcd::setCursor(long, long)
 .text._ZN3vex5brain3lcd7setFontENS_8fontTypeE
                0x038066fc      0x23c C:\Program Files (x86)\VEX Robotics\VEXcode V5 Text\sdk/vexv5\libv5rt.a(vex_brain.cpp.obj)
                0x038066fc                vex::brain::lcd::setFont(vex::fontType)
 .text._ZN3vex5brain3lcdC2Ev
                0x03806938       0x94 C:\Program Files (x86)\VEX Robotics\VEXcode V5 Text\sdk/vexv5\libv5rt.a(vex_brain.cpp.obj)
                0x03806938                vex::brain::lcd::lcd()
                0x03806938                vex::brain::lcd::lcd()
 .text._ZN3vex5brainC2Ev
                0x038069cc       0x38 C:\Program Files (x86)\VEX Robotics\VEXcode V5 Text\sdk/vexv5\libv5rt.a(vex_brain.cpp.obj)
                0x038069cc                vex::brain::brain()
                0x038069cc                vex::brain::brain()
 .text._ZN3vex5brain3lcd11setPenWidthEm
                0x03806a04       0x24 C:\Program Files (x86)\VEX Robotics\VEXcode V5 Text\sdk/vexv5\libv5rt.a(vex_brain.cpp.obj)
                0x03806a04                vex::brain::lcd::setPenWidth(unsigned long)
 .text._ZN3vex5brain3lcd11setPenColorERKNS_5colorE
                0x03806a28       0x14 C:\Program Files (x86)\VEX Robotics\VEXcode V5 Text\sdk/vexv5\libv5rt.a(vex_brain.cpp.obj)
                0x03806a28                vex::brain::lcd::setPenColor(vex::color const&)
 .text._ZN3vex5brain3lcd12setFillColorERKNS_5colorE
                0x03806a3c       0x38 C:\Program Files (x86)\VEX Robotics\VEXcode V5 Text\sdk/vexv5\libv5rt.a(vex_brain.cpp.obj)
                0x03806a3c                vex::brain::lcd::setFillColor(vex::color const&)
 .text._ZN3vex5brain3lcd7printAtEllPKcz
                0x03806a74       0x6c C:\Program Files (x86)\VEX Robotics\VEXcode V5 Text\sdk/vexv5\libv5rt.a(vex_brain.cpp.obj)
                0x03806a74                vex::brain::lcd::printAt(long, long, char const*, ...)
 .text._ZN3vex5brain3lcd12_clearScreenEm
                0x03806ae0       0x38 C:\Program Files (x86)\VEX Robotics\VEXcode V5 Text\sdk/vexv5\libv5rt.a(vex_brain.cpp.obj)
                0x03806ae0                vex::brain::lcd::_clearScreen(unsigned long)
 .text._ZN3vex5brain3lcd11clearScreenERKNS_5colorE
                0x03806b18       0x20 C:\Program Files (x86)\VEX Robotics\VEXcode V5 Text\sdk/vexv5\libv5rt.a(vex_brain.cpp.obj)
                0x03806b18                vex::brain::lcd::clearScreen(vex::color const&)
 .text._ZN3vex5brain3lcd11clearScreenEv
                0x03806b38       0x2c C:\Program Files (x86)\VEX Robotics\VEXcode V5 Text\sdk/vexv5\libv5rt.a(vex_brain.cpp.obj)
                0x03806b38                vex::brain::lcd::clearScreen()
 .text._ZN3vex5brain3lcd9drawPixelEii
                0x03806b64       0x14 C:\Program Files (x86)\VEX Robotics\VEXcode V5 Text\sdk/vexv5\libv5rt.a(vex_brain.cpp.obj)
                0x03806b64                vex::brain::lcd::drawPixel(int, int)
 .text._ZN3vex5brain3lcd8drawLineEiiii
                0x03806b78      0x2c4 C:\Program Files (x86)\VEX Robotics\VEXcode V5 Text\sdk/vexv5\libv5rt.a(vex_brain.cpp.obj)
                0x03806b78                vex::brain::lcd::drawLine(int, int, int, int)
 .text._ZN3vex5brain3lcd13drawRectangleEiiii
                0x03806e3c       0xdc C:\Program Files (x86)\VEX Robotics\VEXcode V5 Text\sdk/vexv5\libv5rt.a(vex_brain.cpp.obj)
                0x03806e3c                vex::brain::lcd::drawRectangle(int, int, int, int)
 .text._ZN3vex5brain3lcd10drawCircleEiii
                0x03806f18       0xa4 C:\Program Files (x86)\VEX Robotics\VEXcode V5 Text\sdk/vexv5\libv5rt.a(vex_brain.cpp.obj)
                0x03806f18                vex::brain::lcd::drawCircle(int, int, int)
 .text._ZN3vex5brain3lcd9xPositionEv
                0x03806fbc       0x24 C:\Program Files (x86)\VEX Robotics\VEXcode V5 Text\sdk/vexv5\libv5rt.a(vex_brain.cpp.obj)
                0x03806fbc                vex::brain::lcd::xPosition()
 .text._ZN3vex5brain3lcd9yPositionEv
                0x03806fe0       0x24 C:\Program Files (x86)\VEX Robotics\VEXcode V5 Text\sdk/vexv5\libv5rt.a(vex_brain.cpp.obj)
                0x03806fe0                vex::brain::lcd::yPosition()
 .text._ZN3vex5brain3lcd8pressingEv
                0x03807004       0x20 C:\Program Files (x86)\VEX Robotics\VEXcode V5 Text\sdk/vexv5\libv5rt.a(vex_brain.cpp.obj)
                0x03807004                vex::brain::lcd::pressing()
 .text._ZN3vex5brain7battery8capacityENS_12percentUnitsE
                0x03807024       0x18 C:\Program Files (x86)\VEX Robotics\VEXcode V5 Text\sdk/vexv5\libv5rt.a(vex_brain.cpp.obj)
                0x03807024                vex::brain::battery::capacity(vex::percentUnits)
 .text._ZN3vex11competition8_disableEPv
                0x0380703c       0x9c C:\Program Files (x86)\VEX Robotics\VEXcode V5 Text\sdk/vexv5\libv5rt.a(vex_competition.cpp.obj)
                0x0380703c                vex::competition::_disable(void*)
 .text._ZN3vex11competition11_autonomousEv
                0x038070d8       0x7c C:\Program Files (x86)\VEX Robotics\VEXcode V5 Text\sdk/vexv5\libv5rt.a(vex_competition.cpp.obj)
                0x038070d8                vex::competition::_autonomous()
 .text._ZN3vex11competition14_drivercontrolEv
                0x03807154       0x7c C:\Program Files (x86)\VEX Robotics\VEXcode V5 Text\sdk/vexv5\libv5rt.a(vex_competition.cpp.obj)
                0x03807154                vex::competition::_drivercontrol()
 .text._ZN3vex11competitionC2Ev
                0x038071d0      0x13c C:\Program Files (x86)\VEX Robotics\VEXcode V5 Text\sdk/vexv5\libv5rt.a(vex_competition.cpp.obj)
                0x038071d0                vex::competition::competition()
                0x038071d0                vex::competition::competition()
 .text._ZN3vex11competitionD2Ev
                0x0380730c        0x4 C:\Program Files (x86)\VEX Robotics\VEXcode V5 Text\sdk/vexv5\libv5rt.a(vex_competition.cpp.obj)
                0x0380730c                vex::competition::~competition()
                0x0380730c                vex::competition::~competition()
 .text._ZN3vex11competition10autonomousEPFvvE
                0x03807310       0x44 C:\Program Files (x86)\VEX Robotics\VEXcode V5 Text\sdk/vexv5\libv5rt.a(vex_competition.cpp.obj)
                0x03807310                vex::competition::autonomous(void (*)())
 .text._ZN3vex11competition13drivercontrolEPFvvE
                0x03807354       0x44 C:\Program Files (x86)\VEX Robotics\VEXcode V5 Text\sdk/vexv5\libv5rt.a(vex_competition.cpp.obj)
                0x03807354                vex::competition::drivercontrol(void (*)())
 .text._ZN3vex11competition9isEnabledEv
                0x03807398       0x14 C:\Program Files (x86)\VEX Robotics\VEXcode V5 Text\sdk/vexv5\libv5rt.a(vex_competition.cpp.obj)
                0x03807398                vex::competition::isEnabled()
 .text._ZN3vex11competition15isDriverControlEv
                0x038073ac       0x14 C:\Program Files (x86)\VEX Robotics\VEXcode V5 Text\sdk/vexv5\libv5rt.a(vex_competition.cpp.obj)
                0x038073ac                vex::competition::isDriverControl()
 .text._ZN3vex11competition12isAutonomousEv
                0x038073c0       0x14 C:\Program Files (x86)\VEX Robotics\VEXcode V5 Text\sdk/vexv5\libv5rt.a(vex_competition.cpp.obj)
                0x038073c0                vex::competition::isAutonomous()
 .text._ZN3vex7triport9installedEv
                0x038073d4       0x18 C:\Program Files (x86)\VEX Robotics\VEXcode V5 Text\sdk/vexv5\libv5rt.a(vex_triport.cpp.obj)
                0x038073d4                vex::triport::installed()
 .text._ZN3vex7triportD2Ev
                0x038073ec       0x38 C:\Program Files (x86)\VEX Robotics\VEXcode V5 Text\sdk/vexv5\libv5rt.a(vex_triport.cpp.obj)
                0x038073ec                vex::triport::~triport()
                0x038073ec                vex::triport::~triport()
 .text._ZN3vex7triport4portC2ElPS0_
                0x03807424       0x90 C:\Program Files (x86)\VEX Robotics\VEXcode V5 Text\sdk/vexv5\libv5rt.a(vex_triport.cpp.obj)
                0x03807424                vex::triport::port::port(long, vex::triport*)
                0x03807424                vex::triport::port::port(long, vex::triport*)
 .text._ZN3vex7triportC2El
                0x038074b4       0xf0 C:\Program Files (x86)\VEX Robotics\VEXcode V5 Text\sdk/vexv5\libv5rt.a(vex_triport.cpp.obj)
                0x038074b4                vex::triport::triport(long)
                0x038074b4                vex::triport::triport(long)
 .text._ZN3vex7triport4port4typeENS_11triportTypeE
                0x038075a4       0x34 C:\Program Files (x86)\VEX Robotics\VEXcode V5 Text\sdk/vexv5\libv5rt.a(vex_triport.cpp.obj)
                0x038075a4                vex::triport::port::type(vex::triportType)
 .text._ZN3vex7triport4port4typeEv
                0x038075d8       0x38 C:\Program Files (x86)\VEX Robotics\VEXcode V5 Text\sdk/vexv5\libv5rt.a(vex_triport.cpp.obj)
                0x038075d8                vex::triport::port::type()
 .text._ZN3vex7triport4port5valueEv
                0x03807610       0x14 C:\Program Files (x86)\VEX Robotics\VEXcode V5 Text\sdk/vexv5\libv5rt.a(vex_triport.cpp.obj)
                0x03807610                vex::triport::port::value()
 .text._ZN3vex7triport4port5valueEl
                0x03807624       0x18 C:\Program Files (x86)\VEX Robotics\VEXcode V5 Text\sdk/vexv5\libv5rt.a(vex_triport.cpp.obj)
                0x03807624                vex::triport::port::value(long)
 .text._ZN3vex7triport4port14_convertAnalogENS_11analogUnitsE
                0x0380763c       0x58 C:\Program Files (x86)\VEX Robotics\VEXcode V5 Text\sdk/vexv5\libv5rt.a(vex_triport.cpp.obj)
                0x0380763c                vex::triport::port::_convertAnalog(vex::analogUnits)
 .text._ZN3vex11__trideviceC2ERNS_7triport4portENS_11triportTypeE
                0x03807694       0x5c C:\Program Files (x86)\VEX Robotics\VEXcode V5 Text\sdk/vexv5\libv5rt.a(vex_triport.cpp.obj)
                0x03807694                vex::__tridevice::__tridevice(vex::triport::port&, vex::triportType)
                0x03807694                vex::__tridevice::__tridevice(vex::triport::port&, vex::triportType)
 .text._ZN3vex11__tridevice14_convertAnalogENS_11analogUnitsE
                0x038076f0        0x8 C:\Program Files (x86)\VEX Robotics\VEXcode V5 Text\sdk/vexv5\libv5rt.a(vex_triport.cpp.obj)
                0x038076f0                vex::__tridevice::_convertAnalog(vex::analogUnits)
 .text._ZN3vex5limitC2ERNS_7triport4portE
                0x038076f8       0x28 C:\Program Files (x86)\VEX Robotics\VEXcode V5 Text\sdk/vexv5\libv5rt.a(vex_triport.cpp.obj)
                0x038076f8                vex::limit::limit(vex::triport::port&)
                0x038076f8                vex::limit::limit(vex::triport::port&)
 .text._ZN3vex5limitD2Ev
                0x03807720        0x4 C:\Program Files (x86)\VEX Robotics\VEXcode V5 Text\sdk/vexv5\libv5rt.a(vex_triport.cpp.obj)
                0x03807720                vex::limit::~limit()
                0x03807720                vex::limit::~limit()
 .text._ZN3vex5limit5valueEv
                0x03807724        0x8 C:\Program Files (x86)\VEX Robotics\VEXcode V5 Text\sdk/vexv5\libv5rt.a(vex_triport.cpp.obj)
                0x03807724                vex::limit::value()
 .text._ZN3vex4gyroC2ERNS_7triport4portE
                0x0380772c       0x34 C:\Program Files (x86)\VEX Robotics\VEXcode V5 Text\sdk/vexv5\libv5rt.a(vex_triport.cpp.obj)
                0x0380772c                vex::gyro::gyro(vex::triport::port&)
                0x0380772c                vex::gyro::gyro(vex::triport::port&)
 .text._ZN3vex4gyroD2Ev
                0x03807760        0x4 C:\Program Files (x86)\VEX Robotics\VEXcode V5 Text\sdk/vexv5\libv5rt.a(vex_triport.cpp.obj)
                0x03807760                vex::gyro::~gyro()
                0x03807760                vex::gyro::~gyro()
 *fill*         0x03807764        0x4 
 .text._ZN3vex4gyro5valueENS_13rotationUnitsE
                0x03807768       0x50 C:\Program Files (x86)\VEX Robotics\VEXcode V5 Text\sdk/vexv5\libv5rt.a(vex_triport.cpp.obj)
                0x03807768                vex::gyro::value(vex::rotationUnits)
 .text._ZN3vex4gyro16startCalibrationEl
                0x038077b8       0x20 C:\Program Files (x86)\VEX Robotics\VEXcode V5 Text\sdk/vexv5\libv5rt.a(vex_triport.cpp.obj)
                0x038077b8                vex::gyro::startCalibration(long)
 .text._ZN3vex4gyro13isCalibratingEv
                0x038077d8       0x38 C:\Program Files (x86)\VEX Robotics\VEXcode V5 Text\sdk/vexv5\libv5rt.a(vex_triport.cpp.obj)
                0x038077d8                vex::gyro::isCalibrating()
 .text._ZN3vex13accelerometerC2ERNS_7triport4portEb
                0x03807810       0x28 C:\Program Files (x86)\VEX Robotics\VEXcode V5 Text\sdk/vexv5\libv5rt.a(vex_triport.cpp.obj)
                0x03807810                vex::accelerometer::accelerometer(vex::triport::port&, bool)
                0x03807810                vex::accelerometer::accelerometer(vex::triport::port&, bool)
 .text._ZN3vex13accelerometerD2Ev
                0x03807838        0x4 C:\Program Files (x86)\VEX Robotics\VEXcode V5 Text\sdk/vexv5\libv5rt.a(vex_triport.cpp.obj)
                0x03807838                vex::accelerometer::~accelerometer()
                0x03807838                vex::accelerometer::~accelerometer()
 .text._ZN3vex13accelerometer5valueENS_11analogUnitsE
                0x0380783c        0x4 C:\Program Files (x86)\VEX Robotics\VEXcode V5 Text\sdk/vexv5\libv5rt.a(vex_triport.cpp.obj)
                0x0380783c                vex::accelerometer::value(vex::analogUnits)
 .text.startup._GLOBAL__sub_I__ZN3vex7triportC2El
                0x03807840       0x30 C:\Program Files (x86)\VEX Robotics\VEXcode V5 Text\sdk/vexv5\libv5rt.a(vex_triport.cpp.obj)
 .text._ZN3vex5colorD2Ev
                0x03807870        0x4 C:\Program Files (x86)\VEX Robotics\VEXcode V5 Text\sdk/vexv5\libv5rt.a(vex_color.cpp.obj)
                0x03807870                vex::color::~color()
                0x03807870                vex::color::~color()
 .text._ZNK3vex5colorcvmEv
                0x03807874        0x8 C:\Program Files (x86)\VEX Robotics\VEXcode V5 Text\sdk/vexv5\libv5rt.a(vex_color.cpp.obj)
                0x03807874                vex::color::operator unsigned long() const
 .text._ZNK3vex5color13isTransparentEv
                0x0380787c        0x8 C:\Program Files (x86)\VEX Robotics\VEXcode V5 Text\sdk/vexv5\libv5rt.a(vex_color.cpp.obj)
                0x0380787c                vex::color::isTransparent() const
 .text.startup._GLOBAL__sub_I__ZN3vex5color5blackE
                0x03807884      0x164 C:\Program Files (x86)\VEX Robotics\VEXcode V5 Text\sdk/vexv5\libv5rt.a(vex_color.cpp.obj)
 .text._ZN3vex5timerD2Ev
                0x038079e8        0x4 C:\Program Files (x86)\VEX Robotics\VEXcode V5 Text\sdk/vexv5\libv5rt.a(vex_timer.cpp.obj)
                0x038079e8                vex::timer::~timer()
                0x038079e8                vex::timer::~timer()
 .text._ZN3vex5timer5clearEv
                0x038079ec       0x1c C:\Program Files (x86)\VEX Robotics\VEXcode V5 Text\sdk/vexv5\libv5rt.a(vex_timer.cpp.obj)
                0x038079ec                vex::timer::clear()
 .text._ZN3vex5timerC2Ev
                0x03807a08       0x14 C:\Program Files (x86)\VEX Robotics\VEXcode V5 Text\sdk/vexv5\libv5rt.a(vex_timer.cpp.obj)
                0x03807a08                vex::timer::timer()
                0x03807a08                vex::timer::timer()
 *fill*         0x03807a1c        0x4 
 .text._ZNK3vex5timer4timeENS_9timeUnitsE
                0x03807a20       0x40 C:\Program Files (x86)\VEX Robotics\VEXcode V5 Text\sdk/vexv5\libv5rt.a(vex_timer.cpp.obj)
                0x03807a20                vex::timer::time(vex::timeUnits) const
 .text.vexAdiPortConfigSet
                0x03807a60       0x28 C:\Program Files (x86)\VEX Robotics\VEXcode V5 Text\sdk/vexv5\libv5rt.a(v5_apiuser.c.obj)
                0x03807a60                vexAdiPortConfigSet
 .text.vexAdiPortConfigGet
                0x03807a88       0x28 C:\Program Files (x86)\VEX Robotics\VEXcode V5 Text\sdk/vexv5\libv5rt.a(v5_apiuser.c.obj)
                0x03807a88                vexAdiPortConfigGet
 .text.vexAdiValueSet
                0x03807ab0       0x28 C:\Program Files (x86)\VEX Robotics\VEXcode V5 Text\sdk/vexv5\libv5rt.a(v5_apiuser.c.obj)
                0x03807ab0                vexAdiValueSet
 .text.vexAdiValueGet
                0x03807ad8       0x20 C:\Program Files (x86)\VEX Robotics\VEXcode V5 Text\sdk/vexv5\libv5rt.a(v5_apiuser.c.obj)
                0x03807ad8                vexAdiValueGet
 .text.vexMotorVelocitySet
                0x03807af8       0x20 C:\Program Files (x86)\VEX Robotics\VEXcode V5 Text\sdk/vexv5\libv5rt.a(v5_apiuser.c.obj)
                0x03807af8                vexMotorVelocitySet
 .text.vexMotorActualVelocityGet
                0x03807b18       0x24 C:\Program Files (x86)\VEX Robotics\VEXcode V5 Text\sdk/vexv5\libv5rt.a(v5_apiuser.c.obj)
                0x03807b18                vexMotorActualVelocityGet
 .text.vexMotorTemperatureGet
                0x03807b3c       0x24 C:\Program Files (x86)\VEX Robotics\VEXcode V5 Text\sdk/vexv5\libv5rt.a(v5_apiuser.c.obj)
                0x03807b3c                vexMotorTemperatureGet
 .text.vexMotorZeroPositionFlagGet
                0x03807b60       0x18 C:\Program Files (x86)\VEX Robotics\VEXcode V5 Text\sdk/vexv5\libv5rt.a(v5_apiuser.c.obj)
                0x03807b60                vexMotorZeroPositionFlagGet
 .text.vexMotorReverseFlagSet
                0x03807b78       0x20 C:\Program Files (x86)\VEX Robotics\VEXcode V5 Text\sdk/vexv5\libv5rt.a(v5_apiuser.c.obj)
                0x03807b78                vexMotorReverseFlagSet
 .text.vexMotorEncoderUnitsSet
                0x03807b98       0x20 C:\Program Files (x86)\VEX Robotics\VEXcode V5 Text\sdk/vexv5\libv5rt.a(v5_apiuser.c.obj)
                0x03807b98                vexMotorEncoderUnitsSet
 .text.vexMotorBrakeModeSet
                0x03807bb8       0x20 C:\Program Files (x86)\VEX Robotics\VEXcode V5 Text\sdk/vexv5\libv5rt.a(v5_apiuser.c.obj)
                0x03807bb8                vexMotorBrakeModeSet
 .text.vexMotorPositionSet
                0x03807bd8       0x28 C:\Program Files (x86)\VEX Robotics\VEXcode V5 Text\sdk/vexv5\libv5rt.a(v5_apiuser.c.obj)
                0x03807bd8                vexMotorPositionSet
 .text.vexMotorPositionGet
                0x03807c00       0x24 C:\Program Files (x86)\VEX Robotics\VEXcode V5 Text\sdk/vexv5\libv5rt.a(v5_apiuser.c.obj)
                0x03807c00                vexMotorPositionGet
 .text.vexMotorAbsoluteTargetSet
                0x03807c24       0x30 C:\Program Files (x86)\VEX Robotics\VEXcode V5 Text\sdk/vexv5\libv5rt.a(v5_apiuser.c.obj)
                0x03807c24                vexMotorAbsoluteTargetSet
 .text.vexMotorRelativeTargetSet
                0x03807c54       0x30 C:\Program Files (x86)\VEX Robotics\VEXcode V5 Text\sdk/vexv5\libv5rt.a(v5_apiuser.c.obj)
                0x03807c54                vexMotorRelativeTargetSet
 .text.vexMotorGearingSet
                0x03807c84       0x20 C:\Program Files (x86)\VEX Robotics\VEXcode V5 Text\sdk/vexv5\libv5rt.a(v5_apiuser.c.obj)
                0x03807c84                vexMotorGearingSet
 .text.vexMotorGearingGet
                0x03807ca4       0x18 C:\Program Files (x86)\VEX Robotics\VEXcode V5 Text\sdk/vexv5\libv5rt.a(v5_apiuser.c.obj)
                0x03807ca4                vexMotorGearingGet
 .text.vexVisionModeSet
                0x03807cbc       0x20 C:\Program Files (x86)\VEX Robotics\VEXcode V5 Text\sdk/vexv5\libv5rt.a(v5_apiuser.c.obj)
                0x03807cbc                vexVisionModeSet
 .text.vexVisionObjectCountGet
                0x03807cdc       0x18 C:\Program Files (x86)\VEX Robotics\VEXcode V5 Text\sdk/vexv5\libv5rt.a(v5_apiuser.c.obj)
                0x03807cdc                vexVisionObjectCountGet
 .text.vexVisionObjectGet
                0x03807cf4       0x28 C:\Program Files (x86)\VEX Robotics\VEXcode V5 Text\sdk/vexv5\libv5rt.a(v5_apiuser.c.obj)
                0x03807cf4                vexVisionObjectGet
 .text.vexVisionSignatureSet
                0x03807d1c       0x20 C:\Program Files (x86)\VEX Robotics\VEXcode V5 Text\sdk/vexv5\libv5rt.a(v5_apiuser.c.obj)
                0x03807d1c                vexVisionSignatureSet
 .text.vexVisionBrightnessSet
                0x03807d3c       0x20 C:\Program Files (x86)\VEX Robotics\VEXcode V5 Text\sdk/vexv5\libv5rt.a(v5_apiuser.c.obj)
                0x03807d3c                vexVisionBrightnessSet
 .text.vexVisionLedModeSet
                0x03807d5c       0x20 C:\Program Files (x86)\VEX Robotics\VEXcode V5 Text\sdk/vexv5\libv5rt.a(v5_apiuser.c.obj)
                0x03807d5c                vexVisionLedModeSet
 .text.vexVisionLedColorSet
                0x03807d7c       0x2c C:\Program Files (x86)\VEX Robotics\VEXcode V5 Text\sdk/vexv5\libv5rt.a(v5_apiuser.c.obj)
                0x03807d7c                vexVisionLedColorSet
 .text.vexVisionWifiModeSet
                0x03807da8       0x20 C:\Program Files (x86)\VEX Robotics\VEXcode V5 Text\sdk/vexv5\libv5rt.a(v5_apiuser.c.obj)
                0x03807da8                vexVisionWifiModeSet
 .text.vexEventMaskSet
                0x03807dc8       0x28 C:\Program Files (x86)\VEX Robotics\VEXcode V5 Text\sdk/vexv5\libv5rt.a(v5_apiuser.c.obj)
                0x03807dc8                vexEventMaskSet
 .text.vexEventMaskGet
                0x03807df0       0x18 C:\Program Files (x86)\VEX Robotics\VEXcode V5 Text\sdk/vexv5\libv5rt.a(v5_apiuser.c.obj)
                0x03807df0                vexEventMaskGet
 .text._ZN3vex6device5valueEv
                0x03807e08        0x8 C:\Program Files (x86)\VEX Robotics\VEXcode V5 Text\sdk/vexv5\libv5rt.a(vex_device.cpp.obj)
                0x03807e08                vex::device::value()
 .text._ZN3vex6deviceD2Ev
                0x03807e10        0x4 C:\Program Files (x86)\VEX Robotics\VEXcode V5 Text\sdk/vexv5\libv5rt.a(vex_device.cpp.obj)
                0x03807e10                vex::device::~device()
                0x03807e10                vex::device::~device()
 .text._ZN3vex6device4initEl
                0x03807e14       0x30 C:\Program Files (x86)\VEX Robotics\VEXcode V5 Text\sdk/vexv5\libv5rt.a(vex_device.cpp.obj)
                0x03807e14                vex::device::init(long)
 .text._ZN3vex6deviceC2El
                0x03807e44       0x20 C:\Program Files (x86)\VEX Robotics\VEXcode V5 Text\sdk/vexv5\libv5rt.a(vex_device.cpp.obj)
                0x03807e44                vex::device::device(long)
                0x03807e44                vex::device::device(long)
 .text._ZN3vex6device4typeEv
                0x03807e64       0x10 C:\Program Files (x86)\VEX Robotics\VEXcode V5 Text\sdk/vexv5\libv5rt.a(vex_device.cpp.obj)
                0x03807e64                vex::device::type()
 .text._ZN3vex6device9installedEv
                0x03807e74       0x14 C:\Program Files (x86)\VEX Robotics\VEXcode V5 Text\sdk/vexv5\libv5rt.a(vex_device.cpp.obj)
                0x03807e74                vex::device::installed()
 .text.__libc_fini_array
                0x03807e88       0x30 C:\Program Files (x86)\VEX Robotics\VEXcode V5 Text\sdk/vexv5/gcc/libs\libc.a(lib_a-fini.o)
                0x03807e88                __libc_fini_array
 .text.__libc_init_array
                0x03807eb8       0x58 C:\Program Files (x86)\VEX Robotics\VEXcode V5 Text\sdk/vexv5/gcc/libs\libc.a(lib_a-init.o)
                0x03807eb8                __libc_init_array
 .text.__libc_init_array.__stub
                0x03807f10       0x18 linker stubs
 *(.gnu.linkonce.t.*)
 *(.plt)
 *(.gnu_warning)
 *(.gcc_except_table)
 *(.glue_7)
 .glue_7        0x00000000        0x0 linker stubs
 *(.glue_7t)
 .glue_7t       0x00000000        0x0 linker stubs
 *(.vfp11_veneer)
 .vfp11_veneer  0x00000000        0x0 linker stubs
 *(.ARM.extab)
 *(.gnu.linkonce.armextab.*)

.v4_bx          0x03807f28        0x0
 .v4_bx         0x00000000        0x0 linker stubs

.iplt           0x03807f28        0x0
 .iplt          0x00000000        0x0 build/src/functions.o

.init
 *(.init)

.fini
 *(.fini)

.rodata         0x03807f28      0x4e4
                0x03807f28                __rodata_start = .
 *(.rodata)
 *(.rodata.*)
 .rodata.str1.1
                0x03807f28      0x2c5 build/src/functions.o
                                0x2cc (size before relaxing)
 .rodata.str1.1
                0x038081ed        0x9 build/src/FieldVirtualization.o
                                 0x1b (size before relaxing)
 .rodata.str1.1
                0x038081f6       0x25 build/src/Auton/BF3.o
 .rodata.str1.1
                0x0380821b        0xe build/src/Auton/Skills.o
                                 0x1f (size before relaxing)
 .rodata.str1.1
                0x03808229       0x13 build/src/Auton/RF3.o
                                 0x24 (size before relaxing)
 .rodata.str1.1
                0x0380823c       0x12 build/src/Auton/RB5.o
                                 0x23 (size before relaxing)
 .rodata.str1.1
                0x0380824e       0x23 build/src/Auton/RB1.o
 .rodata.str1.1
                0x03808271       0x1e build/src/Auton/TestAuton.o
 .rodata.str1.1
                0x0380828f       0x13 build/src/Auton/BB5.o
                                 0x24 (size before relaxing)
 .rodata.str1.1
                0x038082a2       0x13 build/src/Auton/RF1.o
                                 0x24 (size before relaxing)
 .rodata.str1.1
                0x038082b5       0x13 build/src/Auton/BB1.o
                                 0x24 (size before relaxing)
 .rodata.str1.1
                0x038082c8        0x9 build/src/Controller_Profiles/CarterController.o
 .rodata.str1.1
                0x00000000        0x9 build/src/Controller_Profiles/OtherController.o
 *fill*         0x038082d1        0x3 
 .rodata..Lswitch.table._Z15OtherControllerv
                0x038082d4        0xc build/src/Controller_Profiles/OtherController.o
 .rodata.str1.1
                0x038082e0       0x2e C:\Program Files (x86)\VEX Robotics\VEXcode V5 Text\sdk/vexv5\libv5rt.a(v5_startup.c.obj)
 *fill*         0x0380830e        0x2 
 .rodata._ZN3vex6purpleE
                0x03808310        0x4 C:\Program Files (x86)\VEX Robotics\VEXcode V5 Text\sdk/vexv5\libv5rt.a(vex_global.cpp.obj)
                0x03808310                vex::purple
 .rodata._ZN3vex3redE
                0x03808314        0x4 C:\Program Files (x86)\VEX Robotics\VEXcode V5 Text\sdk/vexv5\libv5rt.a(vex_global.cpp.obj)
                0x03808314                vex::red
 .rodata._ZN3vex5PORT3E
                0x03808318        0x4 C:\Program Files (x86)\VEX Robotics\VEXcode V5 Text\sdk/vexv5\libv5rt.a(vex_global.cpp.obj)
                0x03808318                vex::PORT3
 .rodata._ZN3vex5PORT1E
                0x0380831c        0x4 C:\Program Files (x86)\VEX Robotics\VEXcode V5 Text\sdk/vexv5\libv5rt.a(vex_global.cpp.obj)
                0x0380831c                vex::PORT1
 .rodata._ZN3vex5PORT5E
                0x03808320        0x4 C:\Program Files (x86)\VEX Robotics\VEXcode V5 Text\sdk/vexv5\libv5rt.a(vex_global.cpp.obj)
                0x03808320                vex::PORT5
 .rodata._ZN3vex11transparentE
                0x03808324        0x4 C:\Program Files (x86)\VEX Robotics\VEXcode V5 Text\sdk/vexv5\libv5rt.a(vex_global.cpp.obj)
                0x03808324                vex::transparent
 .rodata._ZN3vex5PORT7E
                0x03808328        0x4 C:\Program Files (x86)\VEX Robotics\VEXcode V5 Text\sdk/vexv5\libv5rt.a(vex_global.cpp.obj)
                0x03808328                vex::PORT7
 .rodata._ZN3vex5whiteE
                0x0380832c        0x4 C:\Program Files (x86)\VEX Robotics\VEXcode V5 Text\sdk/vexv5\libv5rt.a(vex_global.cpp.obj)
                0x0380832c                vex::white
 .rodata._ZN3vex5blackE
                0x03808330        0x4 C:\Program Files (x86)\VEX Robotics\VEXcode V5 Text\sdk/vexv5\libv5rt.a(vex_global.cpp.obj)
                0x03808330                vex::black
 .rodata._ZN3vex4blueE
                0x03808334        0x4 C:\Program Files (x86)\VEX Robotics\VEXcode V5 Text\sdk/vexv5\libv5rt.a(vex_global.cpp.obj)
                0x03808334                vex::blue
 .rodata._ZN3vex5PORT6E
                0x03808338        0x4 C:\Program Files (x86)\VEX Robotics\VEXcode V5 Text\sdk/vexv5\libv5rt.a(vex_global.cpp.obj)
                0x03808338                vex::PORT6
 .rodata._ZN3vex5greenE
                0x0380833c        0x4 C:\Program Files (x86)\VEX Robotics\VEXcode V5 Text\sdk/vexv5\libv5rt.a(vex_global.cpp.obj)
                0x0380833c                vex::green
 .rodata._ZN3vex5PORT2E
                0x03808340        0x4 C:\Program Files (x86)\VEX Robotics\VEXcode V5 Text\sdk/vexv5\libv5rt.a(vex_global.cpp.obj)
                0x03808340                vex::PORT2
 .rodata._ZN3vex6PORT22E
                0x03808344        0x4 C:\Program Files (x86)\VEX Robotics\VEXcode V5 Text\sdk/vexv5\libv5rt.a(vex_global.cpp.obj)
                0x03808344                vex::PORT22
 .rodata._ZN3vex5PORT4E
                0x03808348        0x4 C:\Program Files (x86)\VEX Robotics\VEXcode V5 Text\sdk/vexv5\libv5rt.a(vex_global.cpp.obj)
                0x03808348                vex::PORT4
 .rodata._ZN3vex6orangeE
                0x0380834c        0x4 C:\Program Files (x86)\VEX Robotics\VEXcode V5 Text\sdk/vexv5\libv5rt.a(vex_global.cpp.obj)
                0x0380834c                vex::orange
 .rodata._ZN3vex5PORT8E
                0x03808350        0x4 C:\Program Files (x86)\VEX Robotics\VEXcode V5 Text\sdk/vexv5\libv5rt.a(vex_global.cpp.obj)
                0x03808350                vex::PORT8
 *fill*         0x03808354        0x4 
 .rodata._ZTVN3vex5motorE
                0x03808358       0x10 C:\Program Files (x86)\VEX Robotics\VEXcode V5 Text\sdk/vexv5\libv5rt.a(vex_motor.cpp.obj)
                0x03808358                vtable for vex::motor
 .rodata._ZTVN3vex6visionE
                0x03808368       0x10 C:\Program Files (x86)\VEX Robotics\VEXcode V5 Text\sdk/vexv5\libv5rt.a(vex_vision.cpp.obj)
                0x03808368                vtable for vex::vision
 .rodata.CSWTCH.15
                0x03808378        0xb C:\Program Files (x86)\VEX Robotics\VEXcode V5 Text\sdk/vexv5\libv5rt.a(vex_controller.cpp.obj)
 .rodata.CSWTCH.17
                0x03808383        0xb C:\Program Files (x86)\VEX Robotics\VEXcode V5 Text\sdk/vexv5\libv5rt.a(vex_controller.cpp.obj)
 .rodata.CSWTCH.23
                0x0380838e        0x3 C:\Program Files (x86)\VEX Robotics\VEXcode V5 Text\sdk/vexv5\libv5rt.a(vex_controller.cpp.obj)
 .rodata.str1.1
                0x03808391        0xa C:\Program Files (x86)\VEX Robotics\VEXcode V5 Text\sdk/vexv5\libv5rt.a(vex_task.cpp.obj)
 .rodata.str1.1
                0x0380839b       0x2b C:\Program Files (x86)\VEX Robotics\VEXcode V5 Text\sdk/vexv5\libv5rt.a(vex_brain.cpp.obj)
 *fill*         0x038083c6        0x2 
 .rodata._ZTVN3vex7triportE
                0x038083c8       0x10 C:\Program Files (x86)\VEX Robotics\VEXcode V5 Text\sdk/vexv5\libv5rt.a(vex_triport.cpp.obj)
                0x038083c8                vtable for vex::triport
 .rodata.CSWTCH.26
                0x038083d8        0xe C:\Program Files (x86)\VEX Robotics\VEXcode V5 Text\sdk/vexv5\libv5rt.a(vex_triport.cpp.obj)
 .rodata.CSWTCH.31
                0x038083e6       0x10 C:\Program Files (x86)\VEX Robotics\VEXcode V5 Text\sdk/vexv5\libv5rt.a(vex_triport.cpp.obj)
 *fill*         0x038083f6        0x2 
 .rodata._ZTVN3vex6deviceE
                0x038083f8       0x10 C:\Program Files (x86)\VEX Robotics\VEXcode V5 Text\sdk/vexv5\libv5rt.a(vex_device.cpp.obj)
                0x038083f8                vtable for vex::device
 .rodata.str1.4
                0x03808408        0x4 C:\Program Files (x86)\VEX Robotics\VEXcode V5 Text\sdk/vexv5/gcc/libs\libc.a(lib_a-impure.o)
                                  0x2 (size before relaxing)
 *(.gnu.linkonce.r.*)
                0x0380840c                __rodata_end = .

.rodata1        0x0380840c        0x0
                0x0380840c                __rodata1_start = .
 *(.rodata1)
 *(.rodata1.*)
                0x0380840c                __rodata1_end = .

.sdata2         0x0380840c        0x0
                0x0380840c                __sdata2_start = .
 *(.sdata2)
 *(.sdata2.*)
 *(.gnu.linkonce.s2.*)
                0x0380840c                __sdata2_end = .

.sbss2          0x0380840c        0x0
                0x0380840c                __sbss2_start = .
 *(.sbss2)
 *(.sbss2.*)
 *(.gnu.linkonce.sb2.*)
                0x0380840c                __sbss2_end = .

.data           0x03808410      0x474
                0x03808410                __data_start = .
 *(.data)
 *(.data.*)
 .data.threashold
                0x03808410        0x4 build/src/globalVars.o
                0x03808410                threashold
 .data.PI       0x03808414        0x4 build/src/globalVars.o
                0x03808414                PI
 .data.degConst
                0x03808418        0x8 build/src/globalVars.o
                0x03808418                degConst
 .data.traySpeed
                0x03808420        0x8 build/src/globalVars.o
                0x03808420                traySpeed
 .data.slowTraySpeed
                0x03808428        0x8 build/src/globalVars.o
                0x03808428                slowTraySpeed
 .data.intakeSpeed
                0x03808430        0x8 build/src/globalVars.o
                0x03808430                intakeSpeed
 .data.r4bSpeed
                0x03808438        0x4 build/src/globalVars.o
                0x03808438                r4bSpeed
 .data.deadZone
                0x0380843c        0x4 build/src/globalVars.o
                0x0380843c                deadZone
 .data.speedToggle
                0x03808440        0x4 build/src/Controller_Profiles/OtherController.o
                0x03808440                speedToggle
 .data.appRunning
                0x03808444        0x4 C:\Program Files (x86)\VEX Robotics\VEXcode V5 Text\sdk/vexv5\libv5rt.a(v5_startup.c.obj)
                0x03808444                appRunning
 .data.__yoff   0x03808448        0x4 C:\Program Files (x86)\VEX Robotics\VEXcode V5 Text\sdk/vexv5\libv5rt.a(v5_apijump.c.obj)
 .data._ZN3vex9ratio18_1E
                0x0380844c        0x4 C:\Program Files (x86)\VEX Robotics\VEXcode V5 Text\sdk/vexv5\libv5rt.a(vex_global.cpp.obj)
                0x0380844c                vex::ratio18_1
 .data._ZN3vex24__default_motor_velocityE
                0x03808450        0x4 C:\Program Files (x86)\VEX Robotics\VEXcode V5 Text\sdk/vexv5\libv5rt.a(vex_motor.cpp.obj)
                0x03808450                vex::__default_motor_velocity
 *fill*         0x03808454        0x4 
 .data.impure_data
                0x03808458      0x428 C:\Program Files (x86)\VEX Robotics\VEXcode V5 Text\sdk/vexv5/gcc/libs\libc.a(lib_a-impure.o)
 .data._impure_ptr
                0x03808880        0x4 C:\Program Files (x86)\VEX Robotics\VEXcode V5 Text\sdk/vexv5/gcc/libs\libc.a(lib_a-impure.o)
                0x03808880                _impure_ptr
 *(.gnu.linkonce.d.*)
 *(.jcr)
 *(.got)
 *(.got.plt)
                0x03808884                __data_end = .

.igot.plt       0x03808884        0x0
 .igot.plt      0x00000000        0x0 build/src/functions.o

.data1          0x03808884        0x0
                0x03808884                __data1_start = .
 *(.data1)
 *(.data1.*)
                0x03808884                __data1_end = .

.got
 *(.got)

.ctors          0x03808884        0x0
                0x03808884                __CTOR_LIST__ = .
                0x03808884                ___CTORS_LIST___ = .
 *crtbegin.o(.ctors)
 *(EXCLUDE_FILE(*crtend.o) .ctors)
 *(SORT(.ctors.*))
 *(.ctors)
                0x03808884                __CTOR_END__ = .
                0x03808884                ___CTORS_END___ = .

.dtors          0x03808884        0x0
                0x03808884                __DTOR_LIST__ = .
                0x03808884                ___DTORS_LIST___ = .
 *crtbegin.o(.dtors)
 *(EXCLUDE_FILE(*crtend.o) .dtors)
 *(SORT(.dtors.*))
 *(.dtors)
                0x03808884                __DTOR_END__ = .
                0x03808884                ___DTORS_END___ = .

.fixup          0x03808884        0x0
                0x03808884                __fixup_start = .
 *(.fixup)
                0x03808884                __fixup_end = .

.eh_frame
 *(.eh_frame)

.eh_framehdr    0x03808884        0x0
                0x03808884                __eh_framehdr_start = .
 *(.eh_framehdr)
                0x03808884                __eh_framehdr_end = .

.gcc_except_table
 *(.gcc_except_table)

.mmu_tbl        0x0380c000        0x0
                0x0380c000                __mmu_tbl_start = .
 *(.mmu_tbl)
                0x0380c000                __mmu_tbl_end = .

.ARM.exidx      0x03808884        0x8
                0x03808884                __exidx_start = .
 *(.ARM.exidx*)
 .ARM.exidx.text._Z9robotInitb
                0x03808884        0x8 build/src/functions.o
 .ARM.exidx.text._Z11calibrationv
                0x0380888c        0x0 build/src/functions.o
                                  0x8 (size before relaxing)
 .ARM.exidx.text._Z13AutonSelectori
                0x0380888c        0x0 build/src/functions.o
                                  0x8 (size before relaxing)
 .ARM.exidx.text._Z10MainScreenv
                0x0380888c        0x0 build/src/functions.o
                                  0x8 (size before relaxing)
 .ARM.exidx.text._Z5Brakev
                0x0380888c        0x0 build/src/functions.o
                                  0x8 (size before relaxing)
 .ARM.exidx.text._Z11IntakesMoved
                0x0380888c        0x0 build/src/functions.o
                                  0x8 (size before relaxing)
 .ARM.exidx.text._Z11IntakesStopv
                0x0380888c        0x0 build/src/functions.o
                                  0x8 (size before relaxing)
 .ARM.exidx.text._Z9SwingDownv
                0x0380888c        0x0 build/src/functions.o
                                  0x8 (size before relaxing)
 .ARM.exidx.text._Z7SwingUpv
                0x0380888c        0x0 build/src/functions.o
                                  0x8 (size before relaxing)
 .ARM.exidx.text._Z15SwingToLocationi
                0x0380888c        0x0 build/src/functions.o
                                  0x8 (size before relaxing)
 .ARM.exidx.text._Z5R4BUpv
                0x0380888c        0x0 build/src/functions.o
                                  0x8 (size before relaxing)
 .ARM.exidx.text._Z7R4BDownv
                0x0380888c        0x0 build/src/functions.o
                                  0x8 (size before relaxing)
 .ARM.exidx.text._Z13R4BToLocationi
                0x0380888c        0x0 build/src/functions.o
                                  0x8 (size before relaxing)
 .ARM.exidx.text._Z9DropStackv
                0x0380888c        0x0 build/src/functions.o
                                  0x8 (size before relaxing)
 .ARM.exidx.text._Z5Sleepd
                0x0380888c        0x0 build/src/functions.o
                                  0x8 (size before relaxing)
 .ARM.exidx.text._Z8DistMovedi
                0x0380888c        0x0 build/src/functions.o
                                  0x8 (size before relaxing)
 .ARM.exidx.text._Z7DegTurndi
                0x0380888c        0x0 build/src/functions.o
                                  0x8 (size before relaxing)
 .ARM.exidx.text._Z23AutonSelectorScreenInitv
                0x0380888c        0x0 build/src/functions.o
                                  0x8 (size before relaxing)
 .ARM.exidx.text._Z7AllStopv
                0x0380888c        0x0 build/src/functions.o
                                  0x8 (size before relaxing)
 .ARM.exidx.text._Z10VisionGoToiii
                0x0380888c        0x0 build/src/functions.o
                                  0x8 (size before relaxing)
 .ARM.exidx.text._Z11GyroCurrentv
                0x0380888c        0x0 build/src/functions.o
                                  0x8 (size before relaxing)
 .ARM.exidx.text._Z12AccelCurrentv
                0x0380888c        0x0 build/src/functions.o
                                  0x8 (size before relaxing)
 .ARM.exidx.text._Z8autoLoopv
                0x0380888c        0x0 build/src/main.o
                                  0x8 (size before relaxing)
 .ARM.exidx.text._Z14ControllerLoopv
                0x0380888c        0x0 build/src/main.o
                                  0x8 (size before relaxing)
 .ARM.exidx.text.main
                0x0380888c        0x0 build/src/main.o
                                  0x8 (size before relaxing)
 .ARM.exidx.text._ZN3vex6visionC2IJNS0_9signatureES2_S2_S2_S2_S2_S2_EEElhDpRT_
                0x0380888c        0x0 build/src/config.o
                                  0x8 (size before relaxing)
 .ARM.exidx.text._ZN3vex6vision7_setsigINS0_9signatureEJS2_S2_S2_S2_EEEvRT_DpRT0_
                0x0380888c        0x0 build/src/config.o
                                  0x8 (size before relaxing)
 .ARM.exidx.text._GLOBAL__sub_I_config.cpp
                0x0380888c        0x0 build/src/config.o
                                  0x8 (size before relaxing)
 .ARM.exidx.text._Z13FieldTemplatev
                0x0380888c        0x0 build/src/VirtualField.o
                                  0x8 (size before relaxing)
 .ARM.exidx.text._Z13RobotTemplateddd
                0x0380888c        0x0 build/src/VirtualField.o
                                  0x8 (size before relaxing)
 .ARM.exidx.text._Z17StartVirtualFieldiii
                0x0380888c        0x0 build/src/FieldVirtualization.o
                                  0x8 (size before relaxing)
 .ARM.exidx.text._Z12VirtualFieldv
                0x0380888c        0x0 build/src/FieldVirtualization.o
                                  0x8 (size before relaxing)
 .ARM.exidx.text._Z3BF3v
                0x0380888c        0x0 build/src/Auton/BF3.o
                                  0x8 (size before relaxing)
 .ARM.exidx.text._Z6Skillsv
                0x0380888c        0x0 build/src/Auton/Skills.o
                                  0x8 (size before relaxing)
 .ARM.exidx.text._Z3RF3v
                0x0380888c        0x0 build/src/Auton/RF3.o
                                  0x8 (size before relaxing)
 .ARM.exidx.text._Z3RB5v
                0x0380888c        0x0 build/src/Auton/RB5.o
                                  0x8 (size before relaxing)
 .ARM.exidx.text._Z3RB1v
                0x0380888c        0x0 build/src/Auton/RB1.o
                                  0x8 (size before relaxing)
 .ARM.exidx.text._Z9TestAutonv
                0x0380888c        0x0 build/src/Auton/TestAuton.o
                                  0x8 (size before relaxing)
 .ARM.exidx.text._Z3BB5v
                0x0380888c        0x0 build/src/Auton/BB5.o
                                  0x8 (size before relaxing)
 .ARM.exidx.text._Z3RF1v
                0x0380888c        0x0 build/src/Auton/RF1.o
                                  0x8 (size before relaxing)
 .ARM.exidx.text._Z3BB1v
                0x0380888c        0x0 build/src/Auton/BB1.o
                                  0x8 (size before relaxing)
 .ARM.exidx.text._Z16CarterControllerv
                0x0380888c        0x0 build/src/Controller_Profiles/CarterController.o
                                  0x8 (size before relaxing)
 .ARM.exidx.text._Z15OtherControllerv
                0x0380888c        0x0 build/src/Controller_Profiles/OtherController.o
                                  0x8 (size before relaxing)
 *(.gnu.linkonce.armexidix.*.*)
                0x0380888c                __exidx_end = .

.rel.dyn        0x0380888c        0x0
 .rel.iplt      0x00000000        0x0 build/src/functions.o

.preinit_array  0x0380888c        0x0
                0x0380888c                __preinit_array_start = .
 *(SORT(.preinit_array.*))
 *(.preinit_array)
                0x0380888c                __preinit_array_end = .

.init_array     0x0380888c        0xc
                0x0380888c                __init_array_start = .
 *(SORT(.init_array.*))
 *(.init_array)
 .init_array    0x0380888c        0x4 build/src/config.o
 .init_array    0x03808890        0x4 C:\Program Files (x86)\VEX Robotics\VEXcode V5 Text\sdk/vexv5\libv5rt.a(vex_triport.cpp.obj)
 .init_array    0x03808894        0x4 C:\Program Files (x86)\VEX Robotics\VEXcode V5 Text\sdk/vexv5\libv5rt.a(vex_color.cpp.obj)
                0x03808898                __init_array_end = .

.fini_array     0x03808898        0x0
                0x03808898                __fini_array_start = .
 *(SORT(.fini_array.*))
 *(.fini_array)
                0x03808898                __fini_array_end = .

.ARM.attributes
                0x03808898       0x3c
                0x03808898                __ARM.attributes_start = .
 *(.ARM.attributes)
 .ARM.attributes
                0x03808898       0x3a build/src/functions.o
 .ARM.attributes
                0x038088d2       0x3a build/src/main.o
 .ARM.attributes
                0x0380890c       0x3a build/src/globalVars.o
 .ARM.attributes
                0x03808946       0x3a build/src/config.o
 .ARM.attributes
                0x03808980       0x3a build/src/VirtualField.o
 .ARM.attributes
                0x038089ba       0x3a build/src/FieldVirtualization.o
 .ARM.attributes
                0x038089f4       0x3a build/src/Auton/BF3.o
 .ARM.attributes
                0x03808a2e       0x3a build/src/Auton/Skills.o
 .ARM.attributes
                0x03808a68       0x3a build/src/Auton/RF3.o
 .ARM.attributes
                0x03808aa2       0x3a build/src/Auton/RB5.o
 .ARM.attributes
                0x03808adc       0x3a build/src/Auton/RB1.o
 .ARM.attributes
                0x03808b16       0x3a build/src/Auton/TestAuton.o
 .ARM.attributes
                0x03808b50       0x3a build/src/Auton/BB5.o
 .ARM.attributes
                0x03808b8a       0x3a build/src/Auton/RF1.o
 .ARM.attributes
                0x03808bc4       0x3a build/src/Auton/BB1.o
 .ARM.attributes
                0x03808bfe       0x3a build/src/Controller_Profiles/CarterController.o
 .ARM.attributes
                0x03808c38       0x3a build/src/Controller_Profiles/OtherController.o
 .ARM.attributes
                0x03808c72       0x35 C:\Program Files (x86)\VEX Robotics\VEXcode V5 Text\sdk/vexv5\libv5rt.a(v5_startup.c.obj)
 .ARM.attributes
                0x03808ca7       0x35 C:\Program Files (x86)\VEX Robotics\VEXcode V5 Text\sdk/vexv5\libv5rt.a(v5_util.c.obj)
 .ARM.attributes
                0x03808cdc       0x35 C:\Program Files (x86)\VEX Robotics\VEXcode V5 Text\sdk/vexv5\libv5rt.a(v5_apijump.c.obj)
 .ARM.attributes
                0x03808d11       0x35 C:\Program Files (x86)\VEX Robotics\VEXcode V5 Text\sdk/vexv5\libv5rt.a(v5_apiversions.c.obj)
 .ARM.attributes
                0x03808d46       0x35 C:\Program Files (x86)\VEX Robotics\VEXcode V5 Text\sdk/vexv5\libv5rt.a(vex_global.cpp.obj)
 .ARM.attributes
                0x03808d7b       0x35 C:\Program Files (x86)\VEX Robotics\VEXcode V5 Text\sdk/vexv5\libv5rt.a(vex_motor.cpp.obj)
 .ARM.attributes
                0x03808db0       0x35 C:\Program Files (x86)\VEX Robotics\VEXcode V5 Text\sdk/vexv5\libv5rt.a(vex_vision.cpp.obj)
 .ARM.attributes
                0x03808de5       0x35 C:\Program Files (x86)\VEX Robotics\VEXcode V5 Text\sdk/vexv5\libv5rt.a(vex_controller.cpp.obj)
 .ARM.attributes
                0x03808e1a       0x35 C:\Program Files (x86)\VEX Robotics\VEXcode V5 Text\sdk/vexv5\libv5rt.a(vex_task.cpp.obj)
 .ARM.attributes
                0x03808e4f       0x35 C:\Program Files (x86)\VEX Robotics\VEXcode V5 Text\sdk/vexv5\libv5rt.a(vex_event.cpp.obj)
 .ARM.attributes
                0x03808e84       0x35 C:\Program Files (x86)\VEX Robotics\VEXcode V5 Text\sdk/vexv5\libv5rt.a(vex_mevent.cpp.obj)