Archive member included because of file (symbol)

E:\Applications\Program Files\VEX Robotics\VEXcode V5 Text\sdk/vexv5\libv5rt.a(v5_startup.c.obj)
                              (vexStartup)
E:\Applications\Program Files\VEX Robotics\VEXcode V5 Text\sdk/vexv5\libv5rt.a(v5_util.c.obj)
                              E:\Applications\Program Files\VEX Robotics\VEXcode V5 Text\sdk/vexv5\libv5rt.a(v5_startup.c.obj) (vexStdlibVersionLinked)
E:\Applications\Program Files\VEX Robotics\VEXcode V5 Text\sdk/vexv5\libv5rt.a(v5_apijump.c.obj)
                              E:\Applications\Program Files\VEX Robotics\VEXcode V5 Text\sdk/vexv5\libv5rt.a(v5_startup.c.obj) (vexPrivateApiEnable)
E:\Applications\Program Files\VEX Robotics\VEXcode V5 Text\sdk/vexv5\libv5rt.a(v5_apiversions.c.obj)
                              E:\Applications\Program Files\VEX Robotics\VEXcode V5 Text\sdk/vexv5\libv5rt.a(v5_apijump.c.obj) (vexSystemVersion)
E:\Applications\Program Files\VEX Robotics\VEXcode V5 Text\sdk/vexv5\libv5rt.a(vex_global.cpp.obj)
                              build/src/functions.o (vex::transparent)
E:\Applications\Program Files\VEX Robotics\VEXcode V5 Text\sdk/vexv5\libv5rt.a(vex_motor.cpp.obj)
                              build/src/config.o (vex::motor::~motor())
E:\Applications\Program Files\VEX Robotics\VEXcode V5 Text\sdk/vexv5\libv5rt.a(vex_vision.cpp.obj)
                              build/src/config.o (vex::vision::~vision())
E:\Applications\Program Files\VEX Robotics\VEXcode V5 Text\sdk/vexv5\libv5rt.a(vex_controller.cpp.obj)
                              build/src/config.o (vex::controller::~controller())
E:\Applications\Program Files\VEX Robotics\VEXcode V5 Text\sdk/vexv5\libv5rt.a(vex_task.cpp.obj)
                              build/src/functions.o (vex::task::sleep(unsigned long))
E:\Applications\Program Files\VEX Robotics\VEXcode V5 Text\sdk/vexv5\libv5rt.a(vex_thread.cpp.obj)
                              E:\Applications\Program Files\VEX Robotics\VEXcode V5 Text\sdk/vexv5\libv5rt.a(vex_global.cpp.obj) (vex::this_thread::sleep_for(unsigned long))
E:\Applications\Program Files\VEX Robotics\VEXcode V5 Text\sdk/vexv5\libv5rt.a(vex_event.cpp.obj)
                              E:\Applications\Program Files\VEX Robotics\VEXcode V5 Text\sdk/vexv5\libv5rt.a(vex_controller.cpp.obj) (vex::event::init(unsigned long, unsigned long, void (*)()))
E:\Applications\Program Files\VEX Robotics\VEXcode V5 Text\sdk/vexv5\libv5rt.a(vex_mevent.cpp.obj)
                              E:\Applications\Program Files\VEX Robotics\VEXcode V5 Text\sdk/vexv5\libv5rt.a(vex_controller.cpp.obj) (vex::mevent::mevent(unsigned long, unsigned long))
E:\Applications\Program Files\VEX Robotics\VEXcode V5 Text\sdk/vexv5\libv5rt.a(vex_brain.cpp.obj)
                              build/src/config.o (vex::brain::~brain())
E:\Applications\Program Files\VEX Robotics\VEXcode V5 Text\sdk/vexv5\libv5rt.a(vex_competition.cpp.obj)
                              build/src/config.o (vex::competition::competition())
E:\Applications\Program Files\VEX Robotics\VEXcode V5 Text\sdk/vexv5\libv5rt.a(vex_triport.cpp.obj)
                              E:\Applications\Program Files\VEX Robotics\VEXcode V5 Text\sdk/vexv5\libv5rt.a(vex_brain.cpp.obj) (vex::triport::~triport())
E:\Applications\Program Files\VEX Robotics\VEXcode V5 Text\sdk/vexv5\libv5rt.a(vex_color.cpp.obj)
                              E:\Applications\Program Files\VEX Robotics\VEXcode V5 Text\sdk/vexv5\libv5rt.a(vex_brain.cpp.obj) (vex::color::operator unsigned long() const)
E:\Applications\Program Files\VEX Robotics\VEXcode V5 Text\sdk/vexv5\libv5rt.a(vex_timer.cpp.obj)
                              E:\Applications\Program Files\VEX Robotics\VEXcode V5 Text\sdk/vexv5\libv5rt.a(vex_brain.cpp.obj) (vex::timer::~timer())
E:\Applications\Program Files\VEX Robotics\VEXcode V5 Text\sdk/vexv5\libv5rt.a(v5_apiuser.c.obj)
                              E:\Applications\Program Files\VEX Robotics\VEXcode V5 Text\sdk/vexv5\libv5rt.a(vex_triport.cpp.obj) (vexAdiPortConfigSet)
E:\Applications\Program Files\VEX Robotics\VEXcode V5 Text\sdk/vexv5\libv5rt.a(vex_device.cpp.obj)
                              E:\Applications\Program Files\VEX Robotics\VEXcode V5 Text\sdk/vexv5\libv5rt.a(vex_triport.cpp.obj) (vex::device::value())
E:\Applications\Program Files\VEX Robotics\VEXcode V5 Text\sdk/vexv5/gcc/libs\libc.a(lib_a-fini.o)
                              E:\Applications\Program Files\VEX Robotics\VEXcode V5 Text\sdk/vexv5\libv5rt.a(v5_startup.c.obj) (__libc_fini_array)
E:\Applications\Program Files\VEX Robotics\VEXcode V5 Text\sdk/vexv5/gcc/libs\libc.a(lib_a-impure.o)
                              E:\Applications\Program Files\VEX Robotics\VEXcode V5 Text\sdk/vexv5\libv5rt.a(v5_startup.c.obj) (_impure_ptr)
E:\Applications\Program Files\VEX Robotics\VEXcode V5 Text\sdk/vexv5/gcc/libs\libc.a(lib_a-init.o)
[...]
Memory Configuration

Name             Origin             Length             Attributes
ps7_ddr_0_S_AXI_BASEADDR 0x03800000         0x04800000
*default*        0x00000000         0xffffffff

Linker script and memory map

                0x00002000                _STACK_SIZE = DEFINED (_STACK_SIZE)?_STACK_SIZE:0x2000
                0x00100000                _HEAP_SIZE = DEFINED (_HEAP_SIZE)?_HEAP_SIZE:0x100000
                0x00000400                _ABORT_STACK_SIZE = DEFINED (_ABORT_STACK_SIZE)?_ABORT_STACK_SIZE:0x400
                0x00000800                _SUPERVISOR_STACK_SIZE = DEFINED (_SUPERVISOR_STACK_SIZE)?_SUPERVISOR_STACK_SIZE:0x800
                0x00000400                _IRQ_STACK_SIZE = DEFINED (_IRQ_STACK_SIZE)?_IRQ_STACK_SIZE:0x400
                0x00000400                _FIQ_STACK_SIZE = DEFINED (_FIQ_STACK_SIZE)?_FIQ_STACK_SIZE:0x400
                0x00000400                _UNDEF_STACK_SIZE = DEFINED (_UNDEF_STACK_SIZE)?_UNDEF_STACK_SIZE:0x400

.text           0x03800000     0x8118
 *(.vectors)
 *(.boot_data)
 .boot_data     0x03800000       0x20 E:\Applications\Program Files\VEX Robotics\VEXcode V5 Text\sdk/vexv5\libv5rt.a(v5_startup.c.obj)
                0x03800000                vexCodeSig
                0x00000020                . = 0x20
 *(.boot)
 .boot          0x03800020       0xbc E:\Applications\Program Files\VEX Robotics\VEXcode V5 Text\sdk/vexv5\libv5rt.a(v5_startup.c.obj)
                0x03800020                vexStartup
                0x03800100                . = ALIGN (0x40)
 *fill*         0x038000dc       0x24 
 *(.freertos_vectors)
 *(.text)
 *(.text.*)
 .text._Z9robotInitb
                0x03800100       0x88 build/src/functions.o
                0x03800100                robotInit(bool)
 .text._Z11calibrationv
                0x03800188       0x50 build/src/functions.o
                0x03800188                calibration()
 .text._Z13AutonSelectori
                0x038001d8      0x280 build/src/functions.o
                0x038001d8                AutonSelector(int)
 .text._Z10MainScreenv
                0x03800458      0x374 build/src/functions.o
                0x03800458                MainScreen()
 .text._Z5Brakev
                0x038007cc       0x2c build/src/functions.o
                0x038007cc                Brake()
 .text._Z11IntakesMoved
                0x038007f8       0x80 build/src/functions.o
                0x038007f8                IntakesMove(double)
 .text._Z11IntakesStopv
                0x03800878       0x2c build/src/functions.o
                0x03800878                IntakesStop()
 *fill*         0x038008a4        0x4 
 .text._Z9SwingDownv
                0x038008a8       0x50 build/src/functions.o
                0x038008a8                SwingDown()
 .text._Z7SwingUpv
                0x038008f8       0x50 build/src/functions.o
                0x038008f8                SwingUp()
 .text._Z15SwingToLocationi
                0x03800948      0x178 build/src/functions.o
                0x03800948                SwingToLocation(int)
 .text._Z5Sleepd
                0x03800ac0       0x10 build/src/functions.o
                0x03800ac0                Sleep(double)
 .text._Z20ControllerStatusPollv
                0x03800ad0      0x168 build/src/functions.o
                0x03800ad0                ControllerStatusPoll()
 .text._Z5R4BUpv
                0x03800c38       0x74 build/src/functions.o
                0x03800c38                R4BUp()
 .text._Z7R4BDownv
                0x03800cac       0x74 build/src/functions.o
                0x03800cac                R4BDown()
 .text._Z13R4BToLocationi
                0x03800d20       0xb8 build/src/functions.o
                0x03800d20                R4BToLocation(int)
 .text._Z9DropStackv
                0x03800dd8       0x48 build/src/functions.o
                0x03800dd8                DropStack()
 .text._Z8DistMovedi
                0x03800e20      0x1e8 build/src/functions.o
                0x03800e20                DistMove(double, int)
 .text._Z7DegTurndi
                0x03801008       0x94 build/src/functions.o
                0x03801008                DegTurn(double, int)
 .text._Z23AutonSelectorScreenInitv
                0x0380109c      0x2e0 build/src/functions.o
                0x0380109c                AutonSelectorScreenInit()
 .text._Z7AllStopv
                0x0380137c       0x68 build/src/functions.o
                0x0380137c                AllStop()
 *fill*         0x038013e4        0x4 
 .text._Z11GyroCurrentv
                0x038013e8       0x68 build/src/functions.o
                0x038013e8                GyroCurrent()
 .text._Z12AccelCurrentv
                0x03801450       0xe8 build/src/functions.o
                0x03801450                AccelCurrent()
 .text._Z8autoLoopv
                0x03801538      0x234 build/src/main.o
                0x03801538                autoLoop()
 .text._Z14ControllerLoopv
                0x0380176c       0x28 build/src/main.o
                0x0380176c                ControllerLoop()
 *fill*         0x03801794        0x4 
 .text.main     0x03801798       0x58 build/src/main.o
                0x03801798                main
 .text._ZN3vex6visionC2IJNS0_9signatureES2_S2_S2_S2_S2_S2_EEElhDpRT_
                0x038017f0       0x64 build/src/config.o
                0x038017f0                vex::vision::vision<vex::vision::signature, vex::vision::signature, vex::vision::signature, vex::vision::signature, vex::vision::signature, vex::vision::signature, vex::vision::signature>(long, unsigned char, vex::vision::signature&, vex::vision::signature&, vex::vision::signature&, vex::vision::signature&, vex::vision::signature&, vex::vision::signature&, vex::vision::signature&)
 .text._ZN3vex6vision7_setsigINS0_9signatureEJS2_S2_S2_S2_EEEvRT_DpRT0_
                0x03801854       0x4c build/src/config.o
                0x03801854                void vex::vision::_setsig<vex::vision::signature, vex::vision::signature, vex::vision::signature, vex::vision::signature, vex::vision::signature>(vex::vision::signature&, vex::vision::signature&, vex::vision::signature&, vex::vision::signature&, vex::vision::signature&)
 .text._GLOBAL__sub_I_config.cpp
                0x038018a0      0x5c0 build/src/config.o
 .text._Z13FieldTemplatev
                0x03801e60      0xae0 build/src/VirtualField.o
                0x03801e60                FieldTemplate()
 .text._Z13RobotTemplateddd
                0x03802940      0x3f8 build/src/VirtualField.o
                0x03802940                RobotTemplate(double, double, double)
 .text._Z17StartVirtualFieldiii
                0x03802d38       0x80 build/src/FieldVirtualization.o
                0x03802d38                StartVirtualField(int, int, int)
 .text._Z12VirtualFieldv
                0x03802db8      0x518 build/src/FieldVirtualization.o
                0x03802db8                VirtualField()
 .text._Z3RF3v  0x038032d0      0x1d0 build/src/Auton/RF3.o
                0x038032d0                RF3()
 .text._Z6Skillsv
                0x038034a0      0x4d8 build/src/Auton/Skills.o
                0x038034a0                Skills()
 .text._Z3BF3v  0x03803978      0x1d0 build/src/Auton/BF3.o
                0x03803978                BF3()
 .text._Z3RB5v  0x03803b48      0x198 build/src/Auton/RB5.o
                0x03803b48                RB5()
 .text._Z3BB1v  0x03803ce0       0xb0 build/src/Auton/BB1.o
                0x03803ce0                BB1()
 .text._Z3RB1v  0x03803d90       0xb0 build/src/Auton/RB1.o
                0x03803d90                RB1()
 .text._Z3BB5v  0x03803e40      0x198 build/src/Auton/BB5.o
                0x03803e40                BB5()
 .text._Z3RF1v  0x03803fd8       0xb0 build/src/Auton/RF1.o
                0x03803fd8                RF1()
 .text._Z16CarterControllerv
                0x03804088      0x464 build/src/Controller_Profiles/CarterController.o
                0x03804088                CarterController()
 .text._Z15OtherControllerv
                0x038044ec      0x39c build/src/Controller_Profiles/OtherController.o
                0x038044ec                OtherController()
 .text.vexMain  0x03804888       0xb0 E:\Applications\Program Files\VEX Robotics\VEXcode V5 Text\sdk/vexv5\libv5rt.a(v5_startup.c.obj)
                0x03804888                vexMain
 .text.__vex_function_prolog
                0x03804938       0x18 E:\Applications\Program Files\VEX Robotics\VEXcode V5 Text\sdk/vexv5\libv5rt.a(v5_startup.c.obj)
                0x03804938                __vex_function_prolog
 .text._init    0x03804950        0x4 E:\Applications\Program Files\VEX Robotics\VEXcode V5 Text\sdk/vexv5\libv5rt.a(v5_startup.c.obj)
                0x03804950                _init
 .text._fini    0x03804954        0x4 E:\Applications\Program Files\VEX Robotics\VEXcode V5 Text\sdk/vexv5\libv5rt.a(v5_startup.c.obj)
                0x03804954                _fini
 .text.vexStdlibVersionLinked
                0x03804958        0xc E:\Applications\Program Files\VEX Robotics\VEXcode V5 Text\sdk/vexv5\libv5rt.a(v5_util.c.obj)
                0x03804958                vexStdlibVersionLinked
 .text.vexStdlibVersionVerify
                0x03804964       0x30 E:\Applications\Program Files\VEX Robotics\VEXcode V5 Text\sdk/vexv5\libv5rt.a(v5_util.c.obj)
                0x03804964                vexStdlibVersionVerify
 .text.vexPrivateApiEnable
                0x03804994       0x10 E:\Applications\Program Files\VEX Robotics\VEXcode V5 Text\sdk/vexv5\libv5rt.a(v5_apijump.c.obj)
                0x03804994                vexPrivateApiEnable
 .text.vexStdlibMismatchError
                0x038049a4       0x3c E:\Applications\Program Files\VEX Robotics\VEXcode V5 Text\sdk/vexv5\libv5rt.a(v5_apijump.c.obj)
                0x038049a4                vexStdlibMismatchError
 .text.vexTaskAdd
                0x038049e0       0x10 E:\Applications\Program Files\VEX Robotics\VEXcode V5 Text\sdk/vexv5\libv5rt.a(v5_apijump.c.obj)
                0x038049e0                vexTaskAdd
 .text.vexTaskStop
                0x038049f0       0x10 E:\Applications\Program Files\VEX Robotics\VEXcode V5 Text\sdk/vexv5\libv5rt.a(v5_apijump.c.obj)
                0x038049f0                vexTaskStop
 .text.vexTasksRun
                0x03804a00       0x10 E:\Applications\Program Files\VEX Robotics\VEXcode V5 Text\sdk/vexv5\libv5rt.a(v5_apijump.c.obj)
                0x03804a00                vexTasksRun
 .text.vexTaskYield
                0x03804a10       0x10 E:\Applications\Program Files\VEX Robotics\VEXcode V5 Text\sdk/vexv5\libv5rt.a(v5_apijump.c.obj)
                0x03804a10                vexTaskYield
 .text.vexTaskCheckTimeslice
                0x03804a20       0x10 E:\Applications\Program Files\VEX Robotics\VEXcode V5 Text\sdk/vexv5\libv5rt.a(v5_apijump.c.obj)
                0x03804a20                vexTaskCheckTimeslice
 .text.vexTaskSleep
                0x03804a30       0x10 E:\Applications\Program Files\VEX Robotics\VEXcode V5 Text\sdk/vexv5\libv5rt.a(v5_apijump.c.obj)
                0x03804a30                vexTaskSleep
 .text.vexTasksDump
                0x03804a40       0x1c E:\Applications\Program Files\VEX Robotics\VEXcode V5 Text\sdk/vexv5\libv5rt.a(v5_apijump.c.obj)
                0x03804a40                vexTasksDump
 .text.vexTaskGetTaskIndex
                0x03804a5c       0x10 E:\Applications\Program Files\VEX Robotics\VEXcode V5 Text\sdk/vexv5\libv5rt.a(v5_apijump.c.obj)
                0x03804a5c                vexTaskGetTaskIndex
 .text.vexTaskStopAll
                0x03804a6c       0x10 E:\Applications\Program Files\VEX Robotics\VEXcode V5 Text\sdk/vexv5\libv5rt.a(v5_apijump.c.obj)
                0x03804a6c                vexTaskStopAll
 .text.vexTaskRemoveAllUser
                0x03804a7c       0x34 E:\Applications\Program Files\VEX Robotics\VEXcode V5 Text\sdk/vexv5\libv5rt.a(v5_apijump.c.obj)
                0x03804a7c                vexTaskRemoveAllUser
 .text.vexTaskCompletionIdSet
                0x03804ab0       0x10 E:\Applications\Program Files\VEX Robotics\VEXcode V5 Text\sdk/vexv5\libv5rt.a(v5_apijump.c.obj)
                0x03804ab0                vexTaskCompletionIdSet
 .text.vexCriticalSection
                0x03804ac0       0x2c E:\Applications\Program Files\VEX Robotics\VEXcode V5 Text\sdk/vexv5\libv5rt.a(v5_apijump.c.obj)
                0x03804ac0                vexCriticalSection
 .text.vexEventAdd
                0x03804aec       0x34 E:\Applications\Program Files\VEX Robotics\VEXcode V5 Text\sdk/vexv5\libv5rt.a(v5_apijump.c.obj)
                0x03804aec                vexEventAdd
 .text.vexEventUserIndexGet
                0x03804b20       0x1c E:\Applications\Program Files\VEX Robotics\VEXcode V5 Text\sdk/vexv5\libv5rt.a(v5_apijump.c.obj)
                0x03804b20                vexEventUserIndexGet
 .text.vexEventAddWithArg
                0x03804b3c       0x3c E:\Applications\Program Files\VEX Robotics\VEXcode V5 Text\sdk/vexv5\libv5rt.a(v5_apijump.c.obj)
                0x03804b3c                vexEventAddWithArg
 .text.vexEventsCleanup
                0x03804b78       0x2c E:\Applications\Program Files\VEX Robotics\VEXcode V5 Text\sdk/vexv5\libv5rt.a(v5_apijump.c.obj)
                0x03804b78                vexEventsCleanup
 .text.vexDebug
                0x03804ba4       0x38 E:\Applications\Program Files\VEX Robotics\VEXcode V5 Text\sdk/vexv5\libv5rt.a(v5_apijump.c.obj)
                0x03804ba4                vexDebug
 .text.vex_sprintf
                0x03804bdc       0x40 E:\Applications\Program Files\VEX Robotics\VEXcode V5 Text\sdk/vexv5\libv5rt.a(v5_apijump.c.obj)
                0x03804bdc                vex_sprintf
 .text.vex_vsnprintf
                0x03804c1c       0x3c E:\Applications\Program Files\VEX Robotics\VEXcode V5 Text\sdk/vexv5\libv5rt.a(v5_apijump.c.obj)
                0x03804c1c                vex_vsnprintf
 .text.vexSystemTimeGet
                0x03804c58       0x1c E:\Applications\Program Files\VEX Robotics\VEXcode V5 Text\sdk/vexv5\libv5rt.a(v5_apijump.c.obj)
                0x03804c58                vexSystemTimeGet
 .text.vexSystemExitRequest
                0x03804c74       0x1c E:\Applications\Program Files\VEX Robotics\VEXcode V5 Text\sdk/vexv5\libv5rt.a(v5_apijump.c.obj)
                0x03804c74                vexSystemExitRequest
 .text.vexDeviceGetByIndex
                0x03804c90       0x24 E:\Applications\Program Files\VEX Robotics\VEXcode V5 Text\sdk/vexv5\libv5rt.a(v5_apijump.c.obj)
                0x03804c90                vexDeviceGetByIndex
 .text.vexControllerGet
                0x03804cb4       0x2c E:\Applications\Program Files\VEX Robotics\VEXcode V5 Text\sdk/vexv5\libv5rt.a(v5_apijump.c.obj)
                0x03804cb4                vexControllerGet
 .text.vexControllerTextSet
                0x03804ce0       0x74 E:\Applications\Program Files\VEX Robotics\VEXcode V5 Text\sdk/vexv5\libv5rt.a(v5_apijump.c.obj)
                0x03804ce0                vexControllerTextSet
 .text.vexDeviceAdiPortConfigSet
                0x03804d54       0x34 E:\Applications\Program Files\VEX Robotics\VEXcode V5 Text\sdk/vexv5\libv5rt.a(v5_apijump.c.obj)
                0x03804d54                vexDeviceAdiPortConfigSet
 .text.vexDeviceAdiPortConfigGet
                0x03804d88       0x2c E:\Applications\Program Files\VEX Robotics\VEXcode V5 Text\sdk/vexv5\libv5rt.a(v5_apijump.c.obj)
                0x03804d88                vexDeviceAdiPortConfigGet
 .text.vexDeviceAdiValueSet
                0x03804db4       0x34 E:\Applications\Program Files\VEX Robotics\VEXcode V5 Text\sdk/vexv5\libv5rt.a(v5_apijump.c.obj)
                0x03804db4                vexDeviceAdiValueSet
 .text.vexDeviceAdiValueGet
                0x03804de8       0x2c E:\Applications\Program Files\VEX Robotics\VEXcode V5 Text\sdk/vexv5\libv5rt.a(v5_apijump.c.obj)
                0x03804de8                vexDeviceAdiValueGet
 .text.vexDeviceMotorVelocitySet
                0x03804e14       0x2c E:\Applications\Program Files\VEX Robotics\VEXcode V5 Text\sdk/vexv5\libv5rt.a(v5_apijump.c.obj)
                0x03804e14                vexDeviceMotorVelocitySet
 .text.vexDeviceMotorActualVelocityGet
                0x03804e40       0x24 E:\Applications\Program Files\VEX Robotics\VEXcode V5 Text\sdk/vexv5\libv5rt.a(v5_apijump.c.obj)
                0x03804e40                vexDeviceMotorActualVelocityGet
 .text.vexDeviceMotorTemperatureGet
                0x03804e64       0x24 E:\Applications\Program Files\VEX Robotics\VEXcode V5 Text\sdk/vexv5\libv5rt.a(v5_apijump.c.obj)
                0x03804e64                vexDeviceMotorTemperatureGet
 .text.vexDeviceMotorZeroPositionFlagGet
                0x03804e88       0x24 E:\Applications\Program Files\VEX Robotics\VEXcode V5 Text\sdk/vexv5\libv5rt.a(v5_apijump.c.obj)
                0x03804e88                vexDeviceMotorZeroPositionFlagGet
 .text.vexDeviceMotorReverseFlagSet
                0x03804eac       0x2c E:\Applications\Program Files\VEX Robotics\VEXcode V5 Text\sdk/vexv5\libv5rt.a(v5_apijump.c.obj)
                0x03804eac                vexDeviceMotorReverseFlagSet
 .text.vexDeviceMotorEncoderUnitsSet
                0x03804ed8       0x2c E:\Applications\Program Files\VEX Robotics\VEXcode V5 Text\sdk/vexv5\libv5rt.a(v5_apijump.c.obj)
                0x03804ed8                vexDeviceMotorEncoderUnitsSet
 .text.vexDeviceMotorBrakeModeSet
                0x03804f04       0x2c E:\Applications\Program Files\VEX Robotics\VEXcode V5 Text\sdk/vexv5\libv5rt.a(v5_apijump.c.obj)
                0x03804f04                vexDeviceMotorBrakeModeSet
 .text.vexDeviceMotorPositionSet
                0x03804f30       0x34 E:\Applications\Program Files\VEX Robotics\VEXcode V5 Text\sdk/vexv5\libv5rt.a(v5_apijump.c.obj)
                0x03804f30                vexDeviceMotorPositionSet
 .text.vexDeviceMotorPositionGet
                0x03804f64       0x24 E:\Applications\Program Files\VEX Robotics\VEXcode V5 Text\sdk/vexv5\libv5rt.a(v5_apijump.c.obj)
                0x03804f64                vexDeviceMotorPositionGet
 .text.vexDeviceMotorAbsoluteTargetSet
                0x03804f88       0x3c E:\Applications\Program Files\VEX Robotics\VEXcode V5 Text\sdk/vexv5\libv5rt.a(v5_apijump.c.obj)
                0x03804f88                vexDeviceMotorAbsoluteTargetSet
 .text.vexDeviceMotorRelativeTargetSet
                0x03804fc4       0x3c E:\Applications\Program Files\VEX Robotics\VEXcode V5 Text\sdk/vexv5\libv5rt.a(v5_apijump.c.obj)
                0x03804fc4                vexDeviceMotorRelativeTargetSet
 .text.vexDeviceMotorGearingSet
                0x03805000       0x2c E:\Applications\Program Files\VEX Robotics\VEXcode V5 Text\sdk/vexv5\libv5rt.a(v5_apijump.c.obj)
                0x03805000                vexDeviceMotorGearingSet
 .text.vexDeviceMotorGearingGet
                0x0380502c       0x24 E:\Applications\Program Files\VEX Robotics\VEXcode V5 Text\sdk/vexv5\libv5rt.a(v5_apijump.c.obj)
                0x0380502c                vexDeviceMotorGearingGet
 .text.vexDeviceVisionModeSet
                0x03805050       0x2c E:\Applications\Program Files\VEX Robotics\VEXcode V5 Text\sdk/vexv5\libv5rt.a(v5_apijump.c.obj)
                0x03805050                vexDeviceVisionModeSet
 .text.vexDeviceVisionObjectCountGet
                0x0380507c       0x24 E:\Applications\Program Files\VEX Robotics\VEXcode V5 Text\sdk/vexv5\libv5rt.a(v5_apijump.c.obj)
                0x0380507c                vexDeviceVisionObjectCountGet
 .text.vexDeviceVisionObjectGet
                0x038050a0       0x34 E:\Applications\Program Files\VEX Robotics\VEXcode V5 Text\sdk/vexv5\libv5rt.a(v5_apijump.c.obj)
                0x038050a0                vexDeviceVisionObjectGet
 .text.vexDeviceVisionSignatureSet
                0x038050d4       0x2c E:\Applications\Program Files\VEX Robotics\VEXcode V5 Text\sdk/vexv5\libv5rt.a(v5_apijump.c.obj)
                0x038050d4                vexDeviceVisionSignatureSet
 .text.vexDeviceVisionBrightnessSet
                0x03805100       0x2c E:\Applications\Program Files\VEX Robotics\VEXcode V5 Text\sdk/vexv5\libv5rt.a(v5_apijump.c.obj)
                0x03805100                vexDeviceVisionBrightnessSet
 .text.vexDeviceVisionLedModeSet
                0x0380512c       0x2c E:\Applications\Program Files\VEX Robotics\VEXcode V5 Text\sdk/vexv5\libv5rt.a(v5_apijump.c.obj)
                0x0380512c                vexDeviceVisionLedModeSet
 .text.vexDeviceVisionLedColorSet
                0x03805158       0x30 E:\Applications\Program Files\VEX Robotics\VEXcode V5 Text\sdk/vexv5\libv5rt.a(v5_apijump.c.obj)
                0x03805158                vexDeviceVisionLedColorSet
 .text.vexDeviceVisionWifiModeSet
                0x03805188       0x2c E:\Applications\Program Files\VEX Robotics\VEXcode V5 Text\sdk/vexv5\libv5rt.a(v5_apijump.c.obj)
                0x03805188                vexDeviceVisionWifiModeSet
 .text.vexDisplayForegroundColor
                0x038051b4       0x24 E:\Applications\Program Files\VEX Robotics\VEXcode V5 Text\sdk/vexv5\libv5rt.a(v5_apijump.c.obj)
                0x038051b4                vexDisplayForegroundColor
 .text.vexDisplayBackgroundColor
                0x038051d8       0x24 E:\Applications\Program Files\VEX Robotics\VEXcode V5 Text\sdk/vexv5\libv5rt.a(v5_apijump.c.obj)
                0x038051d8                vexDisplayBackgroundColor
 .text.vexDisplayBackgroundColorGet
                0x038051fc       0x1c E:\Applications\Program Files\VEX Robotics\VEXcode V5 Text\sdk/vexv5\libv5rt.a(v5_apijump.c.obj)
                0x038051fc                vexDisplayBackgroundColorGet
 .text.vexDisplayPixelSet
                0x03805218       0x38 E:\Applications\Program Files\VEX Robotics\VEXcode V5 Text\sdk/vexv5\libv5rt.a(v5_apijump.c.obj)
                0x03805218                vexDisplayPixelSet
 .text.vexDisplayLineDraw
                0x03805250       0x4c E:\Applications\Program Files\VEX Robotics\VEXcode V5 Text\sdk/vexv5\libv5rt.a(v5_apijump.c.obj)
                0x03805250                vexDisplayLineDraw
 .text.vexDisplayRectDraw
                0x0380529c       0x4c E:\Applications\Program Files\VEX Robotics\VEXcode V5 Text\sdk/vexv5\libv5rt.a(v5_apijump.c.obj)
                0x0380529c                vexDisplayRectDraw
 .text.vexDisplayRectClear
                0x038052e8       0x4c E:\Applications\Program Files\VEX Robotics\VEXcode V5 Text\sdk/vexv5\libv5rt.a(v5_apijump.c.obj)
                0x038052e8                vexDisplayRectClear
 .text.vexDisplayCircleDraw
                0x03805334       0x40 E:\Applications\Program Files\VEX Robotics\VEXcode V5 Text\sdk/vexv5\libv5rt.a(v5_apijump.c.obj)
                0x03805334                vexDisplayCircleDraw
 .text.vexDisplayCircleClear
                0x03805374       0x40 E:\Applications\Program Files\VEX Robotics\VEXcode V5 Text\sdk/vexv5\libv5rt.a(v5_apijump.c.obj)
                0x03805374                vexDisplayCircleClear
 .text.vexDisplayPrintf
                0x038053b4       0x68 E:\Applications\Program Files\VEX Robotics\VEXcode V5 Text\sdk/vexv5\libv5rt.a(v5_apijump.c.obj)
                0x038053b4                vexDisplayPrintf
 .text.vexDisplayTextReference
                0x0380541c       0x24 E:\Applications\Program Files\VEX Robotics\VEXcode V5 Text\sdk/vexv5\libv5rt.a(v5_apijump.c.obj)
                0x0380541c                vexDisplayTextReference
 .text.vexDisplayTextSize
                0x03805440       0x2c E:\Applications\Program Files\VEX Robotics\VEXcode V5 Text\sdk/vexv5\libv5rt.a(v5_apijump.c.obj)
                0x03805440                vexDisplayTextSize
 .text.vexDisplayFontNamedSet
                0x0380546c       0x24 E:\Applications\Program Files\VEX Robotics\VEXcode V5 Text\sdk/vexv5\libv5rt.a(v5_apijump.c.obj)
                0x0380546c                vexDisplayFontNamedSet
 .text.vexDisplayPenSizeSet
                0x03805490       0x24 E:\Applications\Program Files\VEX Robotics\VEXcode V5 Text\sdk/vexv5\libv5rt.a(v5_apijump.c.obj)
                0x03805490                vexDisplayPenSizeSet
 .text.vexDisplayPenSizeGet
                0x038054b4       0x1c E:\Applications\Program Files\VEX Robotics\VEXcode V5 Text\sdk/vexv5\libv5rt.a(v5_apijump.c.obj)
                0x038054b4                vexDisplayPenSizeGet
 .text.vexSystemStdlibImpureDataAddr
                0x038054d0       0x28 E:\Applications\Program Files\VEX Robotics\VEXcode V5 Text\sdk/vexv5\libv5rt.a(v5_apijump.c.obj)
                0x038054d0                vexSystemStdlibImpureDataAddr
 .text.vexSystemStdlibImpureDataSize
                0x038054f8       0x28 E:\Applications\Program Files\VEX Robotics\VEXcode V5 Text\sdk/vexv5\libv5rt.a(v5_apijump.c.obj)
                0x038054f8                vexSystemStdlibImpureDataSize
 .text.vexSystemSaveUserData
                0x03805520       0x3c E:\Applications\Program Files\VEX Robotics\VEXcode V5 Text\sdk/vexv5\libv5rt.a(v5_apijump.c.obj)
                0x03805520                vexSystemSaveUserData
 .text.vexTouchDataGet
                0x0380555c       0x10 E:\Applications\Program Files\VEX Robotics\VEXcode V5 Text\sdk/vexv5\libv5rt.a(v5_apijump.c.obj)
                0x0380555c                vexTouchDataGet
 .text.vexDisplayThemeIdGet
                0x0380556c       0x38 E:\Applications\Program Files\VEX Robotics\VEXcode V5 Text\sdk/vexv5\libv5rt.a(v5_apijump.c.obj)
                0x0380556c                vexDisplayThemeIdGet
 .text.vexCompetitionStatus
                0x038055a4       0x1c E:\Applications\Program Files\VEX Robotics\VEXcode V5 Text\sdk/vexv5\libv5rt.a(v5_apijump.c.obj)
                0x038055a4                vexCompetitionStatus
 .text.vexBatteryCapacityGet
                0x038055c0       0x1c E:\Applications\Program Files\VEX Robotics\VEXcode V5 Text\sdk/vexv5\libv5rt.a(v5_apijump.c.obj)
                0x038055c0                vexBatteryCapacityGet
 .text.vexDeviceEventMaskSet
                0x038055dc       0x48 E:\Applications\Program Files\VEX Robotics\VEXcode V5 Text\sdk/vexv5\libv5rt.a(v5_apijump.c.obj)
                0x038055dc                vexDeviceEventMaskSet
 .text.vexDeviceEventMaskGet
                0x03805624       0x3c E:\Applications\Program Files\VEX Robotics\VEXcode V5 Text\sdk/vexv5\libv5rt.a(v5_apijump.c.obj)
                0x03805624                vexDeviceEventMaskGet
 .text.vexSystemVersion
                0x03805660       0x10 E:\Applications\Program Files\VEX Robotics\VEXcode V5 Text\sdk/vexv5\libv5rt.a(v5_apiversions.c.obj)
                0x03805660                vexSystemVersion
 .text.vexStdlibVersion
                0x03805670       0x10 E:\Applications\Program Files\VEX Robotics\VEXcode V5 Text\sdk/vexv5\libv5rt.a(v5_apiversions.c.obj)
                0x03805670                vexStdlibVersion
 .text._ZN3vex5motor9installedEv
                0x03805680       0x18 E:\Applications\Program Files\VEX Robotics\VEXcode V5 Text\sdk/vexv5\libv5rt.a(vex_motor.cpp.obj)
                0x03805680                vex::motor::installed()
 .text._ZN3vex5motorD2Ev
                0x03805698       0x20 E:\Applications\Program Files\VEX Robotics\VEXcode V5 Text\sdk/vexv5\libv5rt.a(vex_motor.cpp.obj)
                0x03805698                vex::motor::~motor()
                0x03805698                vex::motor::~motor()
 .text._ZN3vex5motor15defaultStoppingENS_9brakeTypeE
                0x038056b8       0x30 E:\Applications\Program Files\VEX Robotics\VEXcode V5 Text\sdk/vexv5\libv5rt.a(vex_motor.cpp.obj)
                0x038056b8                vex::motor::defaultStopping(vex::brakeType)
 .text._ZN3vex5motorC2El
                0x038056e8       0x78 E:\Applications\Program Files\VEX Robotics\VEXcode V5 Text\sdk/vexv5\libv5rt.a(vex_motor.cpp.obj)
                0x038056e8                vex::motor::motor(long)
                0x038056e8                vex::motor::motor(long)
 .text._ZN3vex5motorC2ElNS_11gearSettingEb
                0x03805760       0x34 E:\Applications\Program Files\VEX Robotics\VEXcode V5 Text\sdk/vexv5\libv5rt.a(vex_motor.cpp.obj)
                0x03805760                vex::motor::motor(long, vex::gearSetting, bool)
                0x03805760                vex::motor::motor(long, vex::gearSetting, bool)
 .text._ZN3vex5motorC2ElNS_11gearSettingE
                0x03805794       0x24 E:\Applications\Program Files\VEX Robotics\VEXcode V5 Text\sdk/vexv5\libv5rt.a(vex_motor.cpp.obj)
                0x03805794                vex::motor::motor(long, vex::gearSetting)
                0x03805794                vex::motor::motor(long, vex::gearSetting)
 .text._ZN3vex5motor4stopENS_9brakeTypeE
                0x038057b8       0x30 E:\Applications\Program Files\VEX Robotics\VEXcode V5 Text\sdk/vexv5\libv5rt.a(vex_motor.cpp.obj)
                0x038057b8                vex::motor::stop(vex::brakeType)
 .text._ZN3vex5motor4stopEv
                0x038057e8        0x8 E:\Applications\Program Files\VEX Robotics\VEXcode V5 Text\sdk/vexv5\libv5rt.a(vex_motor.cpp.obj)
                0x038057e8                vex::motor::stop()
 .text._ZN3vex5motor11temperatureENS_16temperatureUnitsE
                0x038057f0       0x40 E:\Applications\Program Files\VEX Robotics\VEXcode V5 Text\sdk/vexv5\libv5rt.a(vex_motor.cpp.obj)
                0x038057f0                vex::motor::temperature(vex::temperatureUnits)
 .text._ZN3vex5motor16velocityToScaledEdNS_13velocityUnitsE
                0x03805830       0x5c E:\Applications\Program Files\VEX Robotics\VEXcode V5 Text\sdk/vexv5\libv5rt.a(vex_motor.cpp.obj)
                0x03805830                vex::motor::velocityToScaled(double, vex::velocityUnits)
 .text._ZN3vex5motor8velocityENS_13velocityUnitsE
                0x0380588c       0x30 E:\Applications\Program Files\VEX Robotics\VEXcode V5 Text\sdk/vexv5\libv5rt.a(vex_motor.cpp.obj)
                0x0380588c                vex::motor::velocity(vex::velocityUnits)
 .text._ZN3vex5motor5valueEv
                0x038058bc       0x1c E:\Applications\Program Files\VEX Robotics\VEXcode V5 Text\sdk/vexv5\libv5rt.a(vex_motor.cpp.obj)
                0x038058bc                vex::motor::value()
 .text._ZN3vex5motor16scaledToVelocityEdNS_13velocityUnitsE
                0x038058d8       0xa4 E:\Applications\Program Files\VEX Robotics\VEXcode V5 Text\sdk/vexv5\libv5rt.a(vex_motor.cpp.obj)
                0x038058d8                vex::motor::scaledToVelocity(double, vex::velocityUnits)
 .text._ZN3vex5motor4spinENS_13directionTypeEdNS_13velocityUnitsE
                0x0380597c       0x5c E:\Applications\Program Files\VEX Robotics\VEXcode V5 Text\sdk/vexv5\libv5rt.a(vex_motor.cpp.obj)
                0x0380597c                vex::motor::spin(vex::directionType, double, vex::velocityUnits)
 .text._ZN3vex5motor16setRotationUnitsENS_13rotationUnitsE
                0x038059d8       0x1c E:\Applications\Program Files\VEX Robotics\VEXcode V5 Text\sdk/vexv5\libv5rt.a(vex_motor.cpp.obj)
                0x038059d8                vex::motor::setRotationUnits(vex::rotationUnits)
 .text._ZN3vex5motor11setRotationEdNS_13rotationUnitsE
                0x038059f4       0x44 E:\Applications\Program Files\VEX Robotics\VEXcode V5 Text\sdk/vexv5\libv5rt.a(vex_motor.cpp.obj)
                0x038059f4                vex::motor::setRotation(double, vex::rotationUnits)
 .text._ZN3vex5motor13resetRotationEv
                0x03805a38       0x20 E:\Applications\Program Files\VEX Robotics\VEXcode V5 Text\sdk/vexv5\libv5rt.a(vex_motor.cpp.obj)
                0x03805a38                vex::motor::resetRotation()
 .text._ZN3vex5motor8rotateToEdNS_13rotationUnitsEdNS_13velocityUnitsEb
                0x03805a58       0xc4 E:\Applications\Program Files\VEX Robotics\VEXcode V5 Text\sdk/vexv5\libv5rt.a(vex_motor.cpp.obj)
                0x03805a58                vex::motor::rotateTo(double, vex::rotationUnits, double, vex::velocityUnits, bool)
 .text._ZN3vex5motor13startRotateToEdNS_13rotationUnitsEdNS_13velocityUnitsE
                0x03805b1c       0x34 E:\Applications\Program Files\VEX Robotics\VEXcode V5 Text\sdk/vexv5\libv5rt.a(vex_motor.cpp.obj)
                0x03805b1c                vex::motor::startRotateTo(double, vex::rotationUnits, double, vex::velocityUnits)
 .text._ZN3vex5motor9rotateForEdNS_13rotationUnitsEdNS_13velocityUnitsEb
                0x03805b50       0xe0 E:\Applications\Program Files\VEX Robotics\VEXcode V5 Text\sdk/vexv5\libv5rt.a(vex_motor.cpp.obj)
                0x03805b50                vex::motor::rotateFor(double, vex::rotationUnits, double, vex::velocityUnits, bool)
 .text._ZN3vex5motor14startRotateForEdNS_13rotationUnitsEdNS_13velocityUnitsE
                0x03805c30       0x34 E:\Applications\Program Files\VEX Robotics\VEXcode V5 Text\sdk/vexv5\libv5rt.a(vex_motor.cpp.obj)
                0x03805c30                vex::motor::startRotateFor(double, vex::rotationUnits, double, vex::velocityUnits)
 .text._ZN3vex5motor8rotationENS_13rotationUnitsE
                0x03805c64       0x44 E:\Applications\Program Files\VEX Robotics\VEXcode V5 Text\sdk/vexv5\libv5rt.a(vex_motor.cpp.obj)
                0x03805c64                vex::motor::rotation(vex::rotationUnits)
 .text._ZN3vex6vision9installedEv
                0x03805ca8       0x18 E:\Applications\Program Files\VEX Robotics\VEXcode V5 Text\sdk/vexv5\libv5rt.a(vex_vision.cpp.obj)
                0x03805ca8                vex::vision::installed()
 .text._ZN3vex6visionD2Ev
                0x03805cc0       0x38 E:\Applications\Program Files\VEX Robotics\VEXcode V5 Text\sdk/vexv5\libv5rt.a(vex_vision.cpp.obj)
                0x03805cc0                vex::vision::~vision()
                0x03805cc0                vex::vision::~vision()
 .text._ZN3vex6vision12setSignatureERNS0_9signatureE
                0x03805cf8       0x70 E:\Applications\Program Files\VEX Robotics\VEXcode V5 Text\sdk/vexv5\libv5rt.a(vex_vision.cpp.obj)
                0x03805cf8                vex::vision::setSignature(vex::vision::signature&)
 .text._ZN3vex6vision7setModeENS0_13detectionModeE
                0x03805d68       0x18 E:\Applications\Program Files\VEX Robotics\VEXcode V5 Text\sdk/vexv5\libv5rt.a(vex_vision.cpp.obj)
                0x03805d68                vex::vision::setMode(vex::vision::detectionMode)
 .text._ZN3vex6vision13setBrightnessEh
                0x03805d80       0x30 E:\Applications\Program Files\VEX Robotics\VEXcode V5 Text\sdk/vexv5\libv5rt.a(vex_vision.cpp.obj)
                0x03805d80                vex::vision::setBrightness(unsigned char)
 .text._ZN3vex6vision10setLedModeENS0_7ledModeE
                0x03805db0       0x18 E:\Applications\Program Files\VEX Robotics\VEXcode V5 Text\sdk/vexv5\libv5rt.a(vex_vision.cpp.obj)
                0x03805db0                vex::vision::setLedMode(vex::vision::ledMode)
 .text._ZN3vex6vision11setLedColorEhhh
                0x03805dc8       0x30 E:\Applications\Program Files\VEX Robotics\VEXcode V5 Text\sdk/vexv5\libv5rt.a(vex_vision.cpp.obj)
                0x03805dc8                vex::vision::setLedColor(unsigned char, unsigned char, unsigned char)
 .text._ZN3vex6vision11setWifiModeENS0_8wifiModeE
                0x03805df8       0x18 E:\Applications\Program Files\VEX Robotics\VEXcode V5 Text\sdk/vexv5\libv5rt.a(vex_vision.cpp.obj)
                0x03805df8                vex::vision::setWifiMode(vex::vision::wifiMode)
 .text._ZN3vex6vision9signatureD2Ev
                0x03805e10        0x4 E:\Applications\Program Files\VEX Robotics\VEXcode V5 Text\sdk/vexv5\libv5rt.a(vex_vision.cpp.obj)
                0x03805e10                vex::vision::signature::~signature()
                0x03805e10                vex::vision::signature::~signature()
 .text._ZN3vex6vision9signature5clearEv
                0x03805e14       0x38 E:\Applications\Program Files\VEX Robotics\VEXcode V5 Text\sdk/vexv5\libv5rt.a(vex_vision.cpp.obj)
                0x03805e14                vex::vision::signature::clear()
 .text._ZN3vex6vision9signatureC2Ev
                0x03805e4c       0x60 E:\Applications\Program Files\VEX Robotics\VEXcode V5 Text\sdk/vexv5\libv5rt.a(vex_vision.cpp.obj)
                0x03805e4c                vex::vision::signature::signature()
                0x03805e4c                vex::vision::signature::signature()
 .text._ZN3vex6vision9signatureC2Elllllllfl
                0x03805eac       0x5c E:\Applications\Program Files\VEX Robotics\VEXcode V5 Text\sdk/vexv5\libv5rt.a(vex_vision.cpp.obj)
                0x03805eac                vex::vision::signature::signature(long, long, long, long, long, long, long, float, long)
                0x03805eac                vex::vision::signature::signature(long, long, long, long, long, long, long, float, long)
 .text._ZN3vex6vision6object3setE22_V5_DeviceVisionObject
                0x03805f08       0x78 E:\Applications\Program Files\VEX Robotics\VEXcode V5 Text\sdk/vexv5\libv5rt.a(vex_vision.cpp.obj)
                0x03805f08                vex::vision::object::set(_V5_DeviceVisionObject)
 .text._ZN3vex6vision6object5clearEv
                0x03805f80       0x38 E:\Applications\Program Files\VEX Robotics\VEXcode V5 Text\sdk/vexv5\libv5rt.a(vex_vision.cpp.obj)
                0x03805f80                vex::vision::object::clear()
 .text._ZN3vex6vision6objectC2Ev
                0x03805fb8       0x58 E:\Applications\Program Files\VEX Robotics\VEXcode V5 Text\sdk/vexv5\libv5rt.a(vex_vision.cpp.obj)
                0x03805fb8                vex::vision::object::object()
                0x03805fb8                vex::vision::object::object()
 .text._ZN3vex6vision13_clearObjectsEv
                0x03806010       0x40 E:\Applications\Program Files\VEX Robotics\VEXcode V5 Text\sdk/vexv5\libv5rt.a(vex_vision.cpp.obj)
                0x03806010                vex::vision::_clearObjects()
 .text._ZN3vex6vision6objectaSERKS1_
                0x03806050       0x74 E:\Applications\Program Files\VEX Robotics\VEXcode V5 Text\sdk/vexv5\libv5rt.a(vex_vision.cpp.obj)
                0x03806050                vex::vision::object::operator=(vex::vision::object const&)
 .text._ZN3vex6vision12takeSnapshotEmm
                0x038060c4       0xf4 E:\Applications\Program Files\VEX Robotics\VEXcode V5 Text\sdk/vexv5\libv5rt.a(vex_vision.cpp.obj)
                0x038060c4                vex::vision::takeSnapshot(unsigned long, unsigned long)
 .text._ZN3vex6vision12takeSnapshotEm
                0x038061b8        0x8 E:\Applications\Program Files\VEX Robotics\VEXcode V5 Text\sdk/vexv5\libv5rt.a(vex_vision.cpp.obj)
                0x038061b8                vex::vision::takeSnapshot(unsigned long)
 .text._ZN3vex6vision5valueEv
                0x038061c0        0x8 E:\Applications\Program Files\VEX Robotics\VEXcode V5 Text\sdk/vexv5\libv5rt.a(vex_vision.cpp.obj)
                0x038061c0                vex::vision::value()
 .text._ZN3vex6vision6objectaSEl
                0x038061c8       0x38 E:\Applications\Program Files\VEX Robotics\VEXcode V5 Text\sdk/vexv5\libv5rt.a(vex_vision.cpp.obj)
                0x038061c8                vex::vision::object::operator=(long)
 .text._ZN3vex6visionC2El
                0x03806200       0xa4 E:\Applications\Program Files\VEX Robotics\VEXcode V5 Text\sdk/vexv5\libv5rt.a(vex_vision.cpp.obj)
                0x03806200                vex::vision::vision(long)
                0x03806200                vex::vision::vision(long)
 .text._ZN3vex10controllerD2Ev
                0x038062a4        0x4 E:\Applications\Program Files\VEX Robotics\VEXcode V5 Text\sdk/vexv5\libv5rt.a(vex_controller.cpp.obj)
                0x038062a4                vex::controller::~controller()
                0x038062a4                vex::controller::~controller()
 .text._ZN3vex10controller5valueE19_V5_ControllerIndex
                0x038062a8        0x8 E:\Applications\Program Files\VEX Robotics\VEXcode V5 Text\sdk/vexv5\libv5rt.a(vex_controller.cpp.obj)
                0x038062a8                vex::controller::value(_V5_ControllerIndex)
 .text._ZN3vex10controller6rumbleEPKc
                0x038062b0       0x4c E:\Applications\Program Files\VEX Robotics\VEXcode V5 Text\sdk/vexv5\libv5rt.a(vex_controller.cpp.obj)
                0x038062b0                vex::controller::rumble(char const*)
 .text._ZN3vex10controller6button8pressingEv
                0x038062fc       0xc8 E:\Applications\Program Files\VEX Robotics\VEXcode V5 Text\sdk/vexv5\libv5rt.a(vex_controller.cpp.obj)
                0x038062fc                vex::controller::button::pressing()
 .text._ZN3vex10controller6button21_buttonToPressedEventEv
                0x038063c4       0x20 E:\Applications\Program Files\VEX Robotics\VEXcode V5 Text\sdk/vexv5\libv5rt.a(vex_controller.cpp.obj)
                0x038063c4                vex::controller::button::_buttonToPressedEvent()
 .text._ZN3vex10controller6button22_buttonToReleasedEventEv
                0x038063e4       0x20 E:\Applications\Program Files\VEX Robotics\VEXcode V5 Text\sdk/vexv5\libv5rt.a(vex_controller.cpp.obj)
                0x038063e4                vex::controller::button::_buttonToReleasedEvent()
 .text._ZN3vex10controller6buttonC2ENS0_11tButtonTypeEPS0_
                0x03806404       0x48 E:\Applications\Program Files\VEX Robotics\VEXcode V5 Text\sdk/vexv5\libv5rt.a(vex_controller.cpp.obj)
                0x03806404                vex::controller::button::button(vex::controller::tButtonType, vex::controller*)
                0x03806404                vex::controller::button::button(vex::controller::tButtonType, vex::controller*)
 .text._ZN3vex10controller4axis5valueEv
                0x0380644c       0x58 E:\Applications\Program Files\VEX Robotics\VEXcode V5 Text\sdk/vexv5\libv5rt.a(vex_controller.cpp.obj)
                0x0380644c                vex::controller::axis::value()
 .text._ZN3vex10controller4axis8positionENS_12percentUnitsE
                0x038064a4       0x1c E:\Applications\Program Files\VEX Robotics\VEXcode V5 Text\sdk/vexv5\libv5rt.a(vex_controller.cpp.obj)
                0x038064a4                vex::controller::axis::position(vex::percentUnits)
 .text._ZN3vex10controller4axis23_joystickToChangedEventEv
                0x038064c0       0x20 E:\Applications\Program Files\VEX Robotics\VEXcode V5 Text\sdk/vexv5\libv5rt.a(vex_controller.cpp.obj)
                0x038064c0                vex::controller::axis::_joystickToChangedEvent()
 .text._ZN3vex10controller4axisC2ENS0_9tAxisTypeEPS0_
                0x038064e0       0x2c E:\Applications\Program Files\VEX Robotics\VEXcode V5 Text\sdk/vexv5\libv5rt.a(vex_controller.cpp.obj)
                0x038064e0                vex::controller::axis::axis(vex::controller::tAxisType, vex::controller*)
                0x038064e0                vex::controller::axis::axis(vex::controller::tAxisType, vex::controller*)
 .text._ZN3vex10controllerC2ENS_14controllerTypeE
                0x0380650c      0x204 E:\Applications\Program Files\VEX Robotics\VEXcode V5 Text\sdk/vexv5\libv5rt.a(vex_controller.cpp.obj)
                0x0380650c                vex::controller::controller(vex::controllerType)
                0x0380650c                vex::controller::controller(vex::controllerType)
 .text._ZN3vex4taskC2EPFivE
                0x03806710       0x54 E:\Applications\Program Files\VEX Robotics\VEXcode V5 Text\sdk/vexv5\libv5rt.a(vex_task.cpp.obj)
                0x03806710                vex::task::task(int (*)())
                0x03806710                vex::task::task(int (*)())
 .text._ZN3vex4taskD2Ev
                0x03806764        0x4 E:\Applications\Program Files\VEX Robotics\VEXcode V5 Text\sdk/vexv5\libv5rt.a(vex_task.cpp.obj)
                0x03806764                vex::task::~task()
                0x03806764                vex::task::~task()
 .text._ZN3vex4task4stopEPFivE
                0x03806768        0xc E:\Applications\Program Files\VEX Robotics\VEXcode V5 Text\sdk/vexv5\libv5rt.a(vex_task.cpp.obj)
                0x03806768                vex::task::stop(int (*)())
 .text._ZN3vex4task5sleepEm
                0x03806774        0x4 E:\Applications\Program Files\VEX Robotics\VEXcode V5 Text\sdk/vexv5\libv5rt.a(vex_task.cpp.obj)
                0x03806774                vex::task::sleep(unsigned long)
 .text._ZN3vex4task6_indexEPFivE
                0x03806778       0x14 E:\Applications\Program Files\VEX Robotics\VEXcode V5 Text\sdk/vexv5\libv5rt.a(vex_task.cpp.obj)
                0x03806778                vex::task::_index(int (*)())
 .text._ZN3vex4task8_stopAllEv
                0x0380678c       0x3c E:\Applications\Program Files\VEX Robotics\VEXcode V5 Text\sdk/vexv5\libv5rt.a(vex_task.cpp.obj)
                0x0380678c                vex::task::_stopAll()
 .text._ZN3vex5event4initEmmPFvvE
                0x038067c8        0x4 E:\Applications\Program Files\VEX Robotics\VEXcode V5 Text\sdk/vexv5\libv5rt.a(vex_event.cpp.obj)
                0x038067c8                vex::event::init(unsigned long, unsigned long, void (*)())
 .text._ZN3vex5event4initEmmPFvPvES1_
                0x038067cc        0x4 E:\Applications\Program Files\VEX Robotics\VEXcode V5 Text\sdk/vexv5\libv5rt.a(vex_event.cpp.obj)
                0x038067cc                vex::event::init(unsigned long, unsigned long, void (*)(void*), void*)
 .text._ZN3vex5event9userindexEv
                0x038067d0        0x4 E:\Applications\Program Files\VEX Robotics\VEXcode V5 Text\sdk/vexv5\libv5rt.a(vex_event.cpp.obj)
                0x038067d0                vex::event::userindex()
 .text._ZZN3vex6meventC4EmmENUlvE_4_FUNEv
                0x038067d4        0x4 E:\Applications\Program Files\VEX Robotics\VEXcode V5 Text\sdk/vexv5\libv5rt.a(vex_mevent.cpp.obj)
 .text._ZN3vex6meventC2Emm
                0x038067d8       0x70 E:\Applications\Program Files\VEX Robotics\VEXcode V5 Text\sdk/vexv5\libv5rt.a(vex_mevent.cpp.obj)
                0x038067d8                vex::mevent::mevent(unsigned long, unsigned long)
                0x038067d8                vex::mevent::mevent(unsigned long, unsigned long)
 .text._ZN3vex5brainD2Ev
                0x03806848       0x20 E:\Applications\Program Files\VEX Robotics\VEXcode V5 Text\sdk/vexv5\libv5rt.a(vex_brain.cpp.obj)
                0x03806848                vex::brain::~brain()
                0x03806848                vex::brain::~brain()
 .text._ZN3vex5brain9_getIndexEv
                0x03806868       0x10 E:\Applications\Program Files\VEX Robotics\VEXcode V5 Text\sdk/vexv5\libv5rt.a(vex_brain.cpp.obj)
                0x03806868                vex::brain::_getIndex()
 .text._ZN3vex5brain5timerENS_9timeUnitsE
                0x03806878        0x4 E:\Applications\Program Files\VEX Robotics\VEXcode V5 Text\sdk/vexv5\libv5rt.a(vex_brain.cpp.obj)
                0x03806878                vex::brain::timer(vex::timeUnits)
 .text._ZN3vex5brain10resetTimerEv
                0x0380687c        0x4 E:\Applications\Program Files\VEX Robotics\VEXcode V5 Text\sdk/vexv5\libv5rt.a(vex_brain.cpp.obj)
                0x0380687c                vex::brain::resetTimer()
 .text._ZN3vex5brain3lcd9setCursorEll
                0x03806880       0x44 E:\Applications\Program Files\VEX Robotics\VEXcode V5 Text\sdk/vexv5\libv5rt.a(vex_brain.cpp.obj)
                0x03806880                vex::brain::lcd::setCursor(long, long)
 .text._ZN3vex5brain3lcd7setFontENS_8fontTypeE
                0x038068c4      0x23c E:\Applications\Program Files\VEX Robotics\VEXcode V5 Text\sdk/vexv5\libv5rt.a(vex_brain.cpp.obj)
                0x038068c4                vex::brain::lcd::setFont(vex::fontType)
 .text._ZN3vex5brain3lcdC2Ev
                0x03806b00       0x94 E:\Applications\Program Files\VEX Robotics\VEXcode V5 Text\sdk/vexv5\libv5rt.a(vex_brain.cpp.obj)
                0x03806b00                vex::brain::lcd::lcd()
                0x03806b00                vex::brain::lcd::lcd()
 .text._ZN3vex5brainC2Ev
                0x03806b94       0x38 E:\Applications\Program Files\VEX Robotics\VEXcode V5 Text\sdk/vexv5\libv5rt.a(vex_brain.cpp.obj)
                0x03806b94                vex::brain::brain()
                0x03806b94                vex::brain::brain()
 .text._ZN3vex5brain3lcd11setPenWidthEm
                0x03806bcc       0x24 E:\Applications\Program Files\VEX Robotics\VEXcode V5 Text\sdk/vexv5\libv5rt.a(vex_brain.cpp.obj)
                0x03806bcc                vex::brain::lcd::setPenWidth(unsigned long)
 .text._ZN3vex5brain3lcd11setPenColorERKNS_5colorE
                0x03806bf0       0x14 E:\Applications\Program Files\VEX Robotics\VEXcode V5 Text\sdk/vexv5\libv5rt.a(vex_brain.cpp.obj)
                0x03806bf0                vex::brain::lcd::setPenColor(vex::color const&)
 .text._ZN3vex5brain3lcd12setFillColorERKNS_5colorE
                0x03806c04       0x38 E:\Applications\Program Files\VEX Robotics\VEXcode V5 Text\sdk/vexv5\libv5rt.a(vex_brain.cpp.obj)
                0x03806c04                vex::brain::lcd::setFillColor(vex::color const&)
 .text._ZN3vex5brain3lcd7printAtEllPKcz
                0x03806c3c       0x6c E:\Applications\Program Files\VEX Robotics\VEXcode V5 Text\sdk/vexv5\libv5rt.a(vex_brain.cpp.obj)
                0x03806c3c                vex::brain::lcd::printAt(long, long, char const*, ...)
 .text._ZN3vex5brain3lcd12_clearScreenEm
                0x03806ca8       0x38 E:\Applications\Program Files\VEX Robotics\VEXcode V5 Text\sdk/vexv5\libv5rt.a(vex_brain.cpp.obj)
                0x03806ca8                vex::brain::lcd::_clearScreen(unsigned long)
 .text._ZN3vex5brain3lcd11clearScreenERKNS_5colorE
                0x03806ce0       0x20 E:\Applications\Program Files\VEX Robotics\VEXcode V5 Text\sdk/vexv5\libv5rt.a(vex_brain.cpp.obj)
                0x03806ce0                vex::brain::lcd::clearScreen(vex::color const&)
 .text._ZN3vex5brain3lcd11clearScreenEv
                0x03806d00       0x2c E:\Applications\Program Files\VEX Robotics\VEXcode V5 Text\sdk/vexv5\libv5rt.a(vex_brain.cpp.obj)
                0x03806d00                vex::brain::lcd::clearScreen()
 .text._ZN3vex5brain3lcd9drawPixelEii
                0x03806d2c       0x14 E:\Applications\Program Files\VEX Robotics\VEXcode V5 Text\sdk/vexv5\libv5rt.a(vex_brain.cpp.obj)
                0x03806d2c                vex::brain::lcd::drawPixel(int, int)
 .text._ZN3vex5brain3lcd8drawLineEiiii
                0x03806d40      0x2c4 E:\Applications\Program Files\VEX Robotics\VEXcode V5 Text\sdk/vexv5\libv5rt.a(vex_brain.cpp.obj)
                0x03806d40                vex::brain::lcd::drawLine(int, int, int, int)
 .text._ZN3vex5brain3lcd13drawRectangleEiiii
                0x03807004       0xdc E:\Applications\Program Files\VEX Robotics\VEXcode V5 Text\sdk/vexv5\libv5rt.a(vex_brain.cpp.obj)
                0x03807004                vex::brain::lcd::drawRectangle(int, int, int, int)
 .text._ZN3vex5brain3lcd10drawCircleEiii
                0x038070e0       0xa4 E:\Applications\Program Files\VEX Robotics\VEXcode V5 Text\sdk/vexv5\libv5rt.a(vex_brain.cpp.obj)
                0x038070e0                vex::brain::lcd::drawCircle(int, int, int)
 .text._ZN3vex5brain3lcd9xPositionEv
                0x03807184       0x24 E:\Applications\Program Files\VEX Robotics\VEXcode V5 Text\sdk/vexv5\libv5rt.a(vex_brain.cpp.obj)
                0x03807184                vex::brain::lcd::xPosition()
 .text._ZN3vex5brain3lcd9yPositionEv
                0x038071a8       0x24 E:\Applications\Program Files\VEX Robotics\VEXcode V5 Text\sdk/vexv5\libv5rt.a(vex_brain.cpp.obj)
                0x038071a8                vex::brain::lcd::yPosition()
 .text._ZN3vex5brain3lcd8pressingEv
                0x038071cc       0x20 E:\Applications\Program Files\VEX Robotics\VEXcode V5 Text\sdk/vexv5\libv5rt.a(vex_brain.cpp.obj)
                0x038071cc                vex::brain::lcd::pressing()
 .text._ZN3vex5brain7battery8capacityENS_12percentUnitsE
                0x038071ec       0x18 E:\Applications\Program Files\VEX Robotics\VEXcode V5 Text\sdk/vexv5\libv5rt.a(vex_brain.cpp.obj)
                0x038071ec                vex::brain::battery::capacity(vex::percentUnits)
 .text._ZN3vex11competition8_disableEPv
                0x03807204       0x9c E:\Applications\Program Files\VEX Robotics\VEXcode V5 Text\sdk/vexv5\libv5rt.a(vex_competition.cpp.obj)
                0x03807204                vex::competition::_disable(void*)
 .text._ZN3vex11competition11_autonomousEv
                0x038072a0       0x7c E:\Applications\Program Files\VEX Robotics\VEXcode V5 Text\sdk/vexv5\libv5rt.a(vex_competition.cpp.obj)
                0x038072a0                vex::competition::_autonomous()
 .text._ZN3vex11competition14_drivercontrolEv
                0x0380731c       0x7c E:\Applications\Program Files\VEX Robotics\VEXcode V5 Text\sdk/vexv5\libv5rt.a(vex_competition.cpp.obj)
                0x0380731c                vex::competition::_drivercontrol()
 .text._ZN3vex11competitionC2Ev
                0x03807398      0x13c E:\Applications\Program Files\VEX Robotics\VEXcode V5 Text\sdk/vexv5\libv5rt.a(vex_competition.cpp.obj)
                0x03807398                vex::competition::competition()
                0x03807398                vex::competition::competition()
 .text._ZN3vex11competitionD2Ev
                0x038074d4        0x4 E:\Applications\Program Files\VEX Robotics\VEXcode V5 Text\sdk/vexv5\libv5rt.a(vex_competition.cpp.obj)
                0x038074d4                vex::competition::~competition()
                0x038074d4                vex::competition::~competition()
 .text._ZN3vex11competition10autonomousEPFvvE
                0x038074d8       0x44 E:\Applications\Program Files\VEX Robotics\VEXcode V5 Text\sdk/vexv5\libv5rt.a(vex_competition.cpp.obj)
                0x038074d8                vex::competition::autonomous(void (*)())
 .text._ZN3vex11competition13drivercontrolEPFvvE
                0x0380751c       0x44 E:\Applications\Program Files\VEX Robotics\VEXcode V5 Text\sdk/vexv5\libv5rt.a(vex_competition.cpp.obj)
                0x0380751c                vex::competition::drivercontrol(void (*)())
 .text._ZN3vex11competition9isEnabledEv
                0x03807560       0x14 E:\Applications\Program Files\VEX Robotics\VEXcode V5 Text\sdk/vexv5\libv5rt.a(vex_competition.cpp.obj)
                0x03807560                vex::competition::isEnabled()
 .text._ZN3vex11competition15isDriverControlEv
                0x03807574       0x14 E:\Applications\Program Files\VEX Robotics\VEXcode V5 Text\sdk/vexv5\libv5rt.a(vex_competition.cpp.obj)
                0x03807574                vex::competition::isDriverControl()
 .text._ZN3vex11competition12isAutonomousEv
                0x03807588       0x14 E:\Applications\Program Files\VEX Robotics\VEXcode V5 Text\sdk/vexv5\libv5rt.a(vex_competition.cpp.obj)
                0x03807588                vex::competition::isAutonomous()
 .text._ZN3vex7triport9installedEv
                0x0380759c       0x18 E:\Applications\Program Files\VEX Robotics\VEXcode V5 Text\sdk/vexv5\libv5rt.a(vex_triport.cpp.obj)
                0x0380759c                vex::triport::installed()
 .text._ZN3vex7triportD2Ev
                0x038075b4       0x38 E:\Applications\Program Files\VEX Robotics\VEXcode V5 Text\sdk/vexv5\libv5rt.a(vex_triport.cpp.obj)
                0x038075b4                vex::triport::~triport()
                0x038075b4                vex::triport::~triport()
 .text._ZN3vex7triport4portC2ElPS0_
                0x038075ec       0x90 E:\Applications\Program Files\VEX Robotics\VEXcode V5 Text\sdk/vexv5\libv5rt.a(vex_triport.cpp.obj)
                0x038075ec                vex::triport::port::port(long, vex::triport*)
                0x038075ec                vex::triport::port::port(long, vex::triport*)
 .text._ZN3vex7triportC2El
                0x0380767c       0xf0 E:\Applications\Program Files\VEX Robotics\VEXcode V5 Text\sdk/vexv5\libv5rt.a(vex_triport.cpp.obj)
                0x0380767c                vex::triport::triport(long)
                0x0380767c                vex::triport::triport(long)
 .text._ZN3vex7triport4port4typeENS_11triportTypeE
                0x0380776c       0x34 E:\Applications\Program Files\VEX Robotics\VEXcode V5 Text\sdk/vexv5\libv5rt.a(vex_triport.cpp.obj)
                0x0380776c                vex::triport::port::type(vex::triportType)
 .text._ZN3vex7triport4port4typeEv
                0x038077a0       0x38 E:\Applications\Program Files\VEX Robotics\VEXcode V5 Text\sdk/vexv5\libv5rt.a(vex_triport.cpp.obj)
                0x038077a0                vex::triport::port::type()
 .text._ZN3vex7triport4port5valueEv
                0x038077d8       0x14 E:\Applications\Program Files\VEX Robotics\VEXcode V5 Text\sdk/vexv5\libv5rt.a(vex_triport.cpp.obj)
                0x038077d8                vex::triport::port::value()
 .text._ZN3vex7triport4port5valueEl
                0x038077ec       0x18 E:\Applications\Program Files\VEX Robotics\VEXcode V5 Text\sdk/vexv5\libv5rt.a(vex_triport.cpp.obj)
                0x038077ec                vex::triport::port::value(long)
 .text._ZN3vex7triport4port14_convertAnalogENS_11analogUnitsE
                0x03807804       0x58 E:\Applications\Program Files\VEX Robotics\VEXcode V5 Text\sdk/vexv5\libv5rt.a(vex_triport.cpp.obj)
                0x03807804                vex::triport::port::_convertAnalog(vex::analogUnits)
 .text._ZN3vex11__trideviceC2ERNS_7triport4portENS_11triportTypeE
                0x0380785c       0x5c E:\Applications\Program Files\VEX Robotics\VEXcode V5 Text\sdk/vexv5\libv5rt.a(vex_triport.cpp.obj)
                0x0380785c                vex::__tridevice::__tridevice(vex::triport::port&, vex::triportType)
                0x0380785c                vex::__tridevice::__tridevice(vex::triport::port&, vex::triportType)
 .text._ZN3vex11__tridevice14_convertAnalogENS_11analogUnitsE
                0x038078b8        0x8 E:\Applications\Program Files\VEX Robotics\VEXcode V5 Text\sdk/vexv5\libv5rt.a(vex_triport.cpp.obj)
                0x038078b8                vex::__tridevice::_convertAnalog(vex::analogUnits)
 .text._ZN3vex5limitC2ERNS_7triport4portE
                0x038078c0       0x28 E:\Applications\Program Files\VEX Robotics\VEXcode V5 Text\sdk/vexv5\libv5rt.a(vex_triport.cpp.obj)
                0x038078c0                vex::limit::limit(vex::triport::port&)
                0x038078c0                vex::limit::limit(vex::triport::port&)
 .text._ZN3vex5limitD2Ev
                0x038078e8        0x4 E:\Applications\Program Files\VEX Robotics\VEXcode V5 Text\sdk/vexv5\libv5rt.a(vex_triport.cpp.obj)
                0x038078e8                vex::limit::~limit()
                0x038078e8                vex::limit::~limit()
 .text._ZN3vex5limit5valueEv
                0x038078ec        0x8 E:\Applications\Program Files\VEX Robotics\VEXcode V5 Text\sdk/vexv5\libv5rt.a(vex_triport.cpp.obj)
                0x038078ec                vex::limit::value()
 .text._ZN3vex5lightC2ERNS_7triport4portE
                0x038078f4       0x20 E:\Applications\Program Files\VEX Robotics\VEXcode V5 Text\sdk/vexv5\libv5rt.a(vex_triport.cpp.obj)
                0x038078f4                vex::light::light(vex::triport::port&)
                0x038078f4                vex::light::light(vex::triport::port&)
 .text._ZN3vex5lightD2Ev
                0x03807914        0x4 E:\Applications\Program Files\VEX Robotics\VEXcode V5 Text\sdk/vexv5\libv5rt.a(vex_triport.cpp.obj)
                0x03807914                vex::light::~light()
                0x03807914                vex::light::~light()
 .text._ZN3vex5light5valueENS_11analogUnitsE
                0x03807918        0x4 E:\Applications\Program Files\VEX Robotics\VEXcode V5 Text\sdk/vexv5\libv5rt.a(vex_triport.cpp.obj)
                0x03807918                vex::light::value(vex::analogUnits)
 .text._ZN3vex4gyroC2ERNS_7triport4portE
                0x0380791c       0x34 E:\Applications\Program Files\VEX Robotics\VEXcode V5 Text\sdk/vexv5\libv5rt.a(vex_triport.cpp.obj)
                0x0380791c                vex::gyro::gyro(vex::triport::port&)
                0x0380791c                vex::gyro::gyro(vex::triport::port&)
 .text._ZN3vex4gyroD2Ev
                0x03807950        0x4 E:\Applications\Program Files\VEX Robotics\VEXcode V5 Text\sdk/vexv5\libv5rt.a(vex_triport.cpp.obj)
                0x03807950                vex::gyro::~gyro()
                0x03807950                vex::gyro::~gyro()
 *fill*         0x03807954        0x4 
 .text._ZN3vex4gyro5valueENS_13rotationUnitsE
                0x03807958       0x50 E:\Applications\Program Files\VEX Robotics\VEXcode V5 Text\sdk/vexv5\libv5rt.a(vex_triport.cpp.obj)
                0x03807958                vex::gyro::value(vex::rotationUnits)
 .text._ZN3vex4gyro16startCalibrationEl
                0x038079a8       0x20 E:\Applications\Program Files\VEX Robotics\VEXcode V5 Text\sdk/vexv5\libv5rt.a(vex_triport.cpp.obj)
                0x038079a8                vex::gyro::startCalibration(long)
 .text._ZN3vex4gyro13isCalibratingEv
                0x038079c8       0x38 E:\Applications\Program Files\VEX Robotics\VEXcode V5 Text\sdk/vexv5\libv5rt.a(vex_triport.cpp.obj)
                0x038079c8                vex::gyro::isCalibrating()
 .text._ZN3vex13accelerometerC2ERNS_7triport4portEb
                0x03807a00       0x28 E:\Applications\Program Files\VEX Robotics\VEXcode V5 Text\sdk/vexv5\libv5rt.a(vex_triport.cpp.obj)
                0x03807a00                vex::accelerometer::accelerometer(vex::triport::port&, bool)
                0x03807a00                vex::accelerometer::accelerometer(vex::triport::port&, bool)
 .text._ZN3vex13accelerometerD2Ev
                0x03807a28        0x4 E:\Applications\Program Files\VEX Robotics\VEXcode V5 Text\sdk/vexv5\libv5rt.a(vex_triport.cpp.obj)
                0x03807a28                vex::accelerometer::~accelerometer()
                0x03807a28                vex::accelerometer::~accelerometer()
 .text._ZN3vex13accelerometer5valueENS_11analogUnitsE
                0x03807a2c        0x4 E:\Applications\Program Files\VEX Robotics\VEXcode V5 Text\sdk/vexv5\libv5rt.a(vex_triport.cpp.obj)
                0x03807a2c                vex::accelerometer::value(vex::analogUnits)
 .text.startup._GLOBAL__sub_I__ZN3vex7triportC2El
                0x03807a30       0x30 E:\Applications\Program Files\VEX Robotics\VEXcode V5 Text\sdk/vexv5\libv5rt.a(vex_triport.cpp.obj)
 .text._ZN3vex5colorD2Ev
                0x03807a60        0x4 E:\Applications\Program Files\VEX Robotics\VEXcode V5 Text\sdk/vexv5\libv5rt.a(vex_color.cpp.obj)
                0x03807a60                vex::color::~color()
                0x03807a60                vex::color::~color()
 .text._ZNK3vex5colorcvmEv
                0x03807a64        0x8 E:\Applications\Program Files\VEX Robotics\VEXcode V5 Text\sdk/vexv5\libv5rt.a(vex_color.cpp.obj)
                0x03807a64                vex::color::operator unsigned long() const
 .text._ZNK3vex5color13isTransparentEv
                0x03807a6c        0x8 E:\Applications\Program Files\VEX Robotics\VEXcode V5 Text\sdk/vexv5\libv5rt.a(vex_color.cpp.obj)
                0x03807a6c                vex::color::isTransparent() const
 .text.startup._GLOBAL__sub_I__ZN3vex5color5blackE
                0x03807a74      0x164 E:\Applications\Program Files\VEX Robotics\VEXcode V5 Text\sdk/vexv5\libv5rt.a(vex_color.cpp.obj)
 .text._ZN3vex5timerD2Ev
                0x03807bd8        0x4 E:\Applications\Program Files\VEX Robotics\VEXcode V5 Text\sdk/vexv5\libv5rt.a(vex_timer.cpp.obj)
                0x03807bd8                vex::timer::~timer()
                0x03807bd8                vex::timer::~timer()
 .text._ZN3vex5timer5clearEv
                0x03807bdc       0x1c E:\Applications\Program Files\VEX Robotics\VEXcode V5 Text\sdk/vexv5\libv5rt.a(vex_timer.cpp.obj)
                0x03807bdc                vex::timer::clear()
 .text._ZN3vex5timerC2Ev
                0x03807bf8       0x14 E:\Applications\Program Files\VEX Robotics\VEXcode V5 Text\sdk/vexv5\libv5rt.a(vex_timer.cpp.obj)
                0x03807bf8                vex::timer::timer()
                0x03807bf8                vex::timer::timer()
 *fill*         0x03807c0c        0x4 
 .text._ZNK3vex5timer4timeENS_9timeUnitsE
                0x03807c10       0x40 E:\Applications\Program Files\VEX Robotics\VEXcode V5 Text\sdk/vexv5\libv5rt.a(vex_timer.cpp.obj)
                0x03807c10                vex::timer::time(vex::timeUnits) const
 .text.vexAdiPortConfigSet
                0x03807c50       0x28 E:\Applications\Program Files\VEX Robotics\VEXcode V5 Text\sdk/vexv5\libv5rt.a(v5_apiuser.c.obj)
                0x03807c50                vexAdiPortConfigSet
 .text.vexAdiPortConfigGet
                0x03807c78       0x28 E:\Applications\Program Files\VEX Robotics\VEXcode V5 Text\sdk/vexv5\libv5rt.a(v5_apiuser.c.obj)
                0x03807c78                vexAdiPortConfigGet
 .text.vexAdiValueSet
                0x03807ca0       0x28 E:\Applications\Program Files\VEX Robotics\VEXcode V5 Text\sdk/vexv5\libv5rt.a(v5_apiuser.c.obj)
                0x03807ca0                vexAdiValueSet
 .text.vexAdiValueGet
                0x03807cc8       0x20 E:\Applications\Program Files\VEX Robotics\VEXcode V5 Text\sdk/vexv5\libv5rt.a(v5_apiuser.c.obj)
                0x03807cc8                vexAdiValueGet
 .text.vexMotorVelocitySet
                0x03807ce8       0x20 E:\Applications\Program Files\VEX Robotics\VEXcode V5 Text\sdk/vexv5\libv5rt.a(v5_apiuser.c.obj)
                0x03807ce8                vexMotorVelocitySet
 .text.vexMotorActualVelocityGet
                0x03807d08       0x24 E:\Applications\Program Files\VEX Robotics\VEXcode V5 Text\sdk/vexv5\libv5rt.a(v5_apiuser.c.obj)
                0x03807d08                vexMotorActualVelocityGet
 .text.vexMotorTemperatureGet
                0x03807d2c       0x24 E:\Applications\Program Files\VEX Robotics\VEXcode V5 Text\sdk/vexv5\libv5rt.a(v5_apiuser.c.obj)
                0x03807d2c                vexMotorTemperatureGet
 .text.vexMotorZeroPositionFlagGet
                0x03807d50       0x18 E:\Applications\Program Files\VEX Robotics\VEXcode V5 Text\sdk/vexv5\libv5rt.a(v5_apiuser.c.obj)
                0x03807d50                vexMotorZeroPositionFlagGet
 .text.vexMotorReverseFlagSet
                0x03807d68       0x20 E:\Applications\Program Files\VEX Robotics\VEXcode V5 Text\sdk/vexv5\libv5rt.a(v5_apiuser.c.obj)
                0x03807d68                vexMotorReverseFlagSet
 .text.vexMotorEncoderUnitsSet
                0x03807d88       0x20 E:\Applications\Program Files\VEX Robotics\VEXcode V5 Text\sdk/vexv5\libv5rt.a(v5_apiuser.c.obj)
                0x03807d88                vexMotorEncoderUnitsSet
 .text.vexMotorBrakeModeSet
                0x03807da8       0x20 E:\Applications\Program Files\VEX Robotics\VEXcode V5 Text\sdk/vexv5\libv5rt.a(v5_apiuser.c.obj)
                0x03807da8                vexMotorBrakeModeSet
 .text.vexMotorPositionSet
                0x03807dc8       0x28 E:\Applications\Program Files\VEX Robotics\VEXcode V5 Text\sdk/vexv5\libv5rt.a(v5_apiuser.c.obj)
                0x03807dc8                vexMotorPositionSet
 .text.vexMotorPositionGet
                0x03807df0       0x24 E:\Applications\Program Files\VEX Robotics\VEXcode V5 Text\sdk/vexv5\libv5rt.a(v5_apiuser.c.obj)
                0x03807df0                vexMotorPositionGet
 .text.vexMotorAbsoluteTargetSet
                0x03807e14       0x30 E:\Applications\Program Files\VEX Robotics\VEXcode V5 Text\sdk/vexv5\libv5rt.a(v5_apiuser.c.obj)
                0x03807e14                vexMotorAbsoluteTargetSet
 .text.vexMotorRelativeTargetSet
                0x03807e44       0x30 E:\Applications\Program Files\VEX Robotics\VEXcode V5 Text\sdk/vexv5\libv5rt.a(v5_apiuser.c.obj)
                0x03807e44                vexMotorRelativeTargetSet
 .text.vexMotorGearingSet
                0x03807e74       0x20 E:\Applications\Program Files\VEX Robotics\VEXcode V5 Text\sdk/vexv5\libv5rt.a(v5_apiuser.c.obj)
                0x03807e74                vexMotorGearingSet
 .text.vexMotorGearingGet
                0x03807e94       0x18 E:\Applications\Program Files\VEX Robotics\VEXcode V5 Text\sdk/vexv5\libv5rt.a(v5_apiuser.c.obj)
                0x03807e94                vexMotorGearingGet
 .text.vexVisionModeSet
                0x03807eac       0x20 E:\Applications\Program Files\VEX Robotics\VEXcode V5 Text\sdk/vexv5\libv5rt.a(v5_apiuser.c.obj)
                0x03807eac                vexVisionModeSet
 .text.vexVisionObjectCountGet
                0x03807ecc       0x18 E:\Applications\Program Files\VEX Robotics\VEXcode V5 Text\sdk/vexv5\libv5rt.a(v5_apiuser.c.obj)
                0x03807ecc                vexVisionObjectCountGet
 .text.vexVisionObjectGet
                0x03807ee4       0x28 E:\Applications\Program Files\VEX Robotics\VEXcode V5 Text\sdk/vexv5\libv5rt.a(v5_apiuser.c.obj)
                0x03807ee4                vexVisionObjectGet
 .text.vexVisionSignatureSet
                0x03807f0c       0x20 E:\Applications\Program Files\VEX Robotics\VEXcode V5 Text\sdk/vexv5\libv5rt.a(v5_apiuser.c.obj)
                0x03807f0c                vexVisionSignatureSet
 .text.vexVisionBrightnessSet
                0x03807f2c       0x20 E:\Applications\Program Files\VEX Robotics\VEXcode V5 Text\sdk/vexv5\libv5rt.a(v5_apiuser.c.obj)
                0x03807f2c                vexVisionBrightnessSet
 .text.vexVisionLedModeSet
                0x03807f4c       0x20 E:\Applications\Program Files\VEX Robotics\VEXcode V5 Text\sdk/vexv5\libv5rt.a(v5_apiuser.c.obj)
                0x03807f4c                vexVisionLedModeSet
 .text.vexVisionLedColorSet
                0x03807f6c       0x2c E:\Applications\Program Files\VEX Robotics\VEXcode V5 Text\sdk/vexv5\libv5rt.a(v5_apiuser.c.obj)
                0x03807f6c                vexVisionLedColorSet
 .text.vexVisionWifiModeSet
                0x03807f98       0x20 E:\Applications\Program Files\VEX Robotics\VEXcode V5 Text\sdk/vexv5\libv5rt.a(v5_apiuser.c.obj)
                0x03807f98                vexVisionWifiModeSet
 .text.vexEventMaskSet
                0x03807fb8       0x28 E:\Applications\Program Files\VEX Robotics\VEXcode V5 Text\sdk/vexv5\libv5rt.a(v5_apiuser.c.obj)
                0x03807fb8                vexEventMaskSet
 .text.vexEventMaskGet
                0x03807fe0       0x18 E:\Applications\Program Files\VEX Robotics\VEXcode V5 Text\sdk/vexv5\libv5rt.a(v5_apiuser.c.obj)
                0x03807fe0                vexEventMaskGet
 .text._ZN3vex6device5valueEv
                0x03807ff8        0x8 E:\Applications\Program Files\VEX Robotics\VEXcode V5 Text\sdk/vexv5\libv5rt.a(vex_device.cpp.obj)
                0x03807ff8                vex::device::value()
 .text._ZN3vex6deviceD2Ev
                0x03808000        0x4 E:\Applications\Program Files\VEX Robotics\VEXcode V5 Text\sdk/vexv5\libv5rt.a(vex_device.cpp.obj)
                0x03808000                vex::device::~device()
                0x03808000                vex::device::~device()
 .text._ZN3vex6device4initEl
                0x03808004       0x30 E:\Applications\Program Files\VEX Robotics\VEXcode V5 Text\sdk/vexv5\libv5rt.a(vex_device.cpp.obj)
                0x03808004                vex::device::init(long)
 .text._ZN3vex6deviceC2El
                0x03808034       0x20 E:\Applications\Program Files\VEX Robotics\VEXcode V5 Text\sdk/vexv5\libv5rt.a(vex_device.cpp.obj)
                0x03808034                vex::device::device(long)
                0x03808034                vex::device::device(long)
 .text._ZN3vex6device4typeEv
                0x03808054       0x10 E:\Applications\Program Files\VEX Robotics\VEXcode V5 Text\sdk/vexv5\libv5rt.a(vex_device.cpp.obj)
                0x03808054                vex::device::type()
 .text._ZN3vex6device9installedEv
                0x03808064       0x14 E:\Applications\Program Files\VEX Robotics\VEXcode V5 Text\sdk/vexv5\libv5rt.a(vex_device.cpp.obj)
                0x03808064                vex::device::installed()
 .text.__libc_fini_array
                0x03808078       0x30 E:\Applications\Program Files\VEX Robotics\VEXcode V5 Text\sdk/vexv5/gcc/libs\libc.a(lib_a-fini.o)
                0x03808078                __libc_fini_array
 .text.__libc_init_array
                0x038080a8       0x58 E:\Applications\Program Files\VEX Robotics\VEXcode V5 Text\sdk/vexv5/gcc/libs\libc.a(lib_a-init.o)
                0x038080a8                __libc_init_array
 .text.__libc_init_array.__stub
                0x03808100       0x18 linker stubs
 *(.gnu.linkonce.t.*)
 *(.plt)
 *(.gnu_warning)
 *(.gcc_except_table)
 *(.glue_7)
 .glue_7        0x00000000        0x0 linker stubs
 *(.glue_7t)
 .glue_7t       0x00000000        0x0 linker stubs
 *(.vfp11_veneer)
 .vfp11_veneer  0x00000000        0x0 linker stubs
 *(.ARM.extab)
 *(.gnu.linkonce.armextab.*)

.v4_bx          0x03808118        0x0
 .v4_bx         0x00000000        0x0 linker stubs

.iplt           0x03808118        0x0
 .iplt          0x00000000        0x0 build/src/functions.o

.init
 *(.init)

.fini
 *(.fini)

.rodata         0x03808118      0x4dc
                0x03808118                __rodata_start = .
 *(.rodata)
 *(.rodata.*)
 .rodata.str1.1
                0x03808118      0x2b8 build/src/functions.o
                                0x2bf (size before relaxing)
 .rodata.str1.1
                0x038083d0       0x12 build/src/FieldVirtualization.o
                                 0x1b (size before relaxing)
 .rodata.str1.1
                0x038083e2       0x24 build/src/Auton/RF3.o
 .rodata.str1.1
                0x03808406       0x2f build/src/Auton/Skills.o
 .rodata.str1.1
                0x03808435       0x14 build/src/Auton/BF3.o
                                 0x25 (size before relaxing)
 .rodata.str1.1
                0x03808449       0x12 build/src/Auton/RB5.o
                                 0x23 (size before relaxing)
 .rodata.str1.1
                0x0380845b       0x24 build/src/Auton/BB1.o
 .rodata.str1.1
                0x0380847f       0x12 build/src/Auton/RB1.o
                                 0x23 (size before relaxing)
 .rodata.str1.1
                0x03808491       0x13 build/src/Auton/BB5.o
                                 0x24 (size before relaxing)
 .rodata.str1.1
                0x038084a4       0x13 build/src/Auton/RF1.o
                                 0x24 (size before relaxing)
 .rodata.str1.1
                0x038084b7        0x4 build/src/Controller_Profiles/CarterController.o
 .rodata.str1.1
                0x00000000        0x4 build/src/Controller_Profiles/OtherController.o
 *fill*         0x038084bb        0x1 
 .rodata..Lswitch.table._Z15OtherControllerv
                0x038084bc        0xc build/src/Controller_Profiles/OtherController.o
 .rodata.str1.1
                0x038084c8       0x2e E:\Applications\Program Files\VEX Robotics\VEXcode V5 Text\sdk/vexv5\libv5rt.a(v5_startup.c.obj)
 *fill*         0x038084f6        0x2 
 .rodata._ZN3vex6purpleE
                0x038084f8        0x4 E:\Applications\Program Files\VEX Robotics\VEXcode V5 Text\sdk/vexv5\libv5rt.a(vex_global.cpp.obj)
                0x038084f8                vex::purple
 .rodata._ZN3vex3redE
                0x038084fc        0x4 E:\Applications\Program Files\VEX Robotics\VEXcode V5 Text\sdk/vexv5\libv5rt.a(vex_global.cpp.obj)
                0x038084fc                vex::red
 .rodata._ZN3vex5PORT3E
                0x03808500        0x4 E:\Applications\Program Files\VEX Robotics\VEXcode V5 Text\sdk/vexv5\libv5rt.a(vex_global.cpp.obj)
                0x03808500                vex::PORT3
 .rodata._ZN3vex5PORT1E
                0x03808504        0x4 E:\Applications\Program Files\VEX Robotics\VEXcode V5 Text\sdk/vexv5\libv5rt.a(vex_global.cpp.obj)
                0x03808504                vex::PORT1
 .rodata._ZN3vex5PORT5E
                0x03808508        0x4 E:\Applications\Program Files\VEX Robotics\VEXcode V5 Text\sdk/vexv5\libv5rt.a(vex_global.cpp.obj)
                0x03808508                vex::PORT5
 .rodata._ZN3vex11transparentE
                0x0380850c        0x4 E:\Applications\Program Files\VEX Robotics\VEXcode V5 Text\sdk/vexv5\libv5rt.a(vex_global.cpp.obj)
                0x0380850c                vex::transparent
 .rodata._ZN3vex5PORT7E
                0x03808510        0x4 E:\Applications\Program Files\VEX Robotics\VEXcode V5 Text\sdk/vexv5\libv5rt.a(vex_global.cpp.obj)
                0x03808510                vex::PORT7
 .rodata._ZN3vex5whiteE
                0x03808514        0x4 E:\Applications\Program Files\VEX Robotics\VEXcode V5 Text\sdk/vexv5\libv5rt.a(vex_global.cpp.obj)
                0x03808514                vex::white
 .rodata._ZN3vex5blackE
                0x03808518        0x4 E:\Applications\Program Files\VEX Robotics\VEXcode V5 Text\sdk/vexv5\libv5rt.a(vex_global.cpp.obj)
                0x03808518                vex::black
 .rodata._ZN3vex4blueE
                0x0380851c        0x4 E:\Applications\Program Files\VEX Robotics\VEXcode V5 Text\sdk/vexv5\libv5rt.a(vex_global.cpp.obj)
                0x0380851c                vex::blue
 .rodata._ZN3vex5PORT6E
                0x03808520        0x4 E:\Applications\Program Files\VEX Robotics\VEXcode V5 Text\sdk/vexv5\libv5rt.a(vex_global.cpp.obj)
                0x03808520                vex::PORT6
 .rodata._ZN3vex5greenE
                0x03808524        0x4 E:\Applications\Program Files\VEX Robotics\VEXcode V5 Text\sdk/vexv5\libv5rt.a(vex_global.cpp.obj)
                0x03808524                vex::green
 .rodata._ZN3vex5PORT2E
                0x03808528        0x4 E:\Applications\Program Files\VEX Robotics\VEXcode V5 Text\sdk/vexv5\libv5rt.a(vex_global.cpp.obj)
                0x03808528                vex::PORT2
 .rodata._ZN3vex6PORT22E
                0x0380852c        0x4 E:\Applications\Program Files\VEX Robotics\VEXcode V5 Text\sdk/vexv5\libv5rt.a(vex_global.cpp.obj)
                0x0380852c                vex::PORT22
 .rodata._ZN3vex5PORT4E
                0x03808530        0x4 E:\Applications\Program Files\VEX Robotics\VEXcode V5 Text\sdk/vexv5\libv5rt.a(vex_global.cpp.obj)
                0x03808530                vex::PORT4
 .rodata._ZN3vex6orangeE
                0x03808534        0x4 E:\Applications\Program Files\VEX Robotics\VEXcode V5 Text\sdk/vexv5\libv5rt.a(vex_global.cpp.obj)
                0x03808534                vex::orange
 .rodata._ZN3vex5PORT8E
                0x03808538        0x4 E:\Applications\Program Files\VEX Robotics\VEXcode V5 Text\sdk/vexv5\libv5rt.a(vex_global.cpp.obj)
                0x03808538                vex::PORT8
 *fill*         0x0380853c        0x4 
 .rodata._ZTVN3vex5motorE
                0x03808540       0x10 E:\Applications\Program Files\VEX Robotics\VEXcode V5 Text\sdk/vexv5\libv5rt.a(vex_motor.cpp.obj)
                0x03808540                vtable for vex::motor
 .rodata._ZTVN3vex6visionE
                0x03808550       0x10 E:\Applications\Program Files\VEX Robotics\VEXcode V5 Text\sdk/vexv5\libv5rt.a(vex_vision.cpp.obj)
                0x03808550                vtable for vex::vision
 .rodata.CSWTCH.15
                0x03808560        0xb E:\Applications\Program Files\VEX Robotics\VEXcode V5 Text\sdk/vexv5\libv5rt.a(vex_controller.cpp.obj)
 .rodata.CSWTCH.17
                0x0380856b        0xb E:\Applications\Program Files\VEX Robotics\VEXcode V5 Text\sdk/vexv5\libv5rt.a(vex_controller.cpp.obj)
 .rodata.CSWTCH.23
                0x03808576        0x3 E:\Applications\Program Files\VEX Robotics\VEXcode V5 Text\sdk/vexv5\libv5rt.a(vex_controller.cpp.obj)
 .rodata.str1.1
                0x03808579        0xa E:\Applications\Program Files\VEX Robotics\VEXcode V5 Text\sdk/vexv5\libv5rt.a(vex_task.cpp.obj)
 .rodata.str1.1
                0x03808583       0x2b E:\Applications\Program Files\VEX Robotics\VEXcode V5 Text\sdk/vexv5\libv5rt.a(vex_brain.cpp.obj)
 *fill*         0x038085ae        0x2 
 .rodata._ZTVN3vex7triportE
                0x038085b0       0x10 E:\Applications\Program Files\VEX Robotics\VEXcode V5 Text\sdk/vexv5\libv5rt.a(vex_triport.cpp.obj)
                0x038085b0                vtable for vex::triport
 .rodata.CSWTCH.26
                0x038085c0        0xe E:\Applications\Program Files\VEX Robotics\VEXcode V5 Text\sdk/vexv5\libv5rt.a(vex_triport.cpp.obj)
 .rodata.CSWTCH.31
                0x038085ce       0x10 E:\Applications\Program Files\VEX Robotics\VEXcode V5 Text\sdk/vexv5\libv5rt.a(vex_triport.cpp.obj)
 *fill*         0x038085de        0x2 
 .rodata._ZTVN3vex6deviceE
                0x038085e0       0x10 E:\Applications\Program Files\VEX Robotics\VEXcode V5 Text\sdk/vexv5\libv5rt.a(vex_device.cpp.obj)
                0x038085e0                vtable for vex::device
 .rodata.str1.4
                0x038085f0        0x4 E:\Applications\Program Files\VEX Robotics\VEXcode V5 Text\sdk/vexv5/gcc/libs\libc.a(lib_a-impure.o)
                                  0x2 (size before relaxing)
 *(.gnu.linkonce.r.*)
                0x038085f4                __rodata_end = .

.rodata1        0x038085f4        0x0
                0x038085f4                __rodata1_start = .
 *(.rodata1)
 *(.rodata1.*)
                0x038085f4                __rodata1_end = .

.sdata2         0x038085f4        0x0
                0x038085f4                __sdata2_start = .
 *(.sdata2)
 *(.sdata2.*)
 *(.gnu.linkonce.s2.*)
                0x038085f4                __sdata2_end = .

.sbss2          0x038085f4        0x0
                0x038085f4                __sbss2_start = .
 *(.sbss2)
 *(.sbss2.*)
 *(.gnu.linkonce.sb2.*)
                0x038085f4                __sbss2_end = .

.data           0x038085f8      0x474
                0x038085f8                __data_start = .
 *(.data)
 *(.data.*)
 .data.threashold
                0x038085f8        0x4 build/src/globalVars.o
                0x038085f8                threashold
 .data.PI       0x038085fc        0x4 build/src/globalVars.o
                0x038085fc                PI
 .data.degConst
                0x03808600        0x8 build/src/globalVars.o
                0x03808600                degConst
 .data.traySpeed
                0x03808608        0x8 build/src/globalVars.o
                0x03808608                traySpeed
 .data.slowTraySpeed
                0x03808610        0x8 build/src/globalVars.o
                0x03808610                slowTraySpeed
 .data.intakeSpeed
                0x03808618        0x8 build/src/globalVars.o
                0x03808618                intakeSpeed
 .data.r4bSpeed
                0x03808620        0x4 build/src/globalVars.o
                0x03808620                r4bSpeed
 .data.deadZone
                0x03808624        0x4 build/src/globalVars.o
                0x03808624                deadZone
 .data.speedToggle
                0x03808628        0x4 build/src/Controller_Profiles/OtherController.o
                0x03808628                speedToggle
 .data.appRunning
                0x0380862c        0x4 E:\Applications\Program Files\VEX Robotics\VEXcode V5 Text\sdk/vexv5\libv5rt.a(v5_startup.c.obj)
                0x0380862c                appRunning
 .data.__yoff   0x03808630        0x4 E:\Applications\Program Files\VEX Robotics\VEXcode V5 Text\sdk/vexv5\libv5rt.a(v5_apijump.c.obj)
 .data._ZN3vex9ratio18_1E
                0x03808634        0x4 E:\Applications\Program Files\VEX Robotics\VEXcode V5 Text\sdk/vexv5\libv5rt.a(vex_global.cpp.obj)
                0x03808634                vex::ratio18_1
 .data._ZN3vex24__default_motor_velocityE
                0x03808638        0x4 E:\Applications\Program Files\VEX Robotics\VEXcode V5 Text\sdk/vexv5\libv5rt.a(vex_motor.cpp.obj)
                0x03808638                vex::__default_motor_velocity
 *fill*         0x0380863c        0x4 
 .data.impure_data
                0x03808640      0x428 E:\Applications\Program Files\VEX Robotics\VEXcode V5 Text\sdk/vexv5/gcc/libs\libc.a(lib_a-impure.o)
 .data._impure_ptr
                0x03808a68        0x4 E:\Applications\Program Files\VEX Robotics\VEXcode V5 Text\sdk/vexv5/gcc/libs\libc.a(lib_a-impure.o)
                0x03808a68                _impure_ptr
 *(.gnu.linkonce.d.*)
 *(.jcr)
 *(.got)
 *(.got.plt)
                0x03808a6c                __data_end = .

.igot.plt       0x03808a6c        0x0
 .igot.plt      0x00000000        0x0 build/src/functions.o

.data1          0x03808a6c        0x0
                0x03808a6c                __data1_start = .
 *(.data1)
 *(.data1.*)
                0x03808a6c                __data1_end = .

.got
 *(.got)

.ctors          0x03808a6c        0x0
                0x03808a6c                __CTOR_LIST__ = .
                0x03808a6c                ___CTORS_LIST___ = .
 *crtbegin.o(.ctors)
 *(EXCLUDE_FILE(*crtend.o) .ctors)
 *(SORT(.ctors.*))
 *(.ctors)
                0x03808a6c                __CTOR_END__ = .
                0x03808a6c                ___CTORS_END___ = .

.dtors          0x03808a6c        0x0
                0x03808a6c                __DTOR_LIST__ = .
                0x03808a6c                ___DTORS_LIST___ = .
 *crtbegin.o(.dtors)
 *(EXCLUDE_FILE(*crtend.o) .dtors)
 *(SORT(.dtors.*))
 *(.dtors)
                0x03808a6c                __DTOR_END__ = .
                0x03808a6c                ___DTORS_END___ = .

.fixup          0x03808a6c        0x0
                0x03808a6c                __fixup_start = .
 *(.fixup)
                0x03808a6c                __fixup_end = .

.eh_frame
 *(.eh_frame)

.eh_framehdr    0x03808a6c        0x0
                0x03808a6c                __eh_framehdr_start = .
 *(.eh_framehdr)
                0x03808a6c                __eh_framehdr_end = .

.gcc_except_table
 *(.gcc_except_table)

.mmu_tbl        0x0380c000        0x0
                0x0380c000                __mmu_tbl_start = .
 *(.mmu_tbl)
                0x0380c000                __mmu_tbl_end = .

.ARM.exidx      0x03808a6c        0x8
                0x03808a6c                __exidx_start = .
 *(.ARM.exidx*)
 .ARM.exidx.text._Z9robotInitb
                0x03808a6c        0x8 build/src/functions.o
 .ARM.exidx.text._Z11calibrationv
                0x03808a74        0x0 build/src/functions.o
                                  0x8 (size before relaxing)
 .ARM.exidx.text._Z13AutonSelectori
                0x03808a74        0x0 build/src/functions.o
                                  0x8 (size before relaxing)
 .ARM.exidx.text._Z10MainScreenv
                0x03808a74        0x0 build/src/functions.o
                                  0x8 (size before relaxing)
 .ARM.exidx.text._Z5Brakev
                0x03808a74        0x0 build/src/functions.o
                                  0x8 (size before relaxing)
 .ARM.exidx.text._Z11IntakesMoved
                0x03808a74        0x0 build/src/functions.o
                                  0x8 (size before relaxing)
 .ARM.exidx.text._Z11IntakesStopv
                0x03808a74        0x0 build/src/functions.o
                                  0x8 (size before relaxing)
 .ARM.exidx.text._Z9SwingDownv
                0x03808a74        0x0 build/src/functions.o
                                  0x8 (size before relaxing)
 .ARM.exidx.text._Z7SwingUpv
                0x03808a74        0x0 build/src/functions.o
                                  0x8 (size before relaxing)
 .ARM.exidx.text._Z15SwingToLocationi
                0x03808a74        0x0 build/src/functions.o
                                  0x8 (size before relaxing)
 .ARM.exidx.text._Z5Sleepd
                0x03808a74        0x0 build/src/functions.o
                                  0x8 (size before relaxing)
 .ARM.exidx.text._Z20ControllerStatusPollv
                0x03808a74        0x0 build/src/functions.o
                                  0x8 (size before relaxing)
 .ARM.exidx.text._Z5R4BUpv
                0x03808a74        0x0 build/src/functions.o
                                  0x8 (size before relaxing)
 .ARM.exidx.text._Z7R4BDownv
                0x03808a74        0x0 build/src/functions.o
                                  0x8 (size before relaxing)
 .ARM.exidx.text._Z13R4BToLocationi
                0x03808a74        0x0 build/src/functions.o
                                  0x8 (size before relaxing)
 .ARM.exidx.text._Z9DropStackv
                0x03808a74        0x0 build/src/functions.o
                                  0x8 (size before relaxing)
 .ARM.exidx.text._Z8DistMovedi
                0x03808a74        0x0 build/src/functions.o
                                  0x8 (size before relaxing)
 .ARM.exidx.text._Z7DegTurndi
                0x03808a74        0x0 build/src/functions.o
                                  0x8 (size before relaxing)
 .ARM.exidx.text._Z23AutonSelectorScreenInitv
                0x03808a74        0x0 build/src/functions.o
                                  0x8 (size before relaxing)
 .ARM.exidx.text._Z7AllStopv
                0x03808a74        0x0 build/src/functions.o
                                  0x8 (size before relaxing)
 .ARM.exidx.text._Z11GyroCurrentv
                0x03808a74        0x0 build/src/functions.o
                                  0x8 (size before relaxing)
 .ARM.exidx.text._Z12AccelCurrentv
                0x03808a74        0x0 build/src/functions.o
                                  0x8 (size before relaxing)
 .ARM.exidx.text._Z8autoLoopv
                0x03808a74        0x0 build/src/main.o
                                  0x8 (size before relaxing)
 .ARM.exidx.text._Z14ControllerLoopv
                0x03808a74        0x0 build/src/main.o
                                  0x8 (size before relaxing)
 .ARM.exidx.text.main
                0x03808a74        0x0 build/src/main.o
                                  0x8 (size before relaxing)
 .ARM.exidx.text._ZN3vex6visionC2IJNS0_9signatureES2_S2_S2_S2_S2_S2_EEElhDpRT_
                0x03808a74        0x0 build/src/config.o
                                  0x8 (size before relaxing)
 .ARM.exidx.text._ZN3vex6vision7_setsigINS0_9signatureEJS2_S2_S2_S2_EEEvRT_DpRT0_
                0x03808a74        0x0 build/src/config.o
                                  0x8 (size before relaxing)
 .ARM.exidx.text._GLOBAL__sub_I_config.cpp
                0x03808a74        0x0 build/src/config.o
                                  0x8 (size before relaxing)
 .ARM.exidx.text._Z13FieldTemplatev
                0x03808a74        0x0 build/src/VirtualField.o
                                  0x8 (size before relaxing)
 .ARM.exidx.text._Z13RobotTemplateddd
                0x03808a74        0x0 build/src/VirtualField.o
                                  0x8 (size before relaxing)
 .ARM.exidx.text._Z17StartVirtualFieldiii
                0x03808a74        0x0 build/src/FieldVirtualization.o
                                  0x8 (size before relaxing)
 .ARM.exidx.text._Z12VirtualFieldv
                0x03808a74        0x0 build/src/FieldVirtualization.o
                                  0x8 (size before relaxing)
 .ARM.exidx.text._Z3RF3v
                0x03808a74        0x0 build/src/Auton/RF3.o
                                  0x8 (size before relaxing)
 .ARM.exidx.text._Z6Skillsv
                0x03808a74        0x0 build/src/Auton/Skills.o
                                  0x8 (size before relaxing)
 .ARM.exidx.text._Z3BF3v
                0x03808a74        0x0 build/src/Auton/BF3.o
                                  0x8 (size before relaxing)
 .ARM.exidx.text._Z3RB5v
                0x03808a74        0x0 build/src/Auton/RB5.o
                                  0x8 (size before relaxing)
 .ARM.exidx.text._Z3BB1v
                0x03808a74        0x0 build/src/Auton/BB1.o
                                  0x8 (size before relaxing)
 .ARM.exidx.text._Z3RB1v
                0x03808a74        0x0 build/src/Auton/RB1.o
                                  0x8 (size before relaxing)
 .ARM.exidx.text._Z3BB5v
                0x03808a74        0x0 build/src/Auton/BB5.o
                                  0x8 (size before relaxing)
 .ARM.exidx.text._Z3RF1v
                0x03808a74        0x0 build/src/Auton/RF1.o
                                  0x8 (size before relaxing)
 .ARM.exidx.text._Z16CarterControllerv
                0x03808a74        0x0 build/src/Controller_Profiles/CarterController.o
                                  0x8 (size before relaxing)
 .ARM.exidx.text._Z15OtherControllerv
                0x03808a74        0x0 build/src/Controller_Profiles/OtherController.o
                                  0x8 (size before relaxing)
 *(.gnu.linkonce.armexidix.*.*)
                0x03808a74                __exidx_end = .

.rel.dyn        0x03808a74        0x0
 .rel.iplt      0x00000000        0x0 build/src/functions.o

.preinit_array  0x03808a74        0x0
                0x03808a74                __preinit_array_start = .
 *(SORT(.preinit_array.*))
 *(.preinit_array)
                0x03808a74                __preinit_array_end = .

.init_array     0x03808a74        0xc
                0x03808a74                __init_array_start = .
 *(SORT(.init_array.*))
 *(.init_array)
 .init_array    0x03808a74        0x4 build/src/config.o
 .init_array    0x03808a78        0x4 E:\Applications\Program Files\VEX Robotics\VEXcode V5 Text\sdk/vexv5\libv5rt.a(vex_triport.cpp.obj)
 .init_array    0x03808a7c        0x4 E:\Applications\Program Files\VEX Robotics\VEXcode V5 Text\sdk/vexv5\libv5rt.a(vex_color.cpp.obj)
                0x03808a80                __init_array_end = .

.fini_array     0x03808a80        0x0
                0x03808a80                __fini_array_start = .
 *(SORT(.fini_array.*))
 *(.fini_array)
                0x03808a80                __fini_array_end = .

.ARM.attributes
                0x03808a80       0x3c
                0x03808a80                __ARM.attributes_start = .
 *(.ARM.attributes)
 .ARM.attributes
                0x03808a80       0x3a build/src/functions.o
 .ARM.attributes
                0x03808aba       0x3a build/src/main.o
 .ARM.attributes
                0x03808af4       0x3a build/src/globalVars.o
 .ARM.attributes
                0x03808b2e       0x3a build/src/config.o
 .ARM.attributes
                0x03808b68       0x3a build/src/VirtualField.o
 .ARM.attributes
                0x03808ba2       0x3a build/src/FieldVirtualization.o
 .ARM.attributes
                0x03808bdc       0x3a build/src/Auton/RF3.o
 .ARM.attributes
                0x03808c16       0x3a build/src/Auton/Skills.o
 .ARM.attributes
                0x03808c50       0x3a build/src/Auton/BF3.o
 .ARM.attributes
                0x03808c8a       0x3a build/src/Auton/RB5.o
 .ARM.attributes
                0x03808cc4       0x3a build/src/Auton/BB1.o
 .ARM.attributes